Component: ARM Compiler 5.06 update 6 (build 750) Tool: armlink [4d35ed]

==============================================================================

Section Cross References

    main.o(i.advertising_init) refers to memseta.o(.text) for __aeabi_memclr4
    main.o(i.advertising_init) refers to ble_advertising.o(i.ble_advertising_init) for ble_advertising_init
    main.o(i.advertising_init) refers to app_error.o(i.app_error_handler_bare) for app_error_handler_bare
    main.o(i.advertising_init) refers to ble_advertising.o(i.ble_advertising_conn_cfg_tag_set) for ble_advertising_conn_cfg_tag_set
    main.o(i.advertising_init) refers to main.o(.data) for .data
    main.o(i.advertising_init) refers to main.o(i.on_adv_evt) for on_adv_evt
    main.o(i.advertising_init) refers to main.o(.bss) for .bss
    main.o(i.assert_nrf_callback) refers to app_error.o(i.app_error_handler) for app_error_handler
    main.o(i.ble_evt_handler) refers to nrf_log_frontend.o(i.nrf_log_frontend_std_0) for nrf_log_frontend_std_0
    main.o(i.ble_evt_handler) refers to app_error.o(i.app_error_handler_bare) for app_error_handler_bare
    main.o(i.ble_evt_handler) refers to bsp.o(i.bsp_indication_set) for bsp_indication_set
    main.o(i.ble_evt_handler) refers to memcpya.o(.text) for __aeabi_memcpy
    main.o(i.ble_evt_handler) refers to nrf_log_frontend.o(log_dynamic_data) for m_nrf_log_app_logs_data_dynamic
    main.o(i.ble_evt_handler) refers to main.o(.data) for .data
    main.o(i.ble_stack_init) refers to nrf_sdh.o(i.nrf_sdh_enable_request) for nrf_sdh_enable_request
    main.o(i.ble_stack_init) refers to app_error.o(i.app_error_handler_bare) for app_error_handler_bare
    main.o(i.ble_stack_init) refers to nrf_sdh_ble.o(i.nrf_sdh_ble_default_cfg_set) for nrf_sdh_ble_default_cfg_set
    main.o(i.ble_stack_init) refers to nrf_sdh_ble.o(i.nrf_sdh_ble_enable) for nrf_sdh_ble_enable
    main.o(i.bsp_event_handler) refers to main.o(i.sleep_mode_enter) for sleep_mode_enter
    main.o(i.bsp_event_handler) refers to app_error.o(i.app_error_handler_bare) for app_error_handler_bare
    main.o(i.bsp_event_handler) refers to ble_advertising.o(i.ble_advertising_restart_without_whitelist) for ble_advertising_restart_without_whitelist
    main.o(i.bsp_event_handler) refers to main.o(.data) for .data
    main.o(i.bsp_event_handler) refers to main.o(.bss) for .bss
    main.o(i.buttons_leds_init) refers to bsp.o(i.bsp_init) for bsp_init
    main.o(i.buttons_leds_init) refers to app_error.o(i.app_error_handler_bare) for app_error_handler_bare
    main.o(i.buttons_leds_init) refers to bsp_btn_ble.o(i.bsp_btn_ble_init) for bsp_btn_ble_init
    main.o(i.buttons_leds_init) refers to main.o(i.bsp_event_handler) for bsp_event_handler
    main.o(i.conn_params_error_handler) refers to app_error.o(i.app_error_handler_bare) for app_error_handler_bare
    main.o(i.conn_params_init) refers to memseta.o(.text) for __aeabi_memclr4
    main.o(i.conn_params_init) refers to ble_conn_params.o(i.ble_conn_params_init) for ble_conn_params_init
    main.o(i.conn_params_init) refers to app_error.o(i.app_error_handler_bare) for app_error_handler_bare
    main.o(i.conn_params_init) refers to main.o(i.on_conn_params_evt) for on_conn_params_evt
    main.o(i.conn_params_init) refers to main.o(i.conn_params_error_handler) for conn_params_error_handler
    main.o(i.defiler) refers to malloc.o(i.free) for free
    main.o(i.enfiler) refers to malloc.o(i.malloc) for malloc
    main.o(i.gap_params_init) refers to app_error.o(i.app_error_handler_bare) for app_error_handler_bare
    main.o(i.gatt_evt_handler) refers to nrf_log_frontend.o(i.nrf_log_frontend_std_2) for nrf_log_frontend_std_2
    main.o(i.gatt_evt_handler) refers to main.o(.data) for .data
    main.o(i.gatt_evt_handler) refers to nrf_log_frontend.o(log_dynamic_data) for m_nrf_log_app_logs_data_dynamic
    main.o(i.gatt_init) refers to nrf_ble_gatt.o(i.nrf_ble_gatt_init) for nrf_ble_gatt_init
    main.o(i.gatt_init) refers to app_error.o(i.app_error_handler_bare) for app_error_handler_bare
    main.o(i.gatt_init) refers to nrf_ble_gatt.o(i.nrf_ble_gatt_att_mtu_periph_set) for nrf_ble_gatt_att_mtu_periph_set
    main.o(i.gatt_init) refers to main.o(i.gatt_evt_handler) for gatt_evt_handler
    main.o(i.gatt_init) refers to main.o(.bss) for .bss
    main.o(i.log_init) refers to nrf_log_frontend.o(i.nrf_log_init) for nrf_log_init
    main.o(i.log_init) refers to app_error.o(i.app_error_handler_bare) for app_error_handler_bare
    main.o(i.log_init) refers to nrf_log_default_backends.o(i.nrf_log_default_backends_init) for nrf_log_default_backends_init
    main.o(i.main) refers to app_timer.o(i.app_timer_init) for app_timer_init
    main.o(i.main) refers to app_error.o(i.app_error_handler_bare) for app_error_handler_bare
    main.o(i.main) refers to main.o(i.uart_init) for uart_init
    main.o(i.main) refers to main.o(i.log_init) for log_init
    main.o(i.main) refers to main.o(i.buttons_leds_init) for buttons_leds_init
[...]
    SEGGER_RTT_WriteNoLock                   0x00022b2d   Thumb Code   102  segger_rtt.o(i.SEGGER_RTT_WriteNoLock)
    SWI0_EGU0_IRQHandler                     0x00022b99   Thumb Code     8  app_timer.o(i.SWI0_EGU0_IRQHandler)
    SWI2_EGU2_IRQHandler                     0x00022ba1   Thumb Code     4  nrf_sdh.o(i.SWI2_EGU2_IRQHandler)
    SystemCoreClockUpdate                    0x00022ba5   Thumb Code     8  system_nrf52840.o(i.SystemCoreClockUpdate)
    SystemInit                               0x00022bb5   Thumb Code   396  system_nrf52840.o(i.SystemInit)
    TIMER0_IRQHandler                        0x00022d7d   Thumb Code    10  nrf_drv_timer.o(i.TIMER0_IRQHandler)
    TIMER1_IRQHandler                        0x00022d91   Thumb Code    10  nrf_drv_timer.o(i.TIMER1_IRQHandler)
    TIMER2_IRQHandler                        0x00022da5   Thumb Code    10  nrf_drv_timer.o(i.TIMER2_IRQHandler)
    UARTE0_UART0_IRQHandler                  0x00022db9   Thumb Code    22  nrf_drv_uart.o(i.UARTE0_UART0_IRQHandler)
    __0sprintf$1                             0x00022ef9   Thumb Code    34  printf1.o(i.__0sprintf$1)
    __1sprintf$1                             0x00022ef9   Thumb Code     0  printf1.o(i.__0sprintf$1)
    __2sprintf                               0x00022ef9   Thumb Code     0  printf1.o(i.__0sprintf$1)
    __aeabi_errno_addr                       0x00022f21   Thumb Code     4  errno.o(i.__aeabi_errno_addr)
    __rt_errno_addr                          0x00022f21   Thumb Code     0  errno.o(i.__aeabi_errno_addr)
    __scatterload_copy                       0x00022f29   Thumb Code    14  handlers.o(i.__scatterload_copy)
    __scatterload_null                       0x00022f37   Thumb Code     2  handlers.o(i.__scatterload_null)
    __scatterload_zeroinit                   0x00022f39   Thumb Code    14  handlers.o(i.__scatterload_zeroinit)
    app_button_enable                        0x000231ed   Thumb Code    32  app_button.o(i.app_button_enable)
    app_button_init                          0x00023211   Thumb Code    96  app_button.o(i.app_button_init)
    app_error_fault_handler                  0x00023281   Thumb Code    80  app_error_weak.o(i.app_error_fault_handler)
    app_error_handler_bare                   0x000232f9   Thumb Code    22  app_error.o(i.app_error_handler_bare)
    app_fifo_get                             0x0002330f   Thumb Code    24  app_fifo.o(i.app_fifo_get)
    app_fifo_init                            0x00023327   Thumb Code    34  app_fifo.o(i.app_fifo_init)
    app_fifo_put                             0x00023349   Thumb Code    26  app_fifo.o(i.app_fifo_put)
    app_timer_cnt_get                        0x00023363   Thumb Code     8  app_timer.o(i.app_timer_cnt_get)
    app_timer_create                         0x0002336d   Thumb Code    56  app_timer.o(i.app_timer_create)
    app_timer_init                           0x000233a9   Thumb Code    70  app_timer.o(i.app_timer_init)
    app_timer_start                          0x00023405   Thumb Code    78  app_timer.o(i.app_timer_start)
    app_timer_stop                           0x00023459   Thumb Code    44  app_timer.o(i.app_timer_stop)
    app_uart_get                             0x00023489   Thumb Code    42  app_uart_fifo.o(i.app_uart_get)
    app_uart_init                            0x000234bd   Thumb Code   176  app_uart_fifo.o(i.app_uart_init)
    app_util_critical_region_enter           0x0002357d   Thumb Code    56  app_util_platform.o(i.app_util_critical_region_enter)
    app_util_critical_region_exit            0x000235c1   Thumb Code    40  app_util_platform.o(i.app_util_critical_region_exit)
    ble_advdata_encode                       0x00023755   Thumb Code   270  ble_advdata.o(i.ble_advdata_encode)
    ble_advdata_set                          0x00023863   Thumb Code   106  ble_advdata.o(i.ble_advdata_set)
    ble_advertising_conn_cfg_tag_set         0x000238cd   Thumb Code     6  ble_advertising.o(i.ble_advertising_conn_cfg_tag_set)
    ble_advertising_init                     0x000238d3   Thumb Code   300  ble_advertising.o(i.ble_advertising_init)
    ble_advertising_on_ble_evt               0x000239ff   Thumb Code    38  ble_advertising.o(i.ble_advertising_on_ble_evt)
    ble_advertising_on_sys_evt               0x00023a25   Thumb Code    50  ble_advertising.o(i.ble_advertising_on_sys_evt)
    ble_advertising_restart_without_whitelist 0x00023a57   Thumb Code    60  ble_advertising.o(i.ble_advertising_restart_without_whitelist)
    ble_advertising_start                    0x00023a93   Thumb Code   256  ble_advertising.o(i.ble_advertising_start)
    ble_conn_params_init                     0x00023b95   Thumb Code   118  ble_conn_params.o(i.ble_conn_params_init)
    ble_nus_init                             0x00023f79   Thumb Code   112  ble_nus.o(i.ble_nus_init)
    ble_nus_on_ble_evt                       0x00023fed   Thumb Code    92  ble_nus.o(i.ble_nus_on_ble_evt)
    ble_nus_string_send                      0x0002404d   Thumb Code    74  ble_nus.o(i.ble_nus_string_send)
    ble_srv_is_notification_enabled          0x00024097   Thumb Code    14  ble_srv_common.o(i.ble_srv_is_notification_enabled)
    bsp_board_button_idx_to_pin              0x000240d5   Thumb Code     6  boards.o(i.bsp_board_button_idx_to_pin)
    bsp_board_button_state_get               0x000240e1   Thumb Code    36  boards.o(i.bsp_board_button_state_get)
    bsp_board_led_invert                     0x00024109   Thumb Code    38  boards.o(i.bsp_board_led_invert)
    bsp_board_led_off                        0x00024135   Thumb Code    10  boards.o(i.bsp_board_led_off)
    bsp_board_led_on                         0x00024145   Thumb Code    10  boards.o(i.bsp_board_led_on)
    bsp_board_led_state_get                  0x00024155   Thumb Code    36  boards.o(i.bsp_board_led_state_get)
    bsp_board_leds_init                      0x0002417d   Thumb Code    38  boards.o(i.bsp_board_leds_init)
    bsp_board_leds_off                       0x000241a9   Thumb Code    18  boards.o(i.bsp_board_leds_off)
    bsp_board_leds_on                        0x000241bb   Thumb Code    18  boards.o(i.bsp_board_leds_on)
    bsp_board_pin_to_button_idx              0x000241cd   Thumb Code    32  boards.o(i.bsp_board_pin_to_button_idx)
    bsp_btn_ble_init                         0x000241f1   Thumb Code    34  bsp_btn_ble.o(i.bsp_btn_ble_init)
    bsp_btn_ble_sleep_mode_prepare           0x00024219   Thumb Code    30  bsp_btn_ble.o(i.bsp_btn_ble_sleep_mode_prepare)
    bsp_button_is_pressed                    0x000242d9   Thumb Code     4  bsp.o(i.bsp_button_is_pressed)
    bsp_event_handler                        0x000242dd   Thumb Code    80  main.o(i.bsp_event_handler)
    bsp_event_to_button_action_assign        0x00024335   Thumb Code    66  bsp.o(i.bsp_event_to_button_action_assign)
    bsp_indication_set                       0x0002437d   Thumb Code    20  bsp.o(i.bsp_indication_set)
    bsp_init                                 0x00024395   Thumb Code   126  bsp.o(i.bsp_init)
    bsp_wakeup_button_enable                 0x000246bd   Thumb Code    16  bsp.o(i.bsp_wakeup_button_enable)
    buffer_is_empty                          0x00024749   Thumb Code    16  nrf_log_frontend.o(i.buffer_is_empty)
    defiler                                  0x00024a85   Thumb Code    34  main.o(i.defiler)
    enfiler                                  0x00024b7d   Thumb Code    52  main.o(i.enfiler)
    free                                     0x00024dc5   Thumb Code    76  malloc.o(i.free)
    gatt_evt_handler                         0x00024e71   Thumb Code    48  main.o(i.gatt_evt_handler)
    gatt_init                                0x00024ec5   Thumb Code    38  main.o(i.gatt_init)
    main                                     0x000253f5   Thumb Code   274  main.o(i.main)
    malloc                                   0x0002552d   Thumb Code    92  malloc.o(i.malloc)
    nrf_atfifo_item_free                     0x00025757   Thumb Code    22  nrf_atfifo.o(i.nrf_atfifo_item_free)
    nrf_atfifo_item_get                      0x0002576d   Thumb Code    28  nrf_atfifo.o(i.nrf_atfifo_item_get)
    nrf_balloc_alloc                         0x00025797   Thumb Code    70  nrf_balloc.o(i.nrf_balloc_alloc)
    nrf_balloc_free                          0x000257eb   Thumb Code    44  nrf_balloc.o(i.nrf_balloc_free)
    nrf_balloc_init                          0x00025821   Thumb Code    50  nrf_balloc.o(i.nrf_balloc_init)
    nrf_ble_gatt_att_mtu_periph_set          0x00025863   Thumb Code    22  nrf_ble_gatt.o(i.nrf_ble_gatt_att_mtu_periph_set)
    nrf_ble_gatt_init                        0x00025879   Thumb Code    46  nrf_ble_gatt.o(i.nrf_ble_gatt_init)
    nrf_ble_gatt_on_ble_evt                  0x000258a9   Thumb Code   150  nrf_ble_gatt.o(i.nrf_ble_gatt_on_ble_evt)
    nrf_drv_clock_init                       0x00025a05   Thumb Code    70  nrf_drv_clock.o(i.nrf_drv_clock_init)
    nrf_drv_clock_lfclk_release              0x00025a59   Thumb Code    38  nrf_drv_clock.o(i.nrf_drv_clock_lfclk_release)
    nrf_drv_common_irq_enable                0x00025a85   Thumb Code    56  nrf_drv_common.o(i.nrf_drv_common_irq_enable)
    nrf_drv_gpiote_in_event_enable           0x00025ac5   Thumb Code   158  nrf_drv_gpiote.o(i.nrf_drv_gpiote_in_event_enable)
    nrf_drv_gpiote_in_init                   0x00025b6d   Thumb Code   174  nrf_drv_gpiote.o(i.nrf_drv_gpiote_in_init)
    nrf_drv_gpiote_in_is_set                 0x00025c29   Thumb Code    14  nrf_drv_gpiote.o(i.nrf_drv_gpiote_in_is_set)
    nrf_drv_gpiote_init                      0x00025c39   Thumb Code    84  nrf_drv_gpiote.o(i.nrf_drv_gpiote_init)
    nrf_drv_gpiote_is_init                   0x00025c95   Thumb Code    14  nrf_drv_gpiote.o(i.nrf_drv_gpiote_is_init)
    nrf_drv_ppi_channel_alloc                0x00025cb9   Thumb Code    84  nrf_drv_ppi.o(i.nrf_drv_ppi_channel_alloc)
    nrf_drv_ppi_channel_assign               0x00025d15   Thumb Code    70  nrf_drv_ppi.o(i.nrf_drv_ppi_channel_assign)
    nrf_drv_ppi_channel_disable              0x00025d61   Thumb Code    50  nrf_drv_ppi.o(i.nrf_drv_ppi_channel_disable)
    nrf_drv_ppi_channel_enable               0x00025d99   Thumb Code    50  nrf_drv_ppi.o(i.nrf_drv_ppi_channel_enable)
    nrf_drv_ppi_channel_free                 0x00025dd1   Thumb Code    58  nrf_drv_ppi.o(i.nrf_drv_ppi_channel_free)
    nrf_drv_ppi_init                         0x00025e15   Thumb Code    20  nrf_drv_ppi.o(i.nrf_drv_ppi_init)
    nrf_drv_ppi_uninit                       0x00025e2d   Thumb Code    82  nrf_drv_ppi.o(i.nrf_drv_ppi_uninit)
    nrf_drv_saadc_buffer_convert             0x00025e91   Thumb Code   164  nrf_drv_saadc.o(i.nrf_drv_saadc_buffer_convert)
    nrf_drv_saadc_channel_init               0x00025f3d   Thumb Code    64  nrf_drv_saadc.o(i.nrf_drv_saadc_channel_init)
    nrf_drv_saadc_init                       0x00025f81   Thumb Code   128  nrf_drv_saadc.o(i.nrf_drv_saadc_init)
    nrf_drv_saadc_sample_task_get            0x00026011   Thumb Code    22  nrf_drv_saadc.o(i.nrf_drv_saadc_sample_task_get)
    nrf_drv_timer_compare                    0x00026031   Thumb Code    36  nrf_drv_timer.o(i.nrf_drv_timer_compare)
    nrf_drv_timer_disable                    0x00026055   Thumb Code    22  nrf_drv_timer.o(i.nrf_drv_timer_disable)
    nrf_drv_timer_enable                     0x00026071   Thumb Code    24  nrf_drv_timer.o(i.nrf_drv_timer_enable)
    nrf_drv_timer_extended_compare           0x0002608d   Thumb Code    48  nrf_drv_timer.o(i.nrf_drv_timer_extended_compare)
    nrf_drv_timer_init                       0x000260bd   Thumb Code   142  nrf_drv_timer.o(i.nrf_drv_timer_init)
    nrf_drv_timer_uninit                     0x00026151   Thumb Code    90  nrf_drv_timer.o(i.nrf_drv_timer_uninit)
    nrf_drv_uart_init                        0x000261b1   Thumb Code   104  nrf_drv_uart.o(i.nrf_drv_uart_init)
    nrf_drv_uart_rx                          0x0002621d   Thumb Code   178  nrf_drv_uart.o(i.nrf_drv_uart_rx)
    nrf_drv_uart_rx_enable                   0x000262d5   Thumb Code    42  nrf_drv_uart.o(i.nrf_drv_uart_rx_enable)
    nrf_drv_uart_tx                          0x00026459   Thumb Code   168  nrf_drv_uart.o(i.nrf_drv_uart_tx)
    nrf_drv_uart_tx_in_progress              0x00026591   Thumb Code    18  nrf_drv_uart.o(i.nrf_drv_uart_tx_in_progress)
    nrf_fprintf                              0x000265a9   Thumb Code    26  nrf_fprintf.o(i.nrf_fprintf)
    nrf_fprintf_buffer_flush                 0x000265c3   Thumb Code    24  nrf_fprintf.o(i.nrf_fprintf_buffer_flush)
    nrf_fprintf_fmt                          0x000265db   Thumb Code   402  nrf_fprintf_format.o(i.nrf_fprintf_fmt)
    nrf_fstorage_is_busy                     0x0002676d   Thumb Code    70  nrf_fstorage.o(i.nrf_fstorage_is_busy)
    nrf_fstorage_sdh_req_handler             0x000267bd   Thumb Code    20  nrf_fstorage_sd.o(i.nrf_fstorage_sdh_req_handler)
    nrf_fstorage_sdh_state_handler           0x000267d5   Thumb Code    28  nrf_fstorage_sd.o(i.nrf_fstorage_sdh_state_handler)
    nrf_fstorage_sys_evt_handler             0x000267f5   Thumb Code    94  nrf_fstorage_sd.o(i.nrf_fstorage_sys_evt_handler)
    nrf_log_backend_add                      0x00026a75   Thumb Code    44  nrf_log_frontend.o(i.nrf_log_backend_add)
    nrf_log_backend_rtt_init                 0x00026aa7   Thumb Code     4  nrf_log_backend_rtt.o(i.nrf_log_backend_rtt_init)
    nrf_log_backend_serial_put               0x00026ac5   Thumb Code   214  nrf_log_backend_serial.o(i.nrf_log_backend_serial_put)
    nrf_log_color_id_get                     0x00026b9d   Thumb Code    42  nrf_log_frontend.o(i.nrf_log_color_id_get)
    nrf_log_default_backends_init            0x00026bcd   Thumb Code    22  nrf_log_default_backends.o(i.nrf_log_default_backends_init)
    nrf_log_frontend_dequeue                 0x00026be9   Thumb Code   530  nrf_log_frontend.o(i.nrf_log_frontend_dequeue)
    nrf_log_frontend_std_0                   0x00026e05   Thumb Code     8  nrf_log_frontend.o(i.nrf_log_frontend_std_0)
    nrf_log_frontend_std_1                   0x00026e0d   Thumb Code    14  nrf_log_frontend.o(i.nrf_log_frontend_std_1)
    nrf_log_frontend_std_2                   0x00026e1b   Thumb Code    16  nrf_log_frontend.o(i.nrf_log_frontend_std_2)
    nrf_log_hexdump_entry_process            0x00026e2d   Thumb Code   142  nrf_log_str_formatter.o(i.nrf_log_hexdump_entry_process)
    nrf_log_init                             0x00026ed5   Thumb Code    70  nrf_log_frontend.o(i.nrf_log_init)
    nrf_log_module_cnt_get                   0x00026f31   Thumb Code    10  nrf_log_frontend.o(i.nrf_log_module_cnt_get)
    nrf_log_module_name_get                  0x00026f45   Thumb Code    26  nrf_log_frontend.o(i.nrf_log_module_name_get)
    nrf_log_panic                            0x00026f65   Thumb Code    34  nrf_log_frontend.o(i.nrf_log_panic)
    nrf_log_std_entry_process                0x00026f8d   Thumb Code   182  nrf_log_str_formatter.o(i.nrf_log_std_entry_process)
    nrf_memobj_alloc                         0x00027043   Thumb Code   102  nrf_memobj.o(i.nrf_memobj_alloc)
    nrf_memobj_free                          0x000270a9   Thumb Code    50  nrf_memobj.o(i.nrf_memobj_free)
    nrf_memobj_get                           0x000270db   Thumb Code    14  nrf_memobj.o(i.nrf_memobj_get)
    nrf_memobj_pool_init                     0x000270e9   Thumb Code     4  nrf_memobj.o(i.nrf_memobj_pool_init)
    nrf_memobj_put                           0x000270ed   Thumb Code    34  nrf_memobj.o(i.nrf_memobj_put)
    nrf_memobj_read                          0x0002710f   Thumb Code    12  nrf_memobj.o(i.nrf_memobj_read)
    nrf_memobj_write                         0x0002711b   Thumb Code    12  nrf_memobj.o(i.nrf_memobj_write)
    nrf_saadc_channel_init                   0x00027139   Thumb Code    98  nrf_saadc.o(i.nrf_saadc_channel_init)
    nrf_sdh_ble_app_ram_start_get            0x000271d9   Thumb Code    18  nrf_sdh_ble.o(i.nrf_sdh_ble_app_ram_start_get)
    nrf_sdh_ble_default_cfg_set              0x000271f1   Thumb Code   234  nrf_sdh_ble.o(i.nrf_sdh_ble_default_cfg_set)
    nrf_sdh_ble_enable                       0x000272f5   Thumb Code    90  nrf_sdh_ble.o(i.nrf_sdh_ble_enable)
    nrf_sdh_disable_request                  0x00027415   Thumb Code    60  nrf_sdh.o(i.nrf_sdh_disable_request)
    nrf_sdh_enable_request                   0x00027455   Thumb Code    74  nrf_sdh.o(i.nrf_sdh_enable_request)
    nrf_sdh_evts_poll                        0x000274ad   Thumb Code    34  nrf_sdh.o(i.nrf_sdh_evts_poll)
    nrf_sdh_is_enabled                       0x000274d5   Thumb Code     6  nrf_sdh.o(i.nrf_sdh_is_enabled)
    nrf_sdh_request_continue                 0x000274e1   Thumb Code    24  nrf_sdh.o(i.nrf_sdh_request_continue)
    nrf_section_iter_init                    0x0002753d   Thumb Code    10  nrf_section_iter.o(i.nrf_section_iter_init)
    nrf_section_iter_next                    0x00027571   Thumb Code    32  nrf_section_iter.o(i.nrf_section_iter_next)
    nrf_strerror_find                        0x00027591   Thumb Code    52  nrf_strerror.o(i.nrf_strerror_find)
    nrf_strerror_get                         0x000275c9   Thumb Code    14  nrf_strerror.o(i.nrf_strerror_get)
    saadc_callback                           0x00027fb1   Thumb Code    58  main.o(i.saadc_callback)
    saadc_init                               0x00027ff1   Thumb Code    82  main.o(i.saadc_init)
    saadc_sampling_event_disable             0x00028051   Thumb Code    24  main.o(i.saadc_sampling_event_disable)
    saadc_sampling_event_enable              0x0002806d   Thumb Code    24  main.o(i.saadc_sampling_event_enable)
    saadc_sampling_event_init                0x00028089   Thumb Code   132  main.o(i.saadc_sampling_event_init)
    saadc_sampling_event_uninit              0x0002811d   Thumb Code    36  main.o(i.saadc_sampling_event_uninit)
    sdk_mapped_flags_bulk_update_by_key      0x00028271   Thumb Code    84  sdk_mapped_flags.o(i.sdk_mapped_flags_bulk_update_by_key)
    sdk_mapped_flags_first_key_index_get     0x000282c5   Thumb Code    34  sdk_mapped_flags.o(i.sdk_mapped_flags_first_key_index_get)
    sdk_mapped_flags_key_list_get            0x000282f7   Thumb Code    72  sdk_mapped_flags.o(i.sdk_mapped_flags_key_list_get)
    sdk_mapped_flags_update_by_key           0x0002833f   Thumb Code    14  sdk_mapped_flags.o(i.sdk_mapped_flags_update_by_key)
    timer_handler                            0x00028735   Thumb Code     2  main.o(i.timer_handler)
    uart_event_handle                        0x00028b15   Thumb Code   132  main.o(i.uart_event_handle)
    nrf_log_backend_rtt_api                  0x00029330   Data          12  nrf_log_backend_rtt.o(.constdata)
    m_ram_start                              0x000293c8   Data           4  nrf_sdh_ble.o(.constdata)
    __ctype_table                            0x000293f4   Data         129  ctype_o.o(.constdata)
    Region$$Table$$Base                      0x00029b20   Number         0  anon$$obj.o(Region$$Table)
    Region$$Table$$Limit                     0x00029b40   Number         0  anon$$obj.o(Region$$Table)
    log_const_data$$Base                     0x00029b40   Number         0  nrf_ble_gatt.o(log_const_data)
    m_nrf_log_ble_gatt_logs_data_const       0x00029b40   Data           8  nrf_ble_gatt.o(log_const_data)
    m_nrf_log_clock_logs_data_const          0x00029b48   Data           8  nrf_drv_clock.o(log_const_data)
    m_nrf_log_gpiote_logs_data_const         0x00029b50   Data           8  nrf_drv_gpiote.o(log_const_data)
    m_nrf_log_uart_logs_data_const           0x00029b58   Data           8  nrf_drv_uart.o(log_const_data)
    m_nrf_log_saadc_logs_data_const          0x00029b60   Data           8  nrf_drv_saadc.o(log_const_data)
    m_nrf_log_timer_logs_data_const          0x00029b68   Data           8  nrf_drv_timer.o(log_const_data)
    m_nrf_log_ppi_logs_data_const            0x00029b70   Data           8  nrf_drv_ppi.o(log_const_data)
    m_nrf_log_hardfault_logs_data_const      0x00029b78   Data           8  hardfault_implementation.o(log_const_data)
    m_nrf_log_balloc_logs_data_const         0x00029b80   Data           8  nrf_balloc.o(log_const_data)
    m_nrf_log_pwr_mgmt_logs_data_const       0x00029b88   Data           8  nrf_pwr_mgmt.o(log_const_data)
    m_nrf_log_app_logs_data_const            0x00029b90   Data           8  nrf_log_frontend.o(log_const_data)
    m_nrf_log_nrf_sdh_logs_data_const        0x00029b98   Data           8  nrf_sdh.o(log_const_data)
    m_nrf_log_nrf_sdh_ble_logs_data_const    0x00029ba0   Data           8  nrf_sdh_ble.o(log_const_data)
    m_nrf_log_nrf_sdh_soc_logs_data_const    0x00029ba8   Data           8  nrf_sdh_soc.o(log_const_data)
    log_const_data$$Limit                    0x00029bb0   Number         0  nrf_sdh_soc.o(log_const_data)
    sdh_ble_observers0$$Base                 0x00029bb0   Number         0  ble_conn_state.o(sdh_ble_observers0)
    sdh_ble_observers0$$Limit                0x00029bb8   Number         0  ble_conn_state.o(sdh_ble_observers0)
    sdh_ble_observers1$$Base                 0x00029bb8   Number         0  main.o(sdh_ble_observers1)
    sdh_ble_observers1$$Limit                0x00029bd8   Number         0  ble_conn_params.o(sdh_ble_observers1)
    sdh_ble_observers2$$Base                 0x00029bd8   Number         0  main.o(sdh_ble_observers2)
    sdh_ble_observers2$$Limit                0x00029be0   Number         0  main.o(sdh_ble_observers2)
    sdh_ble_observers3$$Base                 0x00029be0   Number         0  main.o(sdh_ble_observers3)
    m_req_obs                                0x00029be8   Data           8  nrf_fstorage_sd.o(sdh_req_observers0)
    sdh_ble_observers3$$Limit                0x00029be8   Number         0  main.o(sdh_ble_observers3)
    sdh_req_observers0$$Base                 0x00029be8   Number         0  nrf_fstorage_sd.o(sdh_req_observers0)
    sdh_req_observers0$$Limit                0x00029bf0   Number         0  nrf_fstorage_sd.o(sdh_req_observers0)
    sdh_soc_observers0$$Base                 0x00029bf0   Number         0  nrf_drv_clock.o(sdh_soc_observers0)
    sdh_soc_observers0$$Limit                0x00029c00   Number         0  nrf_fstorage_sd.o(sdh_soc_observers0)
    sdh_soc_observers1$$Base                 0x00029c00   Number         0  main.o(sdh_soc_observers1)
    sdh_soc_observers1$$Limit                0x00029c08   Number         0  main.o(sdh_soc_observers1)
    sdh_stack_observers0$$Base               0x00029c08   Number         0  nrf_sdh_ble.o(sdh_stack_observers0)
    sdh_stack_observers0$$Limit              0x00029c18   Number         0  nrf_sdh_soc.o(sdh_stack_observers0)
    sdh_state_observers0$$Base               0x00029c18   Number         0  nrf_drv_clock.o(sdh_state_observers0)
    sdh_state_observers0$$Limit              0x00029c28   Number         0  nrf_fstorage_sd.o(sdh_state_observers0)
    Image$$RW_IRAM1$$Base                    0x20002a18   Number         0  anon$$obj.o ABSOLUTE
    is_nested                                0x20002a1d   Data           1  main.o(.data)
    sampling_frequency                       0x20002a24   Data           4  main.o(.data)
    taille_fifo                              0x20002a28   Data           4  main.o(.data)
    SystemCoreClock                          0x20002afc   Data           4  system_nrf52840.o(.data)
    __microlib_freelist                      0x20002b00   Data           4  mvars.o(.data)
    __microlib_freelist_initialised          0x20002b04   Data           4  mvars.o(.data)
    log_dynamic_data$$Base                   0x20002b0c   Number         0  nrf_ble_gatt.o(log_dynamic_data)
    m_nrf_log_ble_gatt_logs_data_dynamic     0x20002b0c   Data          12  nrf_ble_gatt.o(log_dynamic_data)
    m_nrf_log_clock_logs_data_dynamic        0x20002b18   Data          12  nrf_drv_clock.o(log_dynamic_data)
    m_nrf_log_gpiote_logs_data_dynamic       0x20002b24   Data          12  nrf_drv_gpiote.o(log_dynamic_data)
    m_nrf_log_uart_logs_data_dynamic         0x20002b30   Data          12  nrf_drv_uart.o(log_dynamic_data)
    m_nrf_log_saadc_logs_data_dynamic        0x20002b3c   Data          12  nrf_drv_saadc.o(log_dynamic_data)
    m_nrf_log_timer_logs_data_dynamic        0x20002b48   Data          12  nrf_drv_timer.o(log_dynamic_data)
    m_nrf_log_ppi_logs_data_dynamic          0x20002b54   Data          12  nrf_drv_ppi.o(log_dynamic_data)
    m_nrf_log_hardfault_logs_data_dynamic    0x20002b60   Data          12  hardfault_implementation.o(log_dynamic_data)
    m_nrf_log_balloc_logs_data_dynamic       0x20002b6c   Data          12  nrf_balloc.o(log_dynamic_data)
    m_nrf_log_pwr_mgmt_logs_data_dynamic     0x20002b78   Data          12  nrf_pwr_mgmt.o(log_dynamic_data)
    m_nrf_log_app_logs_data_dynamic          0x20002b84   Data          12  nrf_log_frontend.o(log_dynamic_data)
    m_nrf_log_nrf_sdh_logs_data_dynamic      0x20002b90   Data          12  nrf_sdh.o(log_dynamic_data)
    m_nrf_log_nrf_sdh_ble_logs_data_dynamic  0x20002b9c   Data          12  nrf_sdh_ble.o(log_dynamic_data)
    m_nrf_log_nrf_sdh_soc_logs_data_dynamic  0x20002ba8   Data          12  nrf_sdh_soc.o(log_dynamic_data)
    nrf_nvic_state                           0x200030c0   Data          12  app_util_platform.o(.bss)
    _SEGGER_RTT                              0x2000369c   Data         120  segger_rtt.o(.bss)
    __heap_base                              0x20003928   Data           0  arm_startup_nrf52840.o(HEAP)
    __heap_limit                             0x20005928   Data           0  arm_startup_nrf52840.o(HEAP)
    __initial_sp                             0x20007928   Data           0  arm_startup_nrf52840.o(STACK)



==============================================================================

Memory Map of the image

  Image Entry point : 0x00022201

  Load Region LR_IROM1 (Base: 0x00022000, Size: 0x00007dc4, Max: 0x000de000, ABSOLUTE, COMPRESSED[0x00007c70])

    Execution Region ER_IROM1 (Exec base: 0x00022000, Load base: 0x00022000, Size: 0x00007c28, Max: 0x000de000, ABSOLUTE)

    Exec Addr    Load Addr    Size         Type   Attr      Idx    E Section Name        Object

    0x00022000   0x00022000   0x00000200   Data   RO         5080    RESET               arm_startup_nrf52840.o
    0x00022200   0x00022200   0x00000000   Code   RO         5156  * .ARM.Collect$$$$00000000  mc_w.l(entry.o)
    0x00022200   0x00022200   0x00000004   Code   RO         5490    .ARM.Collect$$$$00000001  mc_w.l(entry2.o)
    0x00022204   0x00022204   0x00000004   Code   RO         5493    .ARM.Collect$$$$00000004  mc_w.l(entry5.o)
    0x00022208   0x00022208   0x00000000   Code   RO         5495    .ARM.Collect$$$$00000008  mc_w.l(entry7b.o)
    0x00022208   0x00022208   0x00000000   Code   RO         5497    .ARM.Collect$$$$0000000A  mc_w.l(entry8b.o)
    0x00022208   0x00022208   0x00000008   Code   RO         5498    .ARM.Collect$$$$0000000B  mc_w.l(entry9a.o)
    0x00022210   0x00022210   0x00000000   Code   RO         5500    .ARM.Collect$$$$0000000D  mc_w.l(entry10a.o)
    0x00022210   0x00022210   0x00000000   Code   RO         5502    .ARM.Collect$$$$0000000F  mc_w.l(entry11a.o)
    0x00022210   0x00022210   0x00000004   Code   RO         5491    .ARM.Collect$$$$00002712  mc_w.l(entry2.o)
    0x00022214   0x00022214   0x000000c8   Code   RO         3476    .emb_text           nrf_atfifo.o
    0x000222dc   0x000222dc   0x0000009a   Code   RO         3903    .emb_text           nrf_memobj.o
    0x00022376   0x00022376   0x00000002   PAD
    0x00022378   0x00022378   0x0000009a   Code   RO         4373    .emb_text           nrf_log_frontend.o
    0x00022412   0x00022412   0x00000002   PAD
    0x00022414   0x00022414   0x00000024   Code   RO         5081    .text               arm_startup_nrf52840.o
    0x00022438   0x00022438   0x00000062   Code   RO         5159    .text               mc_w.l(uldiv.o)
    0x0002249a   0x0002249a   0x00000002   PAD
    0x0002249c   0x0002249c   0x00000008   Code   RO         5161    .text               mc_w.l(ctype_o.o)
    0x000224a4   0x000224a4   0x00000024   Code   RO         5189    .text               mc_w.l(memcpya.o)
    0x000224c8   0x000224c8   0x00000024   Code   RO         5191    .text               mc_w.l(memseta.o)
    0x000224ec   0x000224ec   0x0000000e   Code   RO         5193    .text               mc_w.l(strlen.o)
    0x000224fa   0x000224fa   0x00000012   Code   RO         5195    .text               mc_w.l(strcpy.o)
    0x0002250c   0x0002250c   0x00000070   Code   RO         5488    .text               mc_w.l(strtol.o)
    0x0002257c   0x0002257c   0x0000002c   Code   RO         5504    .text               mc_w.l(uidiv.o)
    0x000225a8   0x000225a8   0x0000001e   Code   RO         5506    .text               mc_w.l(llshl.o)
    0x000225c6   0x000225c6   0x00000020   Code   RO         5508    .text               mc_w.l(llushr.o)
    0x000225e6   0x000225e6   0x0000009e   Code   RO         5519    .text               mc_w.l(_strtoul.o)
    0x00022684   0x00022684   0x00000024   Code   RO         5532    .text               mc_w.l(init.o)
    0x000226a8   0x000226a8   0x0000001c   Code   RO         5536    .text               mc_w.l(_chval.o)
    0x000226c4   0x000226c4   0x00000056   Code   RO         5548    .text               mc_w.l(__dczerorl2.o)
    0x0002271a   0x0002271a   0x00000002   PAD
    0x0002271c   0x0002271c   0x000001c4   Code   RO         1817    i.GPIOTE_IRQHandler  nrf_drv_gpiote.o
    0x000228e0   0x000228e0   0x00000018   Code   RO         3059    i.NVIC_ClearPendingIRQ  app_timer.o
    0x000228f8   0x000228f8   0x00000016   Code   RO         3060    i.NVIC_EnableIRQ    app_timer.o
    0x0002290e   0x0002290e   0x00000002   PAD
    0x00022910   0x00022910   0x00000018   Code   RO         3061    i.NVIC_SetPendingIRQ  app_timer.o
    0x00022928   0x00022928   0x00000028   Code   RO         3062    i.NVIC_SetPriority  app_timer.o
    0x00022950   0x00022950   0x00000058   Code   RO         1596    i.POWER_CLOCK_IRQHandler  nrf_drv_clock.o
    0x000229a8   0x000229a8   0x00000034   Code   RO         3063    i.RTC1_IRQHandler   app_timer.o
    0x000229dc   0x000229dc   0x0000014c   Code   RO         2354    i.SAADC_IRQHandler  nrf_drv_saadc.o
    0x00022b28   0x00022b28   0x00000004   Code   RO         4625    i.SEGGER_RTT_Init   segger_rtt.o
    0x00022b2c   0x00022b2c   0x0000006c   Code   RO         4639    i.SEGGER_RTT_WriteNoLock  segger_rtt.o
    0x00022b98   0x00022b98   0x00000008   Code   RO         3064    i.SWI0_EGU0_IRQHandler  app_timer.o
    0x00022ba0   0x00022ba0   0x00000004   Code   RO         4874    i.SWI2_EGU2_IRQHandler  nrf_sdh.o
    0x00022ba4   0x00022ba4   0x00000010   Code   RO         5088    i.SystemCoreClockUpdate  system_nrf52840.o
    0x00022bb4   0x00022bb4   0x000001c8   Code   RO         5089    i.SystemInit        system_nrf52840.o
    0x00022d7c   0x00022d7c   0x00000014   Code   RO         2495    i.TIMER0_IRQHandler  nrf_drv_timer.o
    0x00022d90   0x00022d90   0x00000014   Code   RO         2496    i.TIMER1_IRQHandler  nrf_drv_timer.o
    0x00022da4   0x00022da4   0x00000014   Code   RO         2497    i.TIMER2_IRQHandler  nrf_drv_timer.o
    0x00022db8   0x00022db8   0x00000020   Code   RO         2081    i.UARTE0_UART0_IRQHandler  nrf_drv_uart.o
    0x00022dd8   0x00022dd8   0x00000068   Code   RO         4643    i._DoInit           segger_rtt.o
    0x00022e40   0x00022e40   0x00000018   Code   RO         4644    i._GetAvailWriteSpace  segger_rtt.o
    0x00022e58   0x00022e58   0x0000005c   Code   RO         4646    i._WriteBlocking    segger_rtt.o
    0x00022eb4   0x00022eb4   0x00000044   Code   RO         4647    i._WriteNoCheck     segger_rtt.o
    0x00022ef8   0x00022ef8   0x00000028   Code   RO         5246    i.__0sprintf$1      mc_w.l(printf1.o)
    0x00022f20   0x00022f20   0x00000008   Code   RO         5512    i.__aeabi_errno_addr  mc_w.l(errno.o)
    0x00022f28   0x00022f28   0x0000000e   Code   RO         5542    i.__scatterload_copy  mc_w.l(handlers.o)
    0x00022f36   0x00022f36   0x00000002   Code   RO         5543    i.__scatterload_null  mc_w.l(handlers.o)
    0x00022f38   0x00022f38   0x0000000e   Code   RO         5544    i.__scatterload_zeroinit  mc_w.l(handlers.o)
    0x00022f46   0x00022f46   0x00000002   PAD
    0x00022f48   0x00022f48   0x00000030   Code   RO         4875    i.__sd_nvic_app_accessible_irq  nrf_sdh.o
    0x00022f78   0x00022f78   0x00000154   Code   RO         5251    i._printf_core      mc_w.l(printf1.o)
    0x000230cc   0x000230cc   0x0000000a   Code   RO         5253    i._sputc            mc_w.l(printf1.o)
    0x000230d6   0x000230d6   0x00000014   Code   RO          920    i.addr_is_valid     ble_advertising.o
    0x000230ea   0x000230ea   0x00000048   Code   RO          921    i.adv_mode_next_avail_get  ble_advertising.o
    0x00023132   0x00023132   0x0000000e   Code   RO          922    i.adv_mode_next_get  ble_advertising.o
    0x00023140   0x00023140   0x0000000e   Code   RO          807    i.advdata_check     ble_advdata.o
    0x0002314e   0x0002314e   0x00000036   Code   RO          711    i.advertising_buttons_configure  bsp_btn_ble.o
    0x00023184   0x00023184   0x00000060   Code   RO            4    i.advertising_init  main.o
    0x000231e4   0x000231e4   0x00000006   Code   RO          594    i.alert_timer_handler  bsp.o
    0x000231ea   0x000231ea   0x00000002   PAD
    0x000231ec   0x000231ec   0x00000024   Code   RO         2789    i.app_button_enable  app_button.o
    0x00023210   0x00023210   0x00000070   Code   RO         2790    i.app_button_init   app_button.o
    0x00023280   0x00023280   0x00000078   Code   RO         2890    i.app_error_fault_handler  app_error_weak.o
    0x000232f8   0x000232f8   0x00000016   Code   RO         2851    i.app_error_handler_bare  app_error.o
    0x0002330e   0x0002330e   0x00000018   Code   RO         2931    i.app_fifo_get      app_fifo.o
    0x00023326   0x00023326   0x00000022   Code   RO         2932    i.app_fifo_init     app_fifo.o
    0x00023348   0x00023348   0x0000001a   Code   RO         2934    i.app_fifo_put      app_fifo.o
    0x00023362   0x00023362   0x00000008   Code   RO         3066    i.app_timer_cnt_get  app_timer.o
    0x0002336a   0x0002336a   0x00000002   PAD
    0x0002336c   0x0002336c   0x0000003c   Code   RO         3067    i.app_timer_create  app_timer.o
    0x000233a8   0x000233a8   0x0000005c   Code   RO         3068    i.app_timer_init    app_timer.o
    0x00023404   0x00023404   0x00000054   Code   RO         3071    i.app_timer_start   app_timer.o
    0x00023458   0x00023458   0x00000030   Code   RO         3072    i.app_timer_stop    app_timer.o
    0x00023488   0x00023488   0x00000034   Code   RO         3285    i.app_uart_get      app_uart_fifo.o
    0x000234bc   0x000234bc   0x000000c0   Code   RO         3286    i.app_uart_init     app_uart_fifo.o
    0x0002357c   0x0002357c   0x00000044   Code   RO         3343    i.app_util_critical_region_enter  app_util_platform.o
    0x000235c0   0x000235c0   0x00000030   Code   RO         3344    i.app_util_critical_region_exit  app_util_platform.o
    0x000235f0   0x000235f0   0x00000048   Code   RO          808    i.appearance_encode  ble_advdata.o
    0x00023638   0x00023638   0x000000dc   Code   RO         2082    i.apply_config      nrf_drv_uart.o
    0x00023714   0x00023714   0x0000000c   Code   RO         2630    i.are_app_channels  nrf_drv_ppi.o
    0x00023720   0x00023720   0x00000034   Code   RO         4374    i.backend_id_assign  nrf_log_frontend.o
    0x00023754   0x00023754   0x0000010e   Code   RO          809    i.ble_advdata_encode  ble_advdata.o
    0x00023862   0x00023862   0x0000006a   Code   RO          810    i.ble_advdata_set   ble_advdata.o
    0x000238cc   0x000238cc   0x00000006   Code   RO          923    i.ble_advertising_conn_cfg_tag_set  ble_advertising.o
    0x000238d2   0x000238d2   0x0000012c   Code   RO          924    i.ble_advertising_init  ble_advertising.o
    0x000239fe   0x000239fe   0x00000026   Code   RO          926    i.ble_advertising_on_ble_evt  ble_advertising.o
    0x00023a24   0x00023a24   0x00000032   Code   RO          927    i.ble_advertising_on_sys_evt  ble_advertising.o
    0x00023a56   0x00023a56   0x0000003c   Code   RO          929    i.ble_advertising_restart_without_whitelist  ble_advertising.o
    0x00023a92   0x00023a92   0x00000100   Code   RO          930    i.ble_advertising_start  ble_advertising.o
    0x00023b92   0x00023b92   0x00000002   PAD
    0x00023b94   0x00023b94   0x00000084   Code   RO         1066    i.ble_conn_params_init  ble_conn_params.o
    0x00023c18   0x00023c18   0x00000066   Code   RO          811    i.ble_device_addr_encode  ble_advdata.o
    0x00023c7e   0x00023c7e   0x00000002   PAD
    0x00023c80   0x00023c80   0x000001f8   Code   RO            6    i.ble_evt_handler   main.o
    0x00023e78   0x00023e78   0x00000048   Code   RO          712    i.ble_evt_handler   bsp_btn_ble.o
    0x00023ec0   0x00023ec0   0x00000024   Code   RO         1068    i.ble_evt_handler   ble_conn_params.o
    0x00023ee4   0x00023ee4   0x00000094   Code   RO         1187    i.ble_evt_handler   ble_conn_state.o
    0x00023f78   0x00023f78   0x00000074   Code   RO         1531    i.ble_nus_init      ble_nus.o
    0x00023fec   0x00023fec   0x00000060   Code   RO         1532    i.ble_nus_on_ble_evt  ble_nus.o
    0x0002404c   0x0002404c   0x0000004a   Code   RO         1533    i.ble_nus_string_send  ble_nus.o
    0x00024096   0x00024096   0x0000000e   Code   RO         1348    i.ble_srv_is_notification_enabled  ble_srv_common.o
    0x000240a4   0x000240a4   0x0000002e   Code   RO            7    i.ble_stack_init    main.o
    0x000240d2   0x000240d2   0x00000002   PAD
    0x000240d4   0x000240d4   0x0000000c   Code   RO          475    i.bsp_board_button_idx_to_pin  boards.o
    0x000240e0   0x000240e0   0x00000028   Code   RO          476    i.bsp_board_button_state_get  boards.o
    0x00024108   0x00024108   0x0000002c   Code   RO          479    i.bsp_board_led_invert  boards.o
    0x00024134   0x00024134   0x00000010   Code   RO          480    i.bsp_board_led_off  boards.o
    0x00024144   0x00024144   0x00000010   Code   RO          481    i.bsp_board_led_on  boards.o
    0x00024154   0x00024154   0x00000028   Code   RO          482    i.bsp_board_led_state_get  boards.o
    0x0002417c   0x0002417c   0x0000002c   Code   RO          483    i.bsp_board_leds_init  boards.o
    0x000241a8   0x000241a8   0x00000012   Code   RO          484    i.bsp_board_leds_off  boards.o
    0x000241ba   0x000241ba   0x00000012   Code   RO          485    i.bsp_board_leds_on  boards.o
    0x000241cc   0x000241cc   0x00000024   Code   RO          486    i.bsp_board_pin_to_button_idx  boards.o
    0x000241f0   0x000241f0   0x00000028   Code   RO          713    i.bsp_btn_ble_init  bsp_btn_ble.o
    0x00024218   0x00024218   0x0000001e   Code   RO          714    i.bsp_btn_ble_sleep_mode_prepare  bsp_btn_ble.o
    0x00024236   0x00024236   0x00000002   PAD
    0x00024238   0x00024238   0x000000a0   Code   RO          595    i.bsp_button_event_handler  bsp.o
    0x000242d8   0x000242d8   0x00000004   Code   RO          596    i.bsp_button_is_pressed  bsp.o
    0x000242dc   0x000242dc   0x00000058   Code   RO            8    i.bsp_event_handler  main.o
    0x00024334   0x00024334   0x00000048   Code   RO          599    i.bsp_event_to_button_action_assign  bsp.o
    0x0002437c   0x0002437c   0x00000018   Code   RO          600    i.bsp_indication_set  bsp.o
    0x00024394   0x00024394   0x00000094   Code   RO          601    i.bsp_init          bsp.o
    0x00024428   0x00024428   0x00000294   Code   RO          602    i.bsp_led_indication  bsp.o
    0x000246bc   0x000246bc   0x00000010   Code   RO          604    i.bsp_wakeup_button_enable  bsp.o
    0x000246cc   0x000246cc   0x00000064   Code   RO         4375    i.buf_prealloc      nrf_log_frontend.o
    0x00024730   0x00024730   0x00000018   Code   RO         3646    i.buffer_add        nrf_fprintf_format.o
    0x00024748   0x00024748   0x00000014   Code   RO         4376    i.buffer_is_empty   nrf_log_frontend.o
    0x0002475c   0x0002475c   0x00000008   Code   RO          605    i.button_timer_handler  bsp.o
    0x00024764   0x00024764   0x00000038   Code   RO            9    i.buttons_leds_init  main.o
    0x0002479c   0x0002479c   0x0000001c   Code   RO         1818    i.channel_free      nrf_drv_gpiote.o
    0x000247b8   0x000247b8   0x00000054   Code   RO         1819    i.channel_port_alloc  nrf_drv_gpiote.o
    0x0002480c   0x0002480c   0x00000010   Code   RO         1820    i.channel_port_get  nrf_drv_gpiote.o
    0x0002481c   0x0002481c   0x00000028   Code   RO         1597    i.clock_clk_started_notify  nrf_drv_clock.o
    0x00024844   0x00024844   0x0000008c   Code   RO         3074    i.compare_reg_update  app_timer.o
    0x000248d0   0x000248d0   0x00000040   Code   RO          812    i.conn_int_check    ble_advdata.o
    0x00024910   0x00024910   0x0000005a   Code   RO          813    i.conn_int_encode   ble_advdata.o
    0x0002496a   0x0002496a   0x00000004   Code   RO           10    i.conn_params_error_handler  main.o
    0x0002496e   0x0002496e   0x00000002   PAD
    0x00024970   0x00024970   0x0000004c   Code   RO           11    i.conn_params_init  main.o
    0x000249bc   0x000249bc   0x0000004c   Code   RO         1069    i.conn_params_negotiation  ble_conn_params.o
    0x00024a08   0x00024a08   0x00000036   Code   RO          715    i.connection_buttons_configure  bsp_btn_ble.o
    0x00024a3e   0x00024a3e   0x00000002   PAD
    0x00024a40   0x00024a40   0x00000044   Code   RO         1409    i.data_length_update  nrf_ble_gatt.o
    0x00024a84   0x00024a84   0x00000022   Code   RO           12    i.defiler           main.o
    0x00024aa6   0x00024aa6   0x00000002   PAD
    0x00024aa8   0x00024aa8   0x00000070   Code   RO         2792    i.detection_delay_timeout_handler  app_button.o
    0x00024b18   0x00024b18   0x00000064   Code   RO         3075    i.elapsed_ticks_acquire  app_timer.o
    0x00024b7c   0x00024b7c   0x00000034   Code   RO           13    i.enfiler           main.o
    0x00024bb0   0x00024bb0   0x0000000a   Code   RO         3758    i.erase_execute     nrf_fstorage_sd.o
    0x00024bba   0x00024bba   0x0000001a   Code   RO         5090    i.errata_103        system_nrf52840.o
    0x00024bd4   0x00024bd4   0x0000001a   Code   RO         5091    i.errata_115        system_nrf52840.o
    0x00024bee   0x00024bee   0x0000001a   Code   RO         5092    i.errata_120        system_nrf52840.o
    0x00024c08   0x00024c08   0x00000032   Code   RO         5093    i.errata_136        system_nrf52840.o
    0x00024c3a   0x00024c3a   0x00000032   Code   RO         5094    i.errata_36         system_nrf52840.o
    0x00024c6c   0x00024c6c   0x00000032   Code   RO         5095    i.errata_66         system_nrf52840.o
    0x00024c9e   0x00024c9e   0x0000001a   Code   RO         5096    i.errata_98         system_nrf52840.o
    0x00024cb8   0x00024cb8   0x00000054   Code   RO         3759    i.event_send        nrf_fstorage_sd.o
    0x00024d0c   0x00024d0c   0x00000058   Code   RO         3076    i.expired_timers_handler  app_timer.o
    0x00024d64   0x00024d64   0x00000014   Code   RO         2937    i.fifo_get          app_fifo.o
    0x00024d78   0x00024d78   0x00000012   Code   RO         2938    i.fifo_put          app_fifo.o
    0x00024d8a   0x00024d8a   0x00000032   Code   RO          814    i.flags_encode      ble_advdata.o
    0x00024dbc   0x00024dbc   0x00000006   Code   RO          932    i.flash_access_in_progress  ble_advertising.o
    0x00024dc2   0x00024dc2   0x00000002   PAD
    0x00024dc4   0x00024dc4   0x00000050   Code   RO         5460    i.free              mc_w.l(malloc.o)
    0x00024e14   0x00024e14   0x0000005c   Code   RO           14    i.gap_params_init   main.o
    0x00024e70   0x00024e70   0x00000054   Code   RO           15    i.gatt_evt_handler  main.o
    0x00024ec4   0x00024ec4   0x00000030   Code   RO           16    i.gatt_init         main.o
    0x00024ef4   0x00024ef4   0x00000058   Code   RO         2793    i.gpiote_event_handler  app_button.o
    0x00024f4c   0x00024f4c   0x00000028   Code   RO         1070    i.instance_get      ble_conn_params.o
    0x00024f74   0x00024f74   0x000000b2   Code   RO         3647    i.int_print         nrf_fprintf_format.o
    0x00025026   0x00025026   0x00000002   PAD
    0x00025028   0x00025028   0x0000008c   Code   RO         2083    i.interrupts_enable  nrf_drv_uart.o
    0x000250b4   0x000250b4   0x00000050   Code   RO         2498    i.irq_handler       nrf_drv_timer.o
    0x00025104   0x00025104   0x00000018   Code   RO         2631    i.is_allocated_channel  nrf_drv_ppi.o
    0x0002511c   0x0002511c   0x0000000a   Code   RO         2633    i.is_app_channel    nrf_drv_ppi.o
    0x00025126   0x00025126   0x0000004c   Code   RO         1071    i.is_conn_params_ok  ble_conn_params.o
    0x00025172   0x00025172   0x0000000c   Code   RO         2635    i.is_programmable_app_channel  nrf_drv_ppi.o
    0x0002517e   0x0002517e   0x0000000e   Code   RO         1600    i.item_dequeue      nrf_drv_clock.o
    0x0002518c   0x0002518c   0x0000002c   Code   RO          606    i.leds_off          bsp.o
    0x000251b8   0x000251b8   0x00000014   Code   RO          607    i.leds_timer_handler  bsp.o
    0x000251cc   0x000251cc   0x00000028   Code   RO         1603    i.lfclk_stop        nrf_drv_clock.o
    0x000251f4   0x000251f4   0x00000014   Code   RO         1410    i.link_init         nrf_ble_gatt.o
    0x00025208   0x00025208   0x0000013c   Code   RO         3077    i.list_insertions_handler  app_timer.o
    0x00025344   0x00025344   0x00000016   Code   RO           17    i.log_init          main.o
    0x0002535a   0x0002535a   0x00000002   PAD
    0x0002535c   0x0002535c   0x00000098   Code   RO         4378    i.log_skip          nrf_log_frontend.o
    0x000253f4   0x000253f4   0x00000138   Code   RO           18    i.main              main.o
    0x0002552c   0x0002552c   0x0000006c   Code   RO         5461    i.malloc            mc_w.l(malloc.o)
    0x00025598   0x00025598   0x00000068   Code   RO          815    i.manuf_specific_data_encode  ble_advdata.o
    0x00025600   0x00025600   0x00000080   Code   RO         3904    i.memobj_op         nrf_memobj.o
    0x00025680   0x00025680   0x0000003c   Code   RO         4379    i.module_idx_get    nrf_log_frontend.o
    0x000256bc   0x000256bc   0x0000009a   Code   RO          816    i.name_encode       ble_advdata.o
    0x00025756   0x00025756   0x00000016   Code   RO         3482    i.nrf_atfifo_item_free  nrf_atfifo.o
    0x0002576c   0x0002576c   0x0000001c   Code   RO         3483    i.nrf_atfifo_item_get  nrf_atfifo.o
    0x00025788   0x00025788   0x0000000e   Code   RO         4380    i.nrf_atomic_flag_set  nrf_log_frontend.o
    0x00025796   0x00025796   0x00000046   Code   RO         3552    i.nrf_balloc_alloc  nrf_balloc.o
    0x000257dc   0x000257dc   0x0000000e   Code   RO         3553    i.nrf_balloc_block2idx  nrf_balloc.o
    0x000257ea   0x000257ea   0x0000002c   Code   RO         3554    i.nrf_balloc_free   nrf_balloc.o
    0x00025816   0x00025816   0x0000000a   Code   RO         3555    i.nrf_balloc_idx2block  nrf_balloc.o
    0x00025820   0x00025820   0x00000032   Code   RO         3556    i.nrf_balloc_init   nrf_balloc.o
    0x00025852   0x00025852   0x00000010   Code   RO         1821    i.nrf_bitmask_bit_is_set  nrf_drv_gpiote.o
    0x00025862   0x00025862   0x00000016   Code   RO         1412    i.nrf_ble_gatt_att_mtu_periph_set  nrf_ble_gatt.o
    0x00025878   0x00025878   0x0000002e   Code   RO         1416    i.nrf_ble_gatt_init  nrf_ble_gatt.o
    0x000258a6   0x000258a6   0x00000002   PAD
    0x000258a8   0x000258a8   0x000000a0   Code   RO         1417    i.nrf_ble_gatt_on_ble_evt  nrf_ble_gatt.o
    0x00025948   0x00025948   0x0000000e   Code   RO         1604    i.nrf_clock_event_check  nrf_drv_clock.o
    0x00025956   0x00025956   0x00000010   Code   RO         1605    i.nrf_clock_event_clear  nrf_drv_clock.o
    0x00025966   0x00025966   0x00000002   PAD
    0x00025968   0x00025968   0x0000009c   Code   RO         3078    i.nrf_delay_us      app_timer.o
    0x00025a04   0x00025a04   0x00000054   Code   RO         1612    i.nrf_drv_clock_init  nrf_drv_clock.o
    0x00025a58   0x00025a58   0x0000002c   Code   RO         1616    i.nrf_drv_clock_lfclk_release  nrf_drv_clock.o
    0x00025a84   0x00025a84   0x00000038   Code   RO         1781    i.nrf_drv_common_irq_enable  nrf_drv_common.o
    0x00025abc   0x00025abc   0x00000006   Code   RO         2085    i.nrf_drv_get_IRQn  nrf_drv_uart.o
    0x00025ac2   0x00025ac2   0x00000002   PAD
    0x00025ac4   0x00025ac4   0x000000a8   Code   RO         1826    i.nrf_drv_gpiote_in_event_enable  nrf_drv_gpiote.o
    0x00025b6c   0x00025b6c   0x000000bc   Code   RO         1827    i.nrf_drv_gpiote_in_init  nrf_drv_gpiote.o
    0x00025c28   0x00025c28   0x0000000e   Code   RO         1828    i.nrf_drv_gpiote_in_is_set  nrf_drv_gpiote.o
    0x00025c36   0x00025c36   0x00000002   PAD
    0x00025c38   0x00025c38   0x0000005c   Code   RO         1830    i.nrf_drv_gpiote_init  nrf_drv_gpiote.o
    0x00025c94   0x00025c94   0x00000014   Code   RO         1831    i.nrf_drv_gpiote_is_init  nrf_drv_gpiote.o
    0x00025ca8   0x00025ca8   0x00000010   Code   RO         2086    i.nrf_drv_is_in_RAM  nrf_drv_uart.o
    0x00025cb8   0x00025cb8   0x0000005c   Code   RO         2636    i.nrf_drv_ppi_channel_alloc  nrf_drv_ppi.o
    0x00025d14   0x00025d14   0x0000004c   Code   RO         2637    i.nrf_drv_ppi_channel_assign  nrf_drv_ppi.o
    0x00025d60   0x00025d60   0x00000038   Code   RO         2638    i.nrf_drv_ppi_channel_disable  nrf_drv_ppi.o
    0x00025d98   0x00025d98   0x00000038   Code   RO         2639    i.nrf_drv_ppi_channel_enable  nrf_drv_ppi.o
    0x00025dd0   0x00025dd0   0x00000044   Code   RO         2641    i.nrf_drv_ppi_channel_free  nrf_drv_ppi.o
    0x00025e14   0x00025e14   0x00000018   Code   RO         2648    i.nrf_drv_ppi_init  nrf_drv_ppi.o
    0x00025e2c   0x00025e2c   0x00000064   Code   RO         2649    i.nrf_drv_ppi_uninit  nrf_drv_ppi.o
    0x00025e90   0x00025e90   0x000000ac   Code   RO         2356    i.nrf_drv_saadc_buffer_convert  nrf_drv_saadc.o
    0x00025f3c   0x00025f3c   0x00000044   Code   RO         2358    i.nrf_drv_saadc_channel_init  nrf_drv_saadc.o
    0x00025f80   0x00025f80   0x00000090   Code   RO         2360    i.nrf_drv_saadc_init  nrf_drv_saadc.o
    0x00026010   0x00026010   0x00000020   Code   RO         2365    i.nrf_drv_saadc_sample_task_get  nrf_drv_saadc.o
    0x00026030   0x00026030   0x00000024   Code   RO         2501    i.nrf_drv_timer_compare  nrf_drv_timer.o
    0x00026054   0x00026054   0x0000001c   Code   RO         2504    i.nrf_drv_timer_disable  nrf_drv_timer.o
    0x00026070   0x00026070   0x0000001c   Code   RO         2505    i.nrf_drv_timer_enable  nrf_drv_timer.o
    0x0002608c   0x0002608c   0x00000030   Code   RO         2506    i.nrf_drv_timer_extended_compare  nrf_drv_timer.o
    0x000260bc   0x000260bc   0x00000094   Code   RO         2508    i.nrf_drv_timer_init  nrf_drv_timer.o
    0x00026150   0x00026150   0x00000060   Code   RO         2511    i.nrf_drv_timer_uninit  nrf_drv_timer.o
    0x000261b0   0x000261b0   0x0000006c   Code   RO         2088    i.nrf_drv_uart_init  nrf_drv_uart.o
    0x0002621c   0x0002621c   0x000000b8   Code   RO         2089    i.nrf_drv_uart_rx   nrf_drv_uart.o
    0x000262d4   0x000262d4   0x00000030   Code   RO         2092    i.nrf_drv_uart_rx_enable  nrf_drv_uart.o
    0x00026304   0x00026304   0x000000a8   Code   RO         2093    i.nrf_drv_uart_rx_for_uart  nrf_drv_uart.o
    0x000263ac   0x000263ac   0x000000ac   Code   RO         2094    i.nrf_drv_uart_rx_for_uarte  nrf_drv_uart.o
    0x00026458   0x00026458   0x000000ac   Code   RO         2096    i.nrf_drv_uart_tx   nrf_drv_uart.o
    0x00026504   0x00026504   0x0000008c   Code   RO         2098    i.nrf_drv_uart_tx_for_uart  nrf_drv_uart.o
    0x00026590   0x00026590   0x00000018   Code   RO         2099    i.nrf_drv_uart_tx_in_progress  nrf_drv_uart.o
    0x000265a8   0x000265a8   0x0000001a   Code   RO         3603    i.nrf_fprintf       nrf_fprintf.o
    0x000265c2   0x000265c2   0x00000018   Code   RO         3604    i.nrf_fprintf_buffer_flush  nrf_fprintf.o
    0x000265da   0x000265da   0x00000192   Code   RO         3648    i.nrf_fprintf_fmt   nrf_fprintf_format.o
    0x0002676c   0x0002676c   0x00000050   Code   RO         3692    i.nrf_fstorage_is_busy  nrf_fstorage.o
    0x000267bc   0x000267bc   0x00000018   Code   RO         3762    i.nrf_fstorage_sdh_req_handler  nrf_fstorage_sd.o
    0x000267d4   0x000267d4   0x00000020   Code   RO         3763    i.nrf_fstorage_sdh_state_handler  nrf_fstorage_sd.o
    0x000267f4   0x000267f4   0x00000068   Code   RO         3764    i.nrf_fstorage_sys_evt_handler  nrf_fstorage_sd.o
    0x0002685c   0x0002685c   0x00000032   Code   RO          488    i.nrf_gpio_cfg      boards.o
    0x0002688e   0x0002688e   0x00000032   Code   RO         1845    i.nrf_gpio_cfg      nrf_drv_gpiote.o
    0x000268c0   0x000268c0   0x00000032   Code   RO         2101    i.nrf_gpio_cfg      nrf_drv_uart.o
    0x000268f2   0x000268f2   0x00000012   Code   RO         2103    i.nrf_gpio_cfg_input  nrf_drv_uart.o
    0x00026904   0x00026904   0x00000014   Code   RO         2104    i.nrf_gpio_cfg_output  nrf_drv_uart.o
    0x00026918   0x00026918   0x00000030   Code   RO          608    i.nrf_gpio_cfg_sense_set  bsp.o
    0x00026948   0x00026948   0x00000030   Code   RO         1847    i.nrf_gpio_cfg_sense_set  nrf_drv_gpiote.o
    0x00026978   0x00026978   0x0000001c   Code   RO          489    i.nrf_gpio_pin_port_decode  boards.o
    0x00026994   0x00026994   0x0000001c   Code   RO         1849    i.nrf_gpio_pin_port_decode  nrf_drv_gpiote.o
    0x000269b0   0x000269b0   0x0000001c   Code   RO         2105    i.nrf_gpio_pin_port_decode  nrf_drv_uart.o
    0x000269cc   0x000269cc   0x00000016   Code   RO         1850    i.nrf_gpio_pin_read  nrf_drv_gpiote.o
    0x000269e2   0x000269e2   0x00000014   Code   RO         2106    i.nrf_gpio_pin_set  nrf_drv_uart.o
    0x000269f6   0x000269f6   0x0000002c   Code   RO          490    i.nrf_gpio_pin_write  boards.o
    0x00026a22   0x00026a22   0x00000002   PAD
    0x00026a24   0x00026a24   0x00000028   Code   RO         1852    i.nrf_gpio_ports_read  nrf_drv_gpiote.o
    0x00026a4c   0x00026a4c   0x00000014   Code   RO         1853    i.nrf_gpiote_event_clear  nrf_drv_gpiote.o
    0x00026a60   0x00026a60   0x00000014   Code   RO         1854    i.nrf_gpiote_event_is_set  nrf_drv_gpiote.o
    0x00026a74   0x00026a74   0x00000030   Code   RO         4381    i.nrf_log_backend_add  nrf_log_frontend.o
    0x00026aa4   0x00026aa4   0x00000002   Code   RO         4242    i.nrf_log_backend_rtt_flush  nrf_log_backend_rtt.o
    0x00026aa6   0x00026aa6   0x00000004   Code   RO         4243    i.nrf_log_backend_rtt_init  nrf_log_backend_rtt.o
    0x00026aaa   0x00026aaa   0x00000002   Code   RO         4244    i.nrf_log_backend_rtt_panic_set  nrf_log_backend_rtt.o
    0x00026aac   0x00026aac   0x00000018   Code   RO         4245    i.nrf_log_backend_rtt_put  nrf_log_backend_rtt.o
    0x00026ac4   0x00026ac4   0x000000d6   Code   RO         4306    i.nrf_log_backend_serial_put  nrf_log_backend_serial.o
    0x00026b9a   0x00026b9a   0x00000002   PAD
    0x00026b9c   0x00026b9c   0x00000030   Code   RO         4383    i.nrf_log_color_id_get  nrf_log_frontend.o
    0x00026bcc   0x00026bcc   0x0000001c   Code   RO         4340    i.nrf_log_default_backends_init  nrf_log_default_backends.o
    0x00026be8   0x00026be8   0x0000021c   Code   RO         4384    i.nrf_log_frontend_dequeue  nrf_log_frontend.o
    0x00026e04   0x00026e04   0x00000008   Code   RO         4386    i.nrf_log_frontend_std_0  nrf_log_frontend.o
    0x00026e0c   0x00026e0c   0x0000000e   Code   RO         4387    i.nrf_log_frontend_std_1  nrf_log_frontend.o
    0x00026e1a   0x00026e1a   0x00000010   Code   RO         4388    i.nrf_log_frontend_std_2  nrf_log_frontend.o
    0x00026e2a   0x00026e2a   0x00000002   PAD
    0x00026e2c   0x00026e2c   0x000000a8   Code   RO         4572    i.nrf_log_hexdump_entry_process  nrf_log_str_formatter.o
    0x00026ed4   0x00026ed4   0x0000005c   Code   RO         4393    i.nrf_log_init      nrf_log_frontend.o
    0x00026f30   0x00026f30   0x00000014   Code   RO         4394    i.nrf_log_module_cnt_get  nrf_log_frontend.o
    0x00026f44   0x00026f44   0x00000020   Code   RO         4397    i.nrf_log_module_name_get  nrf_log_frontend.o
    0x00026f64   0x00026f64   0x00000028   Code   RO         4398    i.nrf_log_panic     nrf_log_frontend.o
    0x00026f8c   0x00026f8c   0x000000b6   Code   RO         4573    i.nrf_log_std_entry_process  nrf_log_str_formatter.o
    0x00027042   0x00027042   0x00000066   Code   RO         3905    i.nrf_memobj_alloc  nrf_memobj.o
    0x000270a8   0x000270a8   0x00000032   Code   RO         3906    i.nrf_memobj_free   nrf_memobj.o
    0x000270da   0x000270da   0x0000000e   Code   RO         3907    i.nrf_memobj_get    nrf_memobj.o
    0x000270e8   0x000270e8   0x00000004   Code   RO         3908    i.nrf_memobj_pool_init  nrf_memobj.o
    0x000270ec   0x000270ec   0x00000022   Code   RO         3909    i.nrf_memobj_put    nrf_memobj.o
    0x0002710e   0x0002710e   0x0000000c   Code   RO         3910    i.nrf_memobj_read   nrf_memobj.o
    0x0002711a   0x0002711a   0x0000000c   Code   RO         3911    i.nrf_memobj_write  nrf_memobj.o
    0x00027126   0x00027126   0x00000002   PAD
    0x00027128   0x00027128   0x00000010   Code   RO         2367    i.nrf_saadc_buffer_init  nrf_drv_saadc.o
    0x00027138   0x00027138   0x00000068   Code   RO         2327    i.nrf_saadc_channel_init  nrf_saadc.o
    0x000271a0   0x000271a0   0x00000014   Code   RO         2368    i.nrf_saadc_channel_input_set  nrf_drv_saadc.o
    0x000271b4   0x000271b4   0x00000010   Code   RO         2369    i.nrf_saadc_event_check  nrf_drv_saadc.o
    0x000271c4   0x000271c4   0x00000014   Code   RO         2370    i.nrf_saadc_event_clear  nrf_drv_saadc.o
    0x000271d8   0x000271d8   0x00000018   Code   RO         4993    i.nrf_sdh_ble_app_ram_start_get  nrf_sdh_ble.o
    0x000271f0   0x000271f0   0x00000104   Code   RO         4994    i.nrf_sdh_ble_default_cfg_set  nrf_sdh_ble.o
    0x000272f4   0x000272f4   0x000000d4   Code   RO         4995    i.nrf_sdh_ble_enable  nrf_sdh_ble.o
    0x000273c8   0x000273c8   0x0000004c   Code   RO         4996    i.nrf_sdh_ble_evts_poll  nrf_sdh_ble.o
    0x00027414   0x00027414   0x00000040   Code   RO         4876    i.nrf_sdh_disable_request  nrf_sdh.o
    0x00027454   0x00027454   0x00000058   Code   RO         4877    i.nrf_sdh_enable_request  nrf_sdh.o
    0x000274ac   0x000274ac   0x00000028   Code   RO         4878    i.nrf_sdh_evts_poll  nrf_sdh.o
    0x000274d4   0x000274d4   0x0000000c   Code   RO         4879    i.nrf_sdh_is_enabled  nrf_sdh.o
    0x000274e0   0x000274e0   0x0000001c   Code   RO         4881    i.nrf_sdh_request_continue  nrf_sdh.o
    0x000274fc   0x000274fc   0x00000040   Code   RO         5049    i.nrf_sdh_soc_evts_poll  nrf_sdh_soc.o
    0x0002753c   0x0002753c   0x0000000a   Code   RO         4071    i.nrf_section_iter_init  nrf_section_iter.o
    0x00027546   0x00027546   0x0000002a   Code   RO         4072    i.nrf_section_iter_item_set  nrf_section_iter.o
    0x00027570   0x00027570   0x00000020   Code   RO         4073    i.nrf_section_iter_next  nrf_section_iter.o
    0x00027590   0x00027590   0x00000038   Code   RO         4106    i.nrf_strerror_find  nrf_strerror.o
    0x000275c8   0x000275c8   0x00000014   Code   RO         4107    i.nrf_strerror_get  nrf_strerror.o
    0x000275dc   0x000275dc   0x0000000a   Code   RO         2107    i.nrf_uart_event_check  nrf_drv_uart.o
    0x000275e6   0x000275e6   0x0000000c   Code   RO         2108    i.nrf_uart_event_clear  nrf_drv_uart.o
    0x000275f2   0x000275f2   0x0000000c   Code   RO         2109    i.nrf_uart_int_enable_check  nrf_drv_uart.o
    0x000275fe   0x000275fe   0x0000000a   Code   RO         2110    i.nrf_uarte_event_check  nrf_drv_uart.o
    0x00027608   0x00027608   0x0000000c   Code   RO         2111    i.nrf_uarte_event_clear  nrf_drv_uart.o
    0x00027614   0x00027614   0x00000114   Code   RO           19    i.nus_data_handler  main.o
    0x00027728   0x00027728   0x00000026   Code   RO           20    i.on_adv_evt        main.o
    0x0002774e   0x0002774e   0x00000002   PAD
    0x00027750   0x00027750   0x0000001c   Code   RO           21    i.on_conn_params_evt  main.o
    0x0002776c   0x0002776c   0x00000036   Code   RO         1072    i.on_conn_params_update  ble_conn_params.o
    0x000277a2   0x000277a2   0x00000002   PAD
    0x000277a4   0x000277a4   0x00000070   Code   RO         1073    i.on_connect        ble_conn_params.o
    0x00027814   0x00027814   0x00000006   Code   RO         1534    i.on_connect        ble_nus.o
    0x0002781a   0x0002781a   0x0000000e   Code   RO          933    i.on_connected      ble_advertising.o
    0x00027828   0x00027828   0x00000070   Code   RO         1418    i.on_connected_evt  nrf_ble_gatt.o
    0x00027898   0x00027898   0x00000048   Code   RO         1419    i.on_data_length_update_evt  nrf_ble_gatt.o
    0x000278e0   0x000278e0   0x0000004c   Code   RO         1420    i.on_data_length_update_request_evt  nrf_ble_gatt.o
    0x0002792c   0x0002792c   0x00000022   Code   RO         1074    i.on_disconnect     ble_conn_params.o
    0x0002794e   0x0002794e   0x00000008   Code   RO         1535    i.on_disconnect     ble_nus.o
    0x00027956   0x00027956   0x00000036   Code   RO          934    i.on_disconnected   ble_advertising.o
    0x0002798c   0x0002798c   0x0000000c   Code   RO         1421    i.on_disconnected_evt  nrf_ble_gatt.o
    0x00027998   0x00027998   0x00000074   Code   RO         1422    i.on_exchange_mtu_request_evt  nrf_ble_gatt.o
    0x00027a0c   0x00027a0c   0x0000004c   Code   RO         1423    i.on_exchange_mtu_rsp_evt  nrf_ble_gatt.o
    0x00027a58   0x00027a58   0x0000001c   Code   RO         3765    i.on_operation_failure  nrf_fstorage_sd.o
    0x00027a74   0x00027a74   0x00000048   Code   RO         3766    i.on_operation_success  nrf_fstorage_sd.o
    0x00027abc   0x00027abc   0x0000002c   Code   RO          935    i.on_timeout        ble_advertising.o
    0x00027ae8   0x00027ae8   0x00000050   Code   RO         1075    i.on_write          ble_conn_params.o
    0x00027b38   0x00027b38   0x0000005e   Code   RO         1536    i.on_write          ble_nus.o
    0x00027b96   0x00027b96   0x00000002   PAD
    0x00027b98   0x00027b98   0x00000018   Code   RO         1855    i.pin_in_use_by_port  nrf_drv_gpiote.o
    0x00027bb0   0x00027bb0   0x00000018   Code   RO         1856    i.pin_in_use_by_te  nrf_drv_gpiote.o
    0x00027bc8   0x00027bc8   0x00000044   Code   RO         4574    i.postfix_process   nrf_log_str_formatter.o
    0x00027c0c   0x00027c0c   0x0000000c   Code   RO           22    i.power_manage      main.o
    0x00027c18   0x00027c18   0x0000005c   Code   RO         4575    i.prefix_process    nrf_log_str_formatter.o
    0x00027c74   0x00027c74   0x00000014   Code   RO         3767    i.queue_free        nrf_fstorage_sd.o
    0x00027c88   0x00027c88   0x00000024   Code   RO         3768    i.queue_load_next   nrf_fstorage_sd.o
    0x00027cac   0x00027cac   0x00000068   Code   RO         3769    i.queue_process     nrf_fstorage_sd.o
    0x00027d14   0x00027d14   0x00000010   Code   RO         4997    i.ram_end_address_get  nrf_sdh_ble.o
    0x00027d24   0x00027d24   0x00000044   Code   RO         1188    i.record_activate   ble_conn_state.o
    0x00027d68   0x00027d68   0x0000001c   Code   RO         1189    i.record_invalidate  ble_conn_state.o
    0x00027d84   0x00027d84   0x00000040   Code   RO         1190    i.record_purge_disconnected  ble_conn_state.o
    0x00027dc4   0x00027dc4   0x00000014   Code   RO         1191    i.record_set_disconnected  ble_conn_state.o
    0x00027dd8   0x00027dd8   0x0000000c   Code   RO         3079    i.rtc1_compare0_set  app_timer.o
    0x00027de4   0x00027de4   0x0000000c   Code   RO         3080    i.rtc1_counter_get  app_timer.o
    0x00027df0   0x00027df0   0x00000018   Code   RO         3081    i.rtc1_init         app_timer.o
    0x00027e08   0x00027e08   0x0000003c   Code   RO         3082    i.rtc1_start        app_timer.o
    0x00027e44   0x00027e44   0x00000058   Code   RO         3083    i.rtc1_stop         app_timer.o
    0x00027e9c   0x00027e9c   0x00000034   Code   RO         2113    i.rx_byte           nrf_drv_uart.o
    0x00027ed0   0x00027ed0   0x000000aa   Code   RO         1537    i.rx_char_add       ble_nus.o
    0x00027f7a   0x00027f7a   0x00000016   Code   RO         2114    i.rx_done_event     nrf_drv_uart.o
    0x00027f90   0x00027f90   0x00000020   Code   RO         2115    i.rx_enable         nrf_drv_uart.o
    0x00027fb0   0x00027fb0   0x00000040   Code   RO           23    i.saadc_callback    main.o
    0x00027ff0   0x00027ff0   0x00000060   Code   RO           24    i.saadc_init        main.o
    0x00028050   0x00028050   0x0000001c   Code   RO           25    i.saadc_sampling_event_disable  main.o
    0x0002806c   0x0002806c   0x0000001c   Code   RO           26    i.saadc_sampling_event_enable  main.o
    0x00028088   0x00028088   0x00000094   Code   RO           27    i.saadc_sampling_event_init  main.o
    0x0002811c   0x0002811c   0x0000002c   Code   RO           28    i.saadc_sampling_event_uninit  main.o
    0x00028148   0x00028148   0x00000048   Code   RO           29    i.sd_nvic_critical_region_enter  main.o
    0x00028190   0x00028190   0x00000030   Code   RO           30    i.sd_nvic_critical_region_exit  main.o
    0x000281c0   0x000281c0   0x00000054   Code   RO         1619    i.sd_state_evt_handler  nrf_drv_clock.o
    0x00028214   0x00028214   0x00000030   Code   RO         4884    i.sdh_request_observer_notify  nrf_sdh.o
    0x00028244   0x00028244   0x0000002c   Code   RO         4885    i.sdh_state_observer_notify  nrf_sdh.o
    0x00028270   0x00028270   0x00000054   Code   RO         4177    i.sdk_mapped_flags_bulk_update_by_key  sdk_mapped_flags.o
    0x000282c4   0x000282c4   0x00000022   Code   RO         4178    i.sdk_mapped_flags_first_key_index_get  sdk_mapped_flags.o
    0x000282e6   0x000282e6   0x00000010   Code   RO         4179    i.sdk_mapped_flags_get_by_index  sdk_mapped_flags.o
    0x000282f6   0x000282f6   0x00000048   Code   RO         4182    i.sdk_mapped_flags_key_list_get  sdk_mapped_flags.o
    0x0002833e   0x0002833e   0x0000000e   Code   RO         4184    i.sdk_mapped_flags_update_by_key  sdk_mapped_flags.o
    0x0002834c   0x0002834c   0x00000010   Code   RO         1076    i.send_error_evt    ble_conn_params.o
    0x0002835c   0x0002835c   0x0000001e   Code   RO         1077    i.send_update_request  ble_conn_params.o
    0x0002837a   0x0002837a   0x0000002e   Code   RO         4246    i.serial_tx         nrf_log_backend_rtt.o
    0x000283a8   0x000283a8   0x0000008c   Code   RO          817    i.service_data_encode  ble_advdata.o
    0x00028434   0x00028434   0x00000020   Code   RO           31    i.services_init     main.o
    0x00028454   0x00028454   0x00000012   Code   RO          936    i.set_adv_mode_directed  ble_advertising.o
    0x00028466   0x00028466   0x0000001a   Code   RO          937    i.set_adv_mode_directed_slow  ble_advertising.o
    0x00028480   0x00028480   0x00000048   Code   RO          938    i.set_adv_mode_fast  ble_advertising.o
    0x000284c8   0x000284c8   0x00000046   Code   RO          939    i.set_adv_mode_slow  ble_advertising.o
    0x0002850e   0x0002850e   0x00000028   Code   RO           32    i.sleep_mode_enter  main.o
    0x00028536   0x00028536   0x0000000a   Code   RO         1620    i.soc_evt_handler   nrf_drv_clock.o
    0x00028540   0x00028540   0x00000040   Code   RO         4886    i.softdevice_evt_irq_disable  nrf_sdh.o
    0x00028580   0x00028580   0x00000070   Code   RO         4887    i.softdevices_evt_irq_enable  nrf_sdh.o
    0x000285f0   0x000285f0   0x0000000e   Code   RO          818    i.srdata_check      ble_advdata.o
    0x000285fe   0x000285fe   0x00000026   Code   RO          716    i.startup_event_extract  bsp_btn_ble.o
    0x00028624   0x00028624   0x00000090   Code   RO         4400    i.std_n             nrf_log_frontend.o
    0x000286b4   0x000286b4   0x0000006a   Code   RO         3649    i.string_print      nrf_fprintf_format.o
    0x0002871e   0x0002871e   0x0000000a   Code   RO         3084    i.ticks_diff_get    app_timer.o
    0x00028728   0x00028728   0x0000000c   Code   RO         3085    i.timeout_handler_exec  app_timer.o
    0x00028734   0x00028734   0x00000002   Code   RO           33    i.timer_handler     main.o
    0x00028736   0x00028736   0x00000002   PAD
    0x00028738   0x00028738   0x00000050   Code   RO         3086    i.timer_list_handler  app_timer.o
    0x00028788   0x00028788   0x0000000a   Code   RO         3087    i.timer_list_handler_sched  app_timer.o
    0x00028792   0x00028792   0x00000002   PAD
    0x00028794   0x00028794   0x00000068   Code   RO         3088    i.timer_list_insert  app_timer.o
    0x000287fc   0x000287fc   0x00000088   Code   RO         3089    i.timer_list_remove  app_timer.o
    0x00028884   0x00028884   0x0000005e   Code   RO         3090    i.timer_start_op_schedule  app_timer.o
    0x000288e2   0x000288e2   0x00000042   Code   RO         3091    i.timer_stop_op_schedule  app_timer.o
    0x00028924   0x00028924   0x00000098   Code   RO         3092    i.timer_timeouts_check  app_timer.o
    0x000289bc   0x000289bc   0x0000000a   Code   RO         3093    i.timer_timeouts_check_sched  app_timer.o
    0x000289c6   0x000289c6   0x00000022   Code   RO         2116    i.tx_byte           nrf_drv_uart.o
    0x000289e8   0x000289e8   0x000000de   Code   RO         1538    i.tx_char_add       ble_nus.o
    0x00028ac6   0x00028ac6   0x0000001a   Code   RO         2117    i.tx_done_event     nrf_drv_uart.o
    0x00028ae0   0x00028ae0   0x00000032   Code   RO          819    i.tx_power_level_encode  ble_advdata.o
    0x00028b12   0x00028b12   0x00000002   PAD
    0x00028b14   0x00028b14   0x000000a4   Code   RO           34    i.uart_event_handle  main.o
    0x00028bb8   0x00028bb8   0x000000ac   Code   RO         3288    i.uart_event_handler  app_uart_fifo.o
    0x00028c64   0x00028c64   0x00000044   Code   RO           35    i.uart_init         main.o
    0x00028ca8   0x00028ca8   0x00000126   Code   RO         2118    i.uart_irq_handler  nrf_drv_uart.o
    0x00028dce   0x00028dce   0x000000f8   Code   RO         2119    i.uarte_irq_handler  nrf_drv_uart.o
    0x00028ec6   0x00028ec6   0x0000000a   Code   RO          820    i.uint16_encode     ble_advdata.o
    0x00028ed0   0x00028ed0   0x000000b0   Code   RO         3650    i.unsigned_print    nrf_fprintf_format.o
    0x00028f80   0x00028f80   0x00000060   Code   RO         1078    i.update_timeout_handler  ble_conn_params.o
    0x00028fe0   0x00028fe0   0x0000003c   Code   RO         3094    i.user_op_alloc     app_timer.o
    0x0002901c   0x0002901c   0x0000000c   Code   RO         3095    i.user_op_enque     app_timer.o
    0x00029028   0x00029028   0x00000038   Code   RO          821    i.uuid_list_encode  ble_advdata.o
    0x00029060   0x00029060   0x000000a4   Code   RO          822    i.uuid_list_sized_encode  ble_advdata.o
    0x00029104   0x00029104   0x00000006   Code   RO          940    i.whitelist_has_entries  ble_advertising.o
    0x0002910a   0x0002910a   0x0000002c   Code   RO         3776    i.write_execute     nrf_fstorage_sd.o
    0x00029136   0x00029136   0x00000002   PAD
    0x00029138   0x00029138   0x00000031   Data   RO           37    .constdata          main.o
    0x00029169   0x00029169   0x00000008   Data   RO          491    .constdata          boards.o
    0x00029171   0x00029171   0x00000003   PAD
    0x00029174   0x00029174   0x0000002c   Data   RO          613    .constdata          bsp.o
    0x000291a0   0x000291a0   0x00000016   Data   RO         1424    .constdata          nrf_ble_gatt.o
    0x000291b6   0x000291b6   0x00000002   PAD
    0x000291b8   0x000291b8   0x00000020   Data   RO         1539    .constdata          ble_nus.o
    0x000291d8   0x000291d8   0x00000008   Data   RO         1858    .constdata          nrf_drv_gpiote.o
    0x000291e0   0x000291e0   0x00000004   Data   RO         2373    .constdata          nrf_drv_saadc.o
    0x000291e4   0x000291e4   0x00000008   Data   RO         2795    .constdata          app_button.o
    0x000291ec   0x000291ec   0x00000020   Data   RO         3290    .constdata          app_uart_fifo.o
    0x0002920c   0x0002920c   0x00000010   Data   RO         3651    .constdata          nrf_fprintf_format.o
    0x0002921c   0x0002921c   0x00000010   Data   RO         3779    .constdata          nrf_fstorage_sd.o
    0x0002922c   0x0002922c   0x00000104   Data   RO         4108    .constdata          nrf_strerror.o
    0x00029330   0x00029330   0x0000000c   Data   RO         4248    .constdata          nrf_log_backend_rtt.o
    0x0002933c   0x0002933c   0x00000014   Data   RO         4403    .constdata          nrf_log_frontend.o
    0x00029350   0x00029350   0x00000010   Data   RO         4888    .constdata          nrf_sdh.o
    0x00029360   0x00029360   0x00000028   Data   RO         4889    .constdata          nrf_sdh.o
    0x00029388   0x00029388   0x00000010   Data   RO         4890    .constdata          nrf_sdh.o
    0x00029398   0x00029398   0x00000010   Data   RO         4891    .constdata          nrf_sdh.o
    0x000293a8   0x000293a8   0x00000020   Data   RO         4998    .constdata          nrf_sdh_ble.o
    0x000293c8   0x000293c8   0x00000010   Data   RO         4999    .constdata          nrf_sdh_ble.o
    0x000293d8   0x000293d8   0x00000010   Data   RO         5050    .constdata          nrf_sdh_soc.o
    0x000293e8   0x000293e8   0x0000000c   Data   RO         5051    .constdata          nrf_sdh_soc.o
    0x000293f4   0x000293f4   0x00000081   Data   RO         5162    .constdata          mc_w.l(ctype_o.o)
    0x00029475   0x00029475   0x00000003   PAD
    0x00029478   0x00029478   0x00000004   Data   RO         5163    .constdata          mc_w.l(ctype_o.o)
    0x0002947c   0x0002947c   0x0000012d   Data   RO         1425    .conststring        nrf_ble_gatt.o
    0x000295a9   0x000295a9   0x00000003   PAD
    0x000295ac   0x000295ac   0x00000307   Data   RO         4109    .conststring        nrf_strerror.o
    0x000298b3   0x000298b3   0x00000001   PAD
    0x000298b4   0x000298b4   0x00000066   Data   RO         4576    .conststring        nrf_log_str_formatter.o
    0x0002991a   0x0002991a   0x00000002   PAD
    0x0002991c   0x0002991c   0x00000188   Data   RO         5000    .conststring        nrf_sdh_ble.o
    0x00029aa4   0x00029aa4   0x00000009   Data   RO         1426    .conststrlit        nrf_ble_gatt.o
    0x00029aad   0x00029aad   0x00000003   PAD
    0x00029ab0   0x00029ab0   0x00000006   Data   RO         1626    .conststrlit        nrf_drv_clock.o
    0x00029ab6   0x00029ab6   0x00000002   PAD
    0x00029ab8   0x00029ab8   0x00000007   Data   RO         1862    .conststrlit        nrf_drv_gpiote.o
    0x00029abf   0x00029abf   0x00000001   PAD
    0x00029ac0   0x00029ac0   0x00000005   Data   RO         2121    .conststrlit        nrf_drv_uart.o
    0x00029ac5   0x00029ac5   0x00000003   PAD
    0x00029ac8   0x00029ac8   0x00000006   Data   RO         2381    .conststrlit        nrf_drv_saadc.o
    0x00029ace   0x00029ace   0x00000002   PAD
    0x00029ad0   0x00029ad0   0x00000006   Data   RO         2514    .conststrlit        nrf_drv_timer.o
    0x00029ad6   0x00029ad6   0x00000002   PAD
    0x00029ad8   0x00029ad8   0x00000004   Data   RO         2664    .conststrlit        nrf_drv_ppi.o
    0x00029adc   0x00029adc   0x0000000a   Data   RO         3413    .conststrlit        hardfault_implementation.o
    0x00029ae6   0x00029ae6   0x00000002   PAD
    0x00029ae8   0x00029ae8   0x00000007   Data   RO         3557    .conststrlit        nrf_balloc.o
    0x00029aef   0x00029aef   0x00000001   PAD
    0x00029af0   0x00029af0   0x00000009   Data   RO         3997    .conststrlit        nrf_pwr_mgmt.o
    0x00029af9   0x00029af9   0x00000003   PAD
    0x00029afc   0x00029afc   0x00000004   Data   RO         4405    .conststrlit        nrf_log_frontend.o
    0x00029b00   0x00029b00   0x00000008   Data   RO         4892    .conststrlit        nrf_sdh.o
    0x00029b08   0x00029b08   0x0000000c   Data   RO         5001    .conststrlit        nrf_sdh_ble.o
    0x00029b14   0x00029b14   0x0000000c   Data   RO         5052    .conststrlit        nrf_sdh_soc.o
    0x00029b20   0x00029b20   0x00000020   Data   RO         5540    Region$$Table       anon$$obj.o
    0x00029b40   0x00029b40   0x00000008   Data   RO         1427    log_const_data      nrf_ble_gatt.o
    0x00029b48   0x00029b48   0x00000008   Data   RO         1627    log_const_data      nrf_drv_clock.o
    0x00029b50   0x00029b50   0x00000008   Data   RO         1863    log_const_data      nrf_drv_gpiote.o
    0x00029b58   0x00029b58   0x00000008   Data   RO         2122    log_const_data      nrf_drv_uart.o
    0x00029b60   0x00029b60   0x00000008   Data   RO         2382    log_const_data      nrf_drv_saadc.o
    0x00029b68   0x00029b68   0x00000008   Data   RO         2515    log_const_data      nrf_drv_timer.o
    0x00029b70   0x00029b70   0x00000008   Data   RO         2666    log_const_data      nrf_drv_ppi.o
    0x00029b78   0x00029b78   0x00000008   Data   RO         3414    log_const_data      hardfault_implementation.o
    0x00029b80   0x00029b80   0x00000008   Data   RO         3558    log_const_data      nrf_balloc.o
    0x00029b88   0x00029b88   0x00000008   Data   RO         3999    log_const_data      nrf_pwr_mgmt.o
    0x00029b90   0x00029b90   0x00000008   Data   RO         4409    log_const_data      nrf_log_frontend.o
    0x00029b98   0x00029b98   0x00000008   Data   RO         4894    log_const_data      nrf_sdh.o
    0x00029ba0   0x00029ba0   0x00000008   Data   RO         5002    log_const_data      nrf_sdh_ble.o
    0x00029ba8   0x00029ba8   0x00000008   Data   RO         5053    log_const_data      nrf_sdh_soc.o
    0x00029bb0   0x00029bb0   0x00000008   Data   RO         1195    sdh_ble_observers0  ble_conn_state.o
    0x00029bb8   0x00029bb8   0x00000010   Data   RO           40    sdh_ble_observers1  main.o
    0x00029bc8   0x00029bc8   0x00000008   Data   RO          718    sdh_ble_observers1  bsp_btn_ble.o
    0x00029bd0   0x00029bd0   0x00000008   Data   RO         1081    sdh_ble_observers1  ble_conn_params.o
    0x00029bd8   0x00029bd8   0x00000008   Data   RO           41    sdh_ble_observers2  main.o
    0x00029be0   0x00029be0   0x00000008   Data   RO           42    sdh_ble_observers3  main.o
    0x00029be8   0x00029be8   0x00000008   Data   RO         3782    sdh_req_observers0  nrf_fstorage_sd.o
    0x00029bf0   0x00029bf0   0x00000008   Data   RO         1629    sdh_soc_observers0  nrf_drv_clock.o
    0x00029bf8   0x00029bf8   0x00000008   Data   RO         3783    sdh_soc_observers0  nrf_fstorage_sd.o
    0x00029c00   0x00029c00   0x00000008   Data   RO           43    sdh_soc_observers1  main.o
    0x00029c08   0x00029c08   0x00000008   Data   RO         5004    sdh_stack_observers0  nrf_sdh_ble.o
    0x00029c10   0x00029c10   0x00000008   Data   RO         5055    sdh_stack_observers0  nrf_sdh_soc.o
    0x00029c18   0x00029c18   0x00000008   Data   RO         1630    sdh_state_observers0  nrf_drv_clock.o
    0x00029c20   0x00029c20   0x00000008   Data   RO         3784    sdh_state_observers0  nrf_fstorage_sd.o


    Execution Region RW_IRAM1 (Exec base: 0x20002a18, Load base: 0x00029c28, Size: 0x00004f10, Max: 0x0003d5e8, ABSOLUTE, COMPRESSED[0x00000048])

    Exec Addr    Load Addr    Size         Type   Attr      Idx    E Section Name        Object

    0x20002a18   COMPRESSED   0x00000024   Data   RW           38    .data               main.o
    0x20002a3c   COMPRESSED   0x00000010   Data   RW          614    .data               bsp.o
    0x20002a4c   COMPRESSED   0x00000008   Data   RW          717    .data               bsp_btn_ble.o
    0x20002a54   COMPRESSED   0x00000008   Data   RW         1080    .data               ble_conn_params.o
    0x20002a5c   COMPRESSED   0x00000008   Data   RW         2665    .data               nrf_drv_ppi.o
    0x20002a64   COMPRESSED   0x00000014   Data   RW         2796    .data               app_button.o
    0x20002a78   COMPRESSED   0x00000014   Data   RW         3097    .data               app_timer.o
    0x20002a8c   COMPRESSED   0x00000010   Data   RW         3291    .data               app_uart_fifo.o
    0x20002a9c   COMPRESSED   0x00000008   Data   RW         3781    .data               nrf_fstorage_sd.o
    0x20002aa4   COMPRESSED   0x0000000c   Data   RW         4341    .data               nrf_log_default_backends.o
    0x20002ab0   COMPRESSED   0x00000008   Data   RW         4407    .data               nrf_log_frontend.o
    0x20002ab8   COMPRESSED   0x00000008   Data   RW         4408    .data               nrf_log_frontend.o
    0x20002ac0   COMPRESSED   0x00000038   Data   RW         4577    .data               nrf_log_str_formatter.o
    0x20002af8   COMPRESSED   0x00000003   Data   RW         4893    .data               nrf_sdh.o
    0x20002afb   COMPRESSED   0x00000001   PAD
    0x20002afc   COMPRESSED   0x00000004   Data   RW         5097    .data               system_nrf52840.o
    0x20002b00   COMPRESSED   0x00000004   Data   RW         5510    .data               mc_w.l(mvars.o)
    0x20002b04   COMPRESSED   0x00000004   Data   RW         5511    .data               mc_w.l(mvars.o)
    0x20002b08   COMPRESSED   0x00000004   Data   RW         5515    .data               mc_w.l(errno.o)
    0x20002b0c   COMPRESSED   0x0000000c   Data   RW         1428    log_dynamic_data    nrf_ble_gatt.o
    0x20002b18   COMPRESSED   0x0000000c   Data   RW         1628    log_dynamic_data    nrf_drv_clock.o
    0x20002b24   COMPRESSED   0x0000000c   Data   RW         1864    log_dynamic_data    nrf_drv_gpiote.o
    0x20002b30   COMPRESSED   0x0000000c   Data   RW         2123    log_dynamic_data    nrf_drv_uart.o
    0x20002b3c   COMPRESSED   0x0000000c   Data   RW         2383    log_dynamic_data    nrf_drv_saadc.o
    0x20002b48   COMPRESSED   0x0000000c   Data   RW         2516    log_dynamic_data    nrf_drv_timer.o
    0x20002b54   COMPRESSED   0x0000000c   Data   RW         2667    log_dynamic_data    nrf_drv_ppi.o
    0x20002b60   COMPRESSED   0x0000000c   Data   RW         3415    log_dynamic_data    hardfault_implementation.o
    0x20002b6c   COMPRESSED   0x0000000c   Data   RW         3559    log_dynamic_data    nrf_balloc.o
    0x20002b78   COMPRESSED   0x0000000c   Data   RW         4000    log_dynamic_data    nrf_pwr_mgmt.o
    0x20002b84   COMPRESSED   0x0000000c   Data   RW         4410    log_dynamic_data    nrf_log_frontend.o
    0x20002b90   COMPRESSED   0x0000000c   Data   RW         4895    log_dynamic_data    nrf_sdh.o
    0x20002b9c   COMPRESSED   0x0000000c   Data   RW         5003    log_dynamic_data    nrf_sdh_ble.o
    0x20002ba8   COMPRESSED   0x0000000c   Data   RW         5054    log_dynamic_data    nrf_sdh_soc.o
    0x20002bb4        -       0x0000015c   Zero   RW           36    .bss                main.o
    0x20002d10        -       0x00000020   Zero   RW          609    .bss                bsp.o
    0x20002d30        -       0x00000020   Zero   RW          610    .bss                bsp.o
    0x20002d50        -       0x0000000c   Zero   RW          611    .bss                bsp.o
    0x20002d5c        -       0x00000020   Zero   RW          612    .bss                bsp.o
    0x20002d7c        -       0x00000050   Zero   RW         1079    .bss                ble_conn_params.o
    0x20002dcc        -       0x000000b8   Zero   RW         1194    .bss                ble_conn_state.o
    0x20002e84        -       0x00000014   Zero   RW         1621    .bss                nrf_drv_clock.o
    0x20002e98        -       0x00000068   Zero   RW         1857    .bss                nrf_drv_gpiote.o
    0x20002f00        -       0x00000020   Zero   RW         2120    .bss                nrf_drv_uart.o
    0x20002f20        -       0x00000030   Zero   RW         2372    .bss                nrf_drv_saadc.o
    0x20002f50        -       0x00000024   Zero   RW         2512    .bss                nrf_drv_timer.o
    0x20002f74        -       0x00000020   Zero   RW         2794    .bss                app_button.o
    0x20002f94        -       0x0000010c   Zero   RW         3096    .bss                app_timer.o
    0x200030a0        -       0x00000020   Zero   RW         3289    .bss                app_uart_fifo.o
    0x200030c0        -       0x0000000c   Zero   RW         3349    .bss                app_util_platform.o
    0x200030cc        -       0x000000a0   Zero   RW         3777    .bss                nrf_fstorage_sd.o
    0x2000316c        -       0x00000010   Zero   RW         3778    .bss                nrf_fstorage_sd.o
    0x2000317c        -       0x00000040   Zero   RW         4247    .bss                nrf_log_backend_rtt.o
    0x200031bc        -       0x000000c0   Zero   RW         4401    .bss                nrf_log_frontend.o
    0x2000327c        -       0x00000420   Zero   RW         4402    .bss                nrf_log_frontend.o
    0x2000369c        -       0x00000288   Zero   RW         4648    .bss                segger_rtt.o
    0x20003924   COMPRESSED   0x00000004   PAD
    0x20003928        -       0x00002000   Zero   RW         5079    HEAP                arm_startup_nrf52840.o
    0x20005928        -       0x00002000   Zero   RW         5078    STACK               arm_startup_nrf52840.o


==============================================================================

Image component sizes


      Code (inc. data)   RO Data    RW Data    ZI Data      Debug   Object Name

       348         34          8         20         32      10282   app_button.o
        22          0          0          0          0       2149   app_error.o
       120         40          0          0          0      30449   app_error_weak.o
       122          0          0          0          0       5002   app_fifo.o
      2204        248          0         20        268      54071   app_timer.o
       416         34         32         16         32       6827   app_uart_fifo.o
       116         20          0          0         12       9566   app_util_platform.o
        36          8        512          0      16384        936   arm_startup_nrf52840.o
      1460          0          0          0          0      40795   ble_advdata.o
      1126          6          0          0          0      19184   ble_advertising.o
       782         46          8          8         80      13167   ble_conn_params.o
       328         28          8          0        184       5308   ble_conn_state.o
       786          8         32          0          0       9610   ble_nus.o
        14          0          0          0          0      22610   ble_srv_common.o
       406         48          8          0          0      14048   boards.o
      1210         96         44         16        108      15787   bsp.o
       288         12          8          8          0       6072   bsp_btn_ble.o
         0          0         18         12          0       2100   hardfault_implementation.o
      2702        530         89         36        348     198617   main.o
       250          0          0          0          0       4801   nrf_atfifo.o
       188          0         15         12          0       5089   nrf_balloc.o
       780         60        340         12          0      42978   nrf_ble_gatt.o
       434         50         30         12         20      41827   nrf_drv_clock.o
        56          0          0          0          0      29399   nrf_drv_common.o
      1354         94         23         12        104      30530   nrf_drv_gpiote.o
       530         62         12         20          0      16843   nrf_drv_ppi.o
       820         64         18         12         48      18428   nrf_drv_saadc.o
       524         52         14         12         36      21264   nrf_drv_timer.o
      2330         76         13         12         32      45799   nrf_drv_uart.o
        50          0          0          0          0       3565   nrf_fprintf.o
       886          6         16          0          0       6434   nrf_fprintf_format.o
        80         10          0          0          0        903   nrf_fstorage.o
       558         54         40          8        176      14567   nrf_fstorage_sd.o
        78          8         12          0         64       5597   nrf_log_backend_rtt.o
       214          0          0          0          0      10499   nrf_log_backend_serial.o
        28          6          0         12          0       3202   nrf_log_default_backends.o
      1554         98         32         28       1248      32555   nrf_log_frontend.o
       510         66        102         56          0       5476   nrf_log_str_formatter.o
       510          0          0          0          0      13367   nrf_memobj.o
         0          0         17         12          0       8945   nrf_pwr_mgmt.o
       104          6          0          0          0       6709   nrf_saadc.o
       552         70        104         15          0      47834   nrf_sdh.o
       588        164        468         12          0       6607   nrf_sdh_ble.o
        64          6         56         12          0       2804   nrf_sdh_soc.o
        84          0          0          0          0       2804   nrf_section_iter.o
        76         10       1035          0          0       2763   nrf_strerror.o
       220          0          0          0          0       5490   sdk_mapped_flags.o
       400         34          0          0        648       8701   segger_rtt.o
       726         68          0          4          0       6423   system_nrf52840.o

    ----------------------------------------------------------------------
     27094       2222       3176        400      19828     918783   Object Totals
         0          0         32          0          0          0   (incl. Generated)
        60          0         30          1          4          0   (incl. Padding)

    ----------------------------------------------------------------------

      Code (inc. data)   RO Data    RW Data    ZI Data      Debug   Library Member Name

        86          0          0          0          0          0   __dczerorl2.o
        28          0          0          0          0         68   _chval.o
       158          0          0          0          0         92   _strtoul.o
         8          4        133          0          0         68   ctype_o.o
         0          0          0          0          0          0   entry.o
         0          0          0          0          0          0   entry10a.o
         0          0          0          0          0          0   entry11a.o
         8          4          0          0          0          0   entry2.o
         4          0          0          0          0          0   entry5.o
         0          0          0          0          0          0   entry7b.o
         0          0          0          0          0          0   entry8b.o
         8          4          0          0          0          0   entry9a.o
         8          4          0          4          0         68   errno.o
        30          0          0          0          0          0   handlers.o
        36          8          0          0          0         68   init.o
        30          0          0          0          0         68   llshl.o
        32          0          0          0          0         68   llushr.o
       188         20          0          0          0        160   malloc.o
        36          0          0          0          0         68   memcpya.o
        36          0          0          0          0        108   memseta.o
         0          0          0          8          0          0   mvars.o
       390         10          0          0          0        252   printf1.o
        18          0          0          0          0         68   strcpy.o
        14          0          0          0          0         68   strlen.o
       112          0          0          0          0         88   strtol.o
        44          0          0          0          0         80   uidiv.o
        98          0          0          0          0         92   uldiv.o

    ----------------------------------------------------------------------
      1378         54        136         12          0       1484   Library Totals
         6          0          3          0          0          0   (incl. Padding)

    ----------------------------------------------------------------------

      Code (inc. data)   RO Data    RW Data    ZI Data      Debug   Library Name

      1372         54        133         12          0       1484   mc_w.l

    ----------------------------------------------------------------------
      1378         54        136         12          0       1484   Library Totals

    ----------------------------------------------------------------------

==============================================================================


      Code (inc. data)   RO Data    RW Data    ZI Data      Debug   

     28472       2276       3312        412      19828     882323   Grand Totals
     28472       2276       3312         72      19828     882323   ELF Image Totals (compressed)
     28472       2276       3312         72          0          0   ROM Totals

==============================================================================

    Total RO  Size (Code + RO Data)                31784 (  31.04kB)
    Total RW  Size (RW Data + ZI Data)             20240 (  19.77kB)
    Total ROM Size (Code + RO Data + RW Data)      31856 (  31.11kB)

==============================================================================

