<!doctype html public "-//w3c//dtd html 4.0 transitional//en">
<html><head>
<title>Static Call Graph - [.\_build\nrf52840_xxaa.axf]</title></head>
<body><HR>
<H1>Static Call Graph for image .\_build\nrf52840_xxaa.axf</H1><HR>
<BR><P>#&#060CALLGRAPH&#062# ARM Linker, 5060750: Last Updated: Mon Jun 17 12:08:09 2019
<BR><P>
<H3>Maximum Stack Usage =        628 bytes + Unknown(Cycles, Untraceable Function Pointers)</H3><H3>
Call chain for Maximum Stack Depth:</H3>
nrf_sdh_ble_evts_poll &rArr; app_error_handler_bare &rArr; app_error_fault_handler &rArr; nrf_log_frontend_std_0 &rArr; std_n &rArr; nrf_log_frontend_dequeue &rArr; nrf_memobj_alloc &rArr; nrf_memobj_free &rArr; nrf_balloc_free &rArr; app_util_critical_region_enter
<P>
<H3>
Mutually Recursive functions
</H3> <LI><a href="#[1]">NMI_Handler</a>&nbsp;&nbsp;&nbsp;&rArr;&nbsp;&nbsp;&nbsp;<a href="#[1]">NMI_Handler</a><BR>
 <LI><a href="#[2]">HardFault_Handler</a>&nbsp;&nbsp;&nbsp;&rArr;&nbsp;&nbsp;&nbsp;<a href="#[2]">HardFault_Handler</a><BR>
 <LI><a href="#[3]">MemoryManagement_Handler</a>&nbsp;&nbsp;&nbsp;&rArr;&nbsp;&nbsp;&nbsp;<a href="#[3]">MemoryManagement_Handler</a><BR>
 <LI><a href="#[4]">BusFault_Handler</a>&nbsp;&nbsp;&nbsp;&rArr;&nbsp;&nbsp;&nbsp;<a href="#[4]">BusFault_Handler</a><BR>
 <LI><a href="#[5]">UsageFault_Handler</a>&nbsp;&nbsp;&nbsp;&rArr;&nbsp;&nbsp;&nbsp;<a href="#[5]">UsageFault_Handler</a><BR>
 <LI><a href="#[6]">SVC_Handler</a>&nbsp;&nbsp;&nbsp;&rArr;&nbsp;&nbsp;&nbsp;<a href="#[6]">SVC_Handler</a><BR>
 <LI><a href="#[7]">DebugMon_Handler</a>&nbsp;&nbsp;&nbsp;&rArr;&nbsp;&nbsp;&nbsp;<a href="#[7]">DebugMon_Handler</a><BR>
 <LI><a href="#[8]">PendSV_Handler</a>&nbsp;&nbsp;&nbsp;&rArr;&nbsp;&nbsp;&nbsp;<a href="#[8]">PendSV_Handler</a><BR>
 <LI><a href="#[9]">SysTick_Handler</a>&nbsp;&nbsp;&nbsp;&rArr;&nbsp;&nbsp;&nbsp;<a href="#[9]">SysTick_Handler</a><BR>
 <LI><a href="#[19]">CCM_AAR_IRQHandler</a>&nbsp;&nbsp;&nbsp;&rArr;&nbsp;&nbsp;&nbsp;<a href="#[19]">CCM_AAR_IRQHandler</a><BR>
</UL>
<P>
<H3>
Function Pointers
</H3><UL>
 <LI><a href="#[4]">BusFault_Handler</a> from arm_startup_nrf52840.o(.text) referenced from arm_startup_nrf52840.o(RESET)
 <LI><a href="#[19]">CCM_AAR_IRQHandler</a> from arm_startup_nrf52840.o(.text) referenced from arm_startup_nrf52840.o(RESET)
 <LI><a href="#[1d]">COMP_LPCOMP_IRQHandler</a> from arm_startup_nrf52840.o(.text) referenced from arm_startup_nrf52840.o(RESET)
 <LI><a href="#[32]">CRYPTOCELL_IRQHandler</a> from arm_startup_nrf52840.o(.text) referenced from arm_startup_nrf52840.o(RESET)
 <LI><a href="#[7]">DebugMon_Handler</a> from arm_startup_nrf52840.o(.text) referenced from arm_startup_nrf52840.o(RESET)
 <LI><a href="#[18]">ECB_IRQHandler</a> from arm_startup_nrf52840.o(.text) referenced from arm_startup_nrf52840.o(RESET)
 <LI><a href="#[2e]">FPU_IRQHandler</a> from arm_startup_nrf52840.o(.text) referenced from arm_startup_nrf52840.o(RESET)
 <LI><a href="#[10]">GPIOTE_IRQHandler</a> from nrf_drv_gpiote.o(i.GPIOTE_IRQHandler) referenced from arm_startup_nrf52840.o(RESET)
 <LI><a href="#[2]">HardFault_Handler</a> from arm_startup_nrf52840.o(.text) referenced from arm_startup_nrf52840.o(RESET)
 <LI><a href="#[2d]">I2S_IRQHandler</a> from arm_startup_nrf52840.o(.text) referenced from arm_startup_nrf52840.o(RESET)
 <LI><a href="#[28]">MWU_IRQHandler</a> from arm_startup_nrf52840.o(.text) referenced from arm_startup_nrf52840.o(RESET)
 <LI><a href="#[3]">MemoryManagement_Handler</a> from arm_startup_nrf52840.o(.text) referenced from arm_startup_nrf52840.o(RESET)
 <LI><a href="#[f]">NFCT_IRQHandler</a> from arm_startup_nrf52840.o(.text) referenced from arm_startup_nrf52840.o(RESET)
 <LI><a href="#[1]">NMI_Handler</a> from arm_startup_nrf52840.o(.text) referenced from arm_startup_nrf52840.o(RESET)
 <LI><a href="#[27]">PDM_IRQHandler</a> from arm_startup_nrf52840.o(.text) referenced from arm_startup_nrf52840.o(RESET)
 <LI><a href="#[a]">POWER_CLOCK_IRQHandler</a> from nrf_drv_clock.o(i.POWER_CLOCK_IRQHandler) referenced from arm_startup_nrf52840.o(RESET)
 <LI><a href="#[26]">PWM0_IRQHandler</a> from arm_startup_nrf52840.o(.text) referenced from arm_startup_nrf52840.o(RESET)
 <LI><a href="#[29]">PWM1_IRQHandler</a> from arm_startup_nrf52840.o(.text) referenced from arm_startup_nrf52840.o(RESET)
 <LI><a href="#[2a]">PWM2_IRQHandler</a> from arm_startup_nrf52840.o(.text) referenced from arm_startup_nrf52840.o(RESET)
 <LI><a href="#[33]">PWM3_IRQHandler</a> from arm_startup_nrf52840.o(.text) referenced from arm_startup_nrf52840.o(RESET)
 <LI><a href="#[8]">PendSV_Handler</a> from arm_startup_nrf52840.o(.text) referenced from arm_startup_nrf52840.o(RESET)
 <LI><a href="#[1c]">QDEC_IRQHandler</a> from arm_startup_nrf52840.o(.text) referenced from arm_startup_nrf52840.o(RESET)
 <LI><a href="#[31]">QSPI_IRQHandler</a> from arm_startup_nrf52840.o(.text) referenced from arm_startup_nrf52840.o(RESET)
 <LI><a href="#[b]">RADIO_IRQHandler</a> from arm_startup_nrf52840.o(.text) referenced from arm_startup_nrf52840.o(RESET)
 <LI><a href="#[17]">RNG_IRQHandler</a> from arm_startup_nrf52840.o(.text) referenced from arm_startup_nrf52840.o(RESET)
 <LI><a href="#[15]">RTC0_IRQHandler</a> from arm_startup_nrf52840.o(.text) referenced from arm_startup_nrf52840.o(RESET)
 <LI><a href="#[1b]">RTC1_IRQHandler</a> from app_timer.o(i.RTC1_IRQHandler) referenced from arm_startup_nrf52840.o(RESET)
 <LI><a href="#[2c]">RTC2_IRQHandler</a> from arm_startup_nrf52840.o(.text) referenced from arm_startup_nrf52840.o(RESET)
 <LI><a href="#[0]">Reset_Handler</a> from arm_startup_nrf52840.o(.text) referenced from arm_startup_nrf52840.o(RESET)
 <LI><a href="#[11]">SAADC_IRQHandler</a> from arm_startup_nrf52840.o(.text) referenced from arm_startup_nrf52840.o(RESET)
 <LI><a href="#[d]">SPIM0_SPIS0_TWIM0_TWIS0_SPI0_TWI0_IRQHandler</a> from arm_startup_nrf52840.o(.text) referenced from arm_startup_nrf52840.o(RESET)
 <LI><a href="#[e]">SPIM1_SPIS1_TWIM1_TWIS1_SPI1_TWI1_IRQHandler</a> from nrf_drv_spis.o(i.SPIM1_SPIS1_TWIM1_TWIS1_SPI1_TWI1_IRQHandler) referenced from arm_startup_nrf52840.o(RESET)
 <LI><a href="#[2b]">SPIM2_SPIS2_SPI2_IRQHandler</a> from arm_startup_nrf52840.o(.text) referenced from arm_startup_nrf52840.o(RESET)
 <LI><a href="#[34]">SPIM3_IRQHandler</a> from arm_startup_nrf52840.o(.text) referenced from arm_startup_nrf52840.o(RESET)
 <LI><a href="#[6]">SVC_Handler</a> from arm_startup_nrf52840.o(.text) referenced from arm_startup_nrf52840.o(RESET)
 <LI><a href="#[1e]">SWI0_EGU0_IRQHandler</a> from app_timer.o(i.SWI0_EGU0_IRQHandler) referenced from arm_startup_nrf52840.o(RESET)
 <LI><a href="#[1f]">SWI1_EGU1_IRQHandler</a> from arm_startup_nrf52840.o(.text) referenced from arm_startup_nrf52840.o(RESET)
 <LI><a href="#[20]">SWI2_EGU2_IRQHandler</a> from nrf_sdh.o(i.SWI2_EGU2_IRQHandler) referenced from arm_startup_nrf52840.o(RESET)
 <LI><a href="#[21]">SWI3_EGU3_IRQHandler</a> from arm_startup_nrf52840.o(.text) referenced from arm_startup_nrf52840.o(RESET)
 <LI><a href="#[22]">SWI4_EGU4_IRQHandler</a> from arm_startup_nrf52840.o(.text) referenced from arm_startup_nrf52840.o(RESET)
 <LI><a href="#[23]">SWI5_EGU5_IRQHandler</a> from arm_startup_nrf52840.o(.text) referenced from arm_startup_nrf52840.o(RESET)
 <LI><a href="#[9]">SysTick_Handler</a> from arm_startup_nrf52840.o(.text) referenced from arm_startup_nrf52840.o(RESET)
 <LI><a href="#[36]">SystemInit</a> from system_nrf52840.o(i.SystemInit) referenced from arm_startup_nrf52840.o(.text)
 <LI><a href="#[16]">TEMP_IRQHandler</a> from arm_startup_nrf52840.o(.text) referenced from arm_startup_nrf52840.o(RESET)
 <LI><a href="#[12]">TIMER0_IRQHandler</a> from arm_startup_nrf52840.o(.text) referenced from arm_startup_nrf52840.o(RESET)
 <LI><a href="#[13]">TIMER1_IRQHandler</a> from arm_startup_nrf52840.o(.text) referenced from arm_startup_nrf52840.o(RESET)
 <LI><a href="#[14]">TIMER2_IRQHandler</a> from arm_startup_nrf52840.o(.text) referenced from arm_startup_nrf52840.o(RESET)
 <LI><a href="#[24]">TIMER3_IRQHandler</a> from arm_startup_nrf52840.o(.text) referenced from arm_startup_nrf52840.o(RESET)
 <LI><a href="#[25]">TIMER4_IRQHandler</a> from arm_startup_nrf52840.o(.text) referenced from arm_startup_nrf52840.o(RESET)
 <LI><a href="#[c]">UARTE0_UART0_IRQHandler</a> from nrf_drv_uart.o(i.UARTE0_UART0_IRQHandler) referenced from arm_startup_nrf52840.o(RESET)
 <LI><a href="#[30]">UARTE1_IRQHandler</a> from arm_startup_nrf52840.o(.text) referenced from arm_startup_nrf52840.o(RESET)
 <LI><a href="#[2f]">USBD_IRQHandler</a> from arm_startup_nrf52840.o(.text) referenced from arm_startup_nrf52840.o(RESET)
 <LI><a href="#[5]">UsageFault_Handler</a> from arm_startup_nrf52840.o(.text) referenced from arm_startup_nrf52840.o(RESET)
 <LI><a href="#[1a]">WDT_IRQHandler</a> from arm_startup_nrf52840.o(.text) referenced from arm_startup_nrf52840.o(RESET)
 <LI><a href="#[37]">__main</a> from entry.o(.ARM.Collect$$$$00000000) referenced from arm_startup_nrf52840.o(.text)
 <LI><a href="#[3d]">alert_timer_handler</a> from bsp.o(i.alert_timer_handler) referenced from bsp.o(i.bsp_init)
 <LI><a href="#[42]">app_error_fault_handler</a> from app_error_weak.o(i.app_error_fault_handler) referenced from nrf_sdh.o(i.nrf_sdh_enable_request)
 <LI><a href="#[4c]">ble_db_discovery_on_ble_evt</a> from ble_db_discovery.o(i.ble_db_discovery_on_ble_evt) referenced from main.o(sdh_ble_observers1)
 <LI><a href="#[4d]">ble_evt_handler</a> from bsp_btn_ble.o(i.ble_evt_handler) referenced from bsp_btn_ble.o(sdh_ble_observers1)
 <LI><a href="#[4f]">ble_evt_handler</a> from main.o(i.ble_evt_handler) referenced from main.o(sdh_ble_observers3)
 <LI><a href="#[43]">ble_nus_c_evt_handler</a> from main.o(i.ble_nus_c_evt_handler) referenced from main.o(i.nus_c_init)
 <LI><a href="#[4e]">ble_nus_c_on_ble_evt</a> from ble_nus_c.o(i.ble_nus_c_on_ble_evt) referenced from main.o(sdh_ble_observers2)
 <LI><a href="#[46]">bsp_button_event_handler</a> from bsp.o(i.bsp_button_event_handler) referenced 4 times from bsp.o(.constdata)
 <LI><a href="#[3e]">bsp_event_handler</a> from main.o(i.bsp_event_handler) referenced from main.o(i.buttons_leds_init)
 <LI><a href="#[3b]">button_timer_handler</a> from bsp.o(i.button_timer_handler) referenced from bsp.o(i.bsp_init)
 <LI><a href="#[3f]">db_disc_handler</a> from main.o(i.db_disc_handler) referenced from main.o(i.db_discovery_init)
 <LI><a href="#[39]">detection_delay_timeout_handler</a> from app_button.o(i.detection_delay_timeout_handler) referenced from app_button.o(i.app_button_init)
 <LI><a href="#[40]">gatt_evt_handler</a> from main.o(i.gatt_evt_handler) referenced from main.o(i.gatt_init)
 <LI><a href="#[38]">gpiote_event_handler</a> from app_button.o(i.gpiote_event_handler) referenced from app_button.o(i.app_button_init)
 <LI><a href="#[3c]">leds_timer_handler</a> from bsp.o(i.leds_timer_handler) referenced from bsp.o(i.bsp_init)
 <LI><a href="#[35]">main</a> from main.o(i.main) referenced from entry9a.o(.ARM.Collect$$$$0000000B)
 <LI><a href="#[4b]">nrf_ble_gatt_on_ble_evt</a> from nrf_ble_gatt.o(i.nrf_ble_gatt_on_ble_evt) referenced from main.o(sdh_ble_observers1)
 <LI><a href="#[49]">nrf_log_backend_rtt_flush</a> from nrf_log_backend_rtt.o(i.nrf_log_backend_rtt_flush) referenced from nrf_log_backend_rtt.o(.constdata)
 <LI><a href="#[48]">nrf_log_backend_rtt_panic_set</a> from nrf_log_backend_rtt.o(i.nrf_log_backend_rtt_panic_set) referenced from nrf_log_backend_rtt.o(.constdata)
 <LI><a href="#[47]">nrf_log_backend_rtt_put</a> from nrf_log_backend_rtt.o(i.nrf_log_backend_rtt_put) referenced from nrf_log_backend_rtt.o(.constdata)
 <LI><a href="#[51]">nrf_sdh_ble_evts_poll</a> from nrf_sdh_ble.o(i.nrf_sdh_ble_evts_poll) referenced from nrf_sdh_ble.o(sdh_stack_observers0)
 <LI><a href="#[52]">nrf_sdh_soc_evts_poll</a> from nrf_sdh_soc.o(i.nrf_sdh_soc_evts_poll) referenced from nrf_sdh_soc.o(sdh_stack_observers0)
 <LI><a href="#[53]">sd_state_evt_handler</a> from nrf_drv_clock.o(i.sd_state_evt_handler) referenced from nrf_drv_clock.o(sdh_state_observers0)
 <LI><a href="#[41]">serial_tx</a> from nrf_log_backend_rtt.o(i.serial_tx) referenced from nrf_log_backend_rtt.o(i.nrf_log_backend_rtt_put)
 <LI><a href="#[4a]">shutdown_handler</a> from main.o(i.shutdown_handler) referenced from main.o(pwr_mgmt_data1)
 <LI><a href="#[50]">soc_evt_handler</a> from nrf_drv_clock.o(i.soc_evt_handler) referenced from nrf_drv_clock.o(sdh_soc_observers0)
 <LI><a href="#[44]">spis_event_handler</a> from main.o(i.spis_event_handler) referenced from main.o(i.spis_init)
 <LI><a href="#[45]">uart_event_handle</a> from main.o(i.uart_event_handle) referenced from main.o(i.uart_init)
 <LI><a href="#[3a]">uart_event_handler</a> from app_uart_fifo.o(i.uart_event_handler) referenced from app_uart_fifo.o(i.app_uart_init)
</UL>
<P>
<H3>
Global Symbols
</H3>
<P><STRONG><a name="[37]"></a>__main</STRONG> (Thumb, 0 bytes, Stack size unknown bytes, entry.o(.ARM.Collect$$$$00000000))
<BR>[Address Reference Count : 1]<UL><LI> arm_startup_nrf52840.o(.text)
</UL>
<P><STRONG><a name="[16f]"></a>_main_stk</STRONG> (Thumb, 0 bytes, Stack size unknown bytes, entry2.o(.ARM.Collect$$$$00000001))

<P><STRONG><a name="[54]"></a>_main_scatterload</STRONG> (Thumb, 0 bytes, Stack size unknown bytes, entry5.o(.ARM.Collect$$$$00000004))
<BR><BR>[Calls]<UL><LI><a href="#[55]">&gt;&gt;</a>&nbsp;&nbsp;&nbsp;__scatterload
</UL>

<P><STRONG><a name="[5c]"></a>__main_after_scatterload</STRONG> (Thumb, 0 bytes, Stack size unknown bytes, entry5.o(.ARM.Collect$$$$00000004))
<BR><BR>[Called By]<UL><LI><a href="#[55]">&gt;&gt;</a>&nbsp;&nbsp;&nbsp;__scatterload
</UL>

<P><STRONG><a name="[170]"></a>_main_clock</STRONG> (Thumb, 0 bytes, Stack size unknown bytes, entry7b.o(.ARM.Collect$$$$00000008))

<P><STRONG><a name="[171]"></a>_main_cpp_init</STRONG> (Thumb, 0 bytes, Stack size unknown bytes, entry8b.o(.ARM.Collect$$$$0000000A))

<P><STRONG><a name="[172]"></a>_main_init</STRONG> (Thumb, 0 bytes, Stack size unknown bytes, entry9a.o(.ARM.Collect$$$$0000000B))

<P><STRONG><a name="[173]"></a>__rt_final_cpp</STRONG> (Thumb, 0 bytes, Stack size unknown bytes, entry10a.o(.ARM.Collect$$$$0000000D))

<P><STRONG><a name="[174]"></a>__rt_final_exit</STRONG> (Thumb, 0 bytes, Stack size unknown bytes, entry11a.o(.ARM.Collect$$$$0000000F))

<P><STRONG><a name="[175]"></a>__asm___12_nrf_memobj_c_9bb9f865__nrf_atomic_internal_mov</STRONG> (Thumb, 24 bytes, Stack size 0 bytes, nrf_memobj.o(.emb_text), UNUSED)

<P><STRONG><a name="[176]"></a>__asm___12_nrf_memobj_c_9bb9f865__nrf_atomic_internal_orr</STRONG> (Thumb, 26 bytes, Stack size 0 bytes, nrf_memobj.o(.emb_text), UNUSED)

<P><STRONG><a name="[177]"></a>__asm___12_nrf_memobj_c_9bb9f865__nrf_atomic_internal_and</STRONG> (Thumb, 26 bytes, Stack size 0 bytes, nrf_memobj.o(.emb_text), UNUSED)

<P><STRONG><a name="[178]"></a>__asm___12_nrf_memobj_c_9bb9f865__nrf_atomic_internal_eor</STRONG> (Thumb, 26 bytes, Stack size 0 bytes, nrf_memobj.o(.emb_text), UNUSED)

<P><STRONG><a name="[14d]"></a>__asm___12_nrf_memobj_c_9bb9f865__nrf_atomic_internal_add</STRONG> (Thumb, 26 bytes, Stack size 0 bytes, nrf_memobj.o(.emb_text))
<BR><BR>[Called By]<UL><LI><a href="#[13d]">&gt;&gt;</a>&nbsp;&nbsp;&nbsp;nrf_memobj_get
</UL>

<P><STRONG><a name="[14f]"></a>__asm___12_nrf_memobj_c_9bb9f865__nrf_atomic_internal_sub</STRONG> (Thumb, 26 bytes, Stack size 0 bytes, nrf_memobj.o(.emb_text))
<BR><BR>[Called By]<UL><LI><a href="#[141]">&gt;&gt;</a>&nbsp;&nbsp;&nbsp;nrf_memobj_put
</UL>

<P><STRONG><a name="[152]"></a>__asm___14_nrf_pwr_mgmt_c_f22138a6__nrf_atomic_internal_mov</STRONG> (Thumb, 24 bytes, Stack size 0 bytes, nrf_pwr_mgmt.o(.emb_text))
<BR><BR>[Called By]<UL><LI><a href="#[d3]">&gt;&gt;</a>&nbsp;&nbsp;&nbsp;nrf_pwr_mgmt_shutdown
</UL>

<P><STRONG><a name="[179]"></a>__asm___14_nrf_pwr_mgmt_c_f22138a6__nrf_atomic_internal_orr</STRONG> (Thumb, 26 bytes, Stack size 0 bytes, nrf_pwr_mgmt.o(.emb_text), UNUSED)

<P><STRONG><a name="[17a]"></a>__asm___14_nrf_pwr_mgmt_c_f22138a6__nrf_atomic_internal_and</STRONG> (Thumb, 26 bytes, Stack size 0 bytes, nrf_pwr_mgmt.o(.emb_text), UNUSED)

<P><STRONG><a name="[17b]"></a>__asm___14_nrf_pwr_mgmt_c_f22138a6__nrf_atomic_internal_eor</STRONG> (Thumb, 26 bytes, Stack size 0 bytes, nrf_pwr_mgmt.o(.emb_text), UNUSED)

<P><STRONG><a name="[17c]"></a>__asm___14_nrf_pwr_mgmt_c_f22138a6__nrf_atomic_internal_add</STRONG> (Thumb, 26 bytes, Stack size 0 bytes, nrf_pwr_mgmt.o(.emb_text), UNUSED)

<P><STRONG><a name="[17d]"></a>__asm___14_nrf_pwr_mgmt_c_f22138a6__nrf_atomic_internal_sub</STRONG> (Thumb, 26 bytes, Stack size 0 bytes, nrf_pwr_mgmt.o(.emb_text), UNUSED)

<P><STRONG><a name="[17e]"></a>__asm___18_nrf_log_frontend_c_bc460776__nrf_atomic_internal_mov</STRONG> (Thumb, 24 bytes, Stack size 0 bytes, nrf_log_frontend.o(.emb_text), UNUSED)

<P><STRONG><a name="[10d]"></a>__asm___18_nrf_log_frontend_c_bc460776__nrf_atomic_internal_orr</STRONG> (Thumb, 26 bytes, Stack size 0 bytes, nrf_log_frontend.o(.emb_text))
<BR><BR>[Called By]<UL><LI><a href="#[101]">&gt;&gt;</a>&nbsp;&nbsp;&nbsp;nrf_atomic_flag_set
</UL>

<P><STRONG><a name="[102]"></a>__asm___18_nrf_log_frontend_c_bc460776__nrf_atomic_internal_and</STRONG> (Thumb, 26 bytes, Stack size 0 bytes, nrf_log_frontend.o(.emb_text))
<BR><BR>[Called By]<UL><LI><a href="#[db]">&gt;&gt;</a>&nbsp;&nbsp;&nbsp;log_skip
</UL>

<P><STRONG><a name="[17f]"></a>__asm___18_nrf_log_frontend_c_bc460776__nrf_atomic_internal_eor</STRONG> (Thumb, 26 bytes, Stack size 0 bytes, nrf_log_frontend.o(.emb_text), UNUSED)

<P><STRONG><a name="[180]"></a>__asm___18_nrf_log_frontend_c_bc460776__nrf_atomic_internal_add</STRONG> (Thumb, 26 bytes, Stack size 0 bytes, nrf_log_frontend.o(.emb_text), UNUSED)

<P><STRONG><a name="[181]"></a>__asm___18_nrf_log_frontend_c_bc460776__nrf_atomic_internal_sub</STRONG> (Thumb, 26 bytes, Stack size 0 bytes, nrf_log_frontend.o(.emb_text), UNUSED)

<P><STRONG><a name="[0]"></a>Reset_Handler</STRONG> (Thumb, 8 bytes, Stack size 0 bytes, arm_startup_nrf52840.o(.text))
<BR>[Address Reference Count : 1]<UL><LI> arm_startup_nrf52840.o(RESET)
</UL>
<P><STRONG><a name="[1]"></a>NMI_Handler</STRONG> (Thumb, 2 bytes, Stack size 0 bytes, arm_startup_nrf52840.o(.text))
<BR><BR>[Calls]<UL><LI><a href="#[1]">&gt;&gt;</a>&nbsp;&nbsp;&nbsp;NMI_Handler
</UL>
<BR>[Called By]<UL><LI><a href="#[1]">&gt;&gt;</a>&nbsp;&nbsp;&nbsp;NMI_Handler
</UL>
<BR>[Address Reference Count : 1]<UL><LI> arm_startup_nrf52840.o(RESET)
</UL>
<P><STRONG><a name="[2]"></a>HardFault_Handler</STRONG> (Thumb, 2 bytes, Stack size 0 bytes, arm_startup_nrf52840.o(.text))
<BR><BR>[Calls]<UL><LI><a href="#[2]">&gt;&gt;</a>&nbsp;&nbsp;&nbsp;HardFault_Handler
</UL>
<BR>[Called By]<UL><LI><a href="#[2]">&gt;&gt;</a>&nbsp;&nbsp;&nbsp;HardFault_Handler
</UL>
<BR>[Address Reference Count : 1]<UL><LI> arm_startup_nrf52840.o(RESET)
</UL>
<P><STRONG><a name="[3]"></a>MemoryManagement_Handler</STRONG> (Thumb, 2 bytes, Stack size 0 bytes, arm_startup_nrf52840.o(.text))
<BR><BR>[Calls]<UL><LI><a href="#[3]">&gt;&gt;</a>&nbsp;&nbsp;&nbsp;MemoryManagement_Handler
</UL>
<BR>[Called By]<UL><LI><a href="#[3]">&gt;&gt;</a>&nbsp;&nbsp;&nbsp;MemoryManagement_Handler
</UL>
<BR>[Address Reference Count : 1]<UL><LI> arm_startup_nrf52840.o(RESET)
</UL>
<P><STRONG><a name="[4]"></a>BusFault_Handler</STRONG> (Thumb, 2 bytes, Stack size 0 bytes, arm_startup_nrf52840.o(.text))
<BR><BR>[Calls]<UL><LI><a href="#[4]">&gt;&gt;</a>&nbsp;&nbsp;&nbsp;BusFault_Handler
</UL>
<BR>[Called By]<UL><LI><a href="#[4]">&gt;&gt;</a>&nbsp;&nbsp;&nbsp;BusFault_Handler
</UL>
<BR>[Address Reference Count : 1]<UL><LI> arm_startup_nrf52840.o(RESET)
</UL>
<P><STRONG><a name="[5]"></a>UsageFault_Handler</STRONG> (Thumb, 2 bytes, Stack size 0 bytes, arm_startup_nrf52840.o(.text))
<BR><BR>[Calls]<UL><LI><a href="#[5]">&gt;&gt;</a>&nbsp;&nbsp;&nbsp;UsageFault_Handler
</UL>
<BR>[Called By]<UL><LI><a href="#[5]">&gt;&gt;</a>&nbsp;&nbsp;&nbsp;UsageFault_Handler
</UL>
<BR>[Address Reference Count : 1]<UL><LI> arm_startup_nrf52840.o(RESET)
</UL>
<P><STRONG><a name="[6]"></a>SVC_Handler</STRONG> (Thumb, 2 bytes, Stack size 0 bytes, arm_startup_nrf52840.o(.text))
<BR><BR>[Calls]<UL><LI><a href="#[6]">&gt;&gt;</a>&nbsp;&nbsp;&nbsp;SVC_Handler
</UL>
<BR>[Called By]<UL><LI><a href="#[6]">&gt;&gt;</a>&nbsp;&nbsp;&nbsp;SVC_Handler
</UL>
<BR>[Address Reference Count : 1]<UL><LI> arm_startup_nrf52840.o(RESET)
</UL>
<P><STRONG><a name="[7]"></a>DebugMon_Handler</STRONG> (Thumb, 2 bytes, Stack size 0 bytes, arm_startup_nrf52840.o(.text))
<BR><BR>[Calls]<UL><LI><a href="#[7]">&gt;&gt;</a>&nbsp;&nbsp;&nbsp;DebugMon_Handler
</UL>
<BR>[Called By]<UL><LI><a href="#[7]">&gt;&gt;</a>&nbsp;&nbsp;&nbsp;DebugMon_Handler
</UL>
<BR>[Address Reference Count : 1]<UL><LI> arm_startup_nrf52840.o(RESET)
</UL>
<P><STRONG><a name="[8]"></a>PendSV_Handler</STRONG> (Thumb, 2 bytes, Stack size 0 bytes, arm_startup_nrf52840.o(.text))
<BR><BR>[Calls]<UL><LI><a href="#[8]">&gt;&gt;</a>&nbsp;&nbsp;&nbsp;PendSV_Handler
</UL>
<BR>[Called By]<UL><LI><a href="#[8]">&gt;&gt;</a>&nbsp;&nbsp;&nbsp;PendSV_Handler
</UL>
<BR>[Address Reference Count : 1]<UL><LI> arm_startup_nrf52840.o(RESET)
</UL>
<P><STRONG><a name="[9]"></a>SysTick_Handler</STRONG> (Thumb, 2 bytes, Stack size 0 bytes, arm_startup_nrf52840.o(.text))
<BR><BR>[Calls]<UL><LI><a href="#[9]">&gt;&gt;</a>&nbsp;&nbsp;&nbsp;SysTick_Handler
</UL>
<BR>[Called By]<UL><LI><a href="#[9]">&gt;&gt;</a>&nbsp;&nbsp;&nbsp;SysTick_Handler
</UL>
<BR>[Address Reference Count : 1]<UL><LI> arm_startup_nrf52840.o(RESET)
</UL>
<P><STRONG><a name="[19]"></a>CCM_AAR_IRQHandler</STRONG> (Thumb, 0 bytes, Stack size 0 bytes, arm_startup_nrf52840.o(.text))
<BR><BR>[Calls]<UL><LI><a href="#[19]">&gt;&gt;</a>&nbsp;&nbsp;&nbsp;CCM_AAR_IRQHandler
</UL>
<BR>[Called By]<UL><LI><a href="#[19]">&gt;&gt;</a>&nbsp;&nbsp;&nbsp;CCM_AAR_IRQHandler
</UL>
<BR>[Address Reference Count : 1]<UL><LI> arm_startup_nrf52840.o(RESET)
</UL>
<P><STRONG><a name="[1d]"></a>COMP_LPCOMP_IRQHandler</STRONG> (Thumb, 0 bytes, Stack size 0 bytes, arm_startup_nrf52840.o(.text))
<BR>[Address Reference Count : 1]<UL><LI> arm_startup_nrf52840.o(RESET)
</UL>
<P><STRONG><a name="[32]"></a>CRYPTOCELL_IRQHandler</STRONG> (Thumb, 0 bytes, Stack size 0 bytes, arm_startup_nrf52840.o(.text))
<BR>[Address Reference Count : 1]<UL><LI> arm_startup_nrf52840.o(RESET)
</UL>
<P><STRONG><a name="[18]"></a>ECB_IRQHandler</STRONG> (Thumb, 0 bytes, Stack size 0 bytes, arm_startup_nrf52840.o(.text))
<BR>[Address Reference Count : 1]<UL><LI> arm_startup_nrf52840.o(RESET)
</UL>
<P><STRONG><a name="[2e]"></a>FPU_IRQHandler</STRONG> (Thumb, 0 bytes, Stack size 0 bytes, arm_startup_nrf52840.o(.text))
<BR>[Address Reference Count : 1]<UL><LI> arm_startup_nrf52840.o(RESET)
</UL>
<P><STRONG><a name="[2d]"></a>I2S_IRQHandler</STRONG> (Thumb, 0 bytes, Stack size 0 bytes, arm_startup_nrf52840.o(.text))
<BR>[Address Reference Count : 1]<UL><LI> arm_startup_nrf52840.o(RESET)
</UL>
<P><STRONG><a name="[28]"></a>MWU_IRQHandler</STRONG> (Thumb, 0 bytes, Stack size 0 bytes, arm_startup_nrf52840.o(.text))
<BR>[Address Reference Count : 1]<UL><LI> arm_startup_nrf52840.o(RESET)
</UL>
<P><STRONG><a name="[f]"></a>NFCT_IRQHandler</STRONG> (Thumb, 0 bytes, Stack size 0 bytes, arm_startup_nrf52840.o(.text))
<BR>[Address Reference Count : 1]<UL><LI> arm_startup_nrf52840.o(RESET)
</UL>
<P><STRONG><a name="[27]"></a>PDM_IRQHandler</STRONG> (Thumb, 0 bytes, Stack size 0 bytes, arm_startup_nrf52840.o(.text))
<BR>[Address Reference Count : 1]<UL><LI> arm_startup_nrf52840.o(RESET)
</UL>
<P><STRONG><a name="[26]"></a>PWM0_IRQHandler</STRONG> (Thumb, 0 bytes, Stack size 0 bytes, arm_startup_nrf52840.o(.text))
<BR>[Address Reference Count : 1]<UL><LI> arm_startup_nrf52840.o(RESET)
</UL>
<P><STRONG><a name="[29]"></a>PWM1_IRQHandler</STRONG> (Thumb, 0 bytes, Stack size 0 bytes, arm_startup_nrf52840.o(.text))
<BR>[Address Reference Count : 1]<UL><LI> arm_startup_nrf52840.o(RESET)
</UL>
<P><STRONG><a name="[2a]"></a>PWM2_IRQHandler</STRONG> (Thumb, 0 bytes, Stack size 0 bytes, arm_startup_nrf52840.o(.text))
<BR>[Address Reference Count : 1]<UL><LI> arm_startup_nrf52840.o(RESET)
</UL>
<P><STRONG><a name="[33]"></a>PWM3_IRQHandler</STRONG> (Thumb, 0 bytes, Stack size 0 bytes, arm_startup_nrf52840.o(.text))
<BR>[Address Reference Count : 1]<UL><LI> arm_startup_nrf52840.o(RESET)
</UL>
<P><STRONG><a name="[1c]"></a>QDEC_IRQHandler</STRONG> (Thumb, 0 bytes, Stack size 0 bytes, arm_startup_nrf52840.o(.text))
<BR>[Address Reference Count : 1]<UL><LI> arm_startup_nrf52840.o(RESET)
</UL>
<P><STRONG><a name="[31]"></a>QSPI_IRQHandler</STRONG> (Thumb, 0 bytes, Stack size 0 bytes, arm_startup_nrf52840.o(.text))
<BR>[Address Reference Count : 1]<UL><LI> arm_startup_nrf52840.o(RESET)
</UL>
<P><STRONG><a name="[b]"></a>RADIO_IRQHandler</STRONG> (Thumb, 0 bytes, Stack size 0 bytes, arm_startup_nrf52840.o(.text))
<BR>[Address Reference Count : 1]<UL><LI> arm_startup_nrf52840.o(RESET)
</UL>
<P><STRONG><a name="[17]"></a>RNG_IRQHandler</STRONG> (Thumb, 0 bytes, Stack size 0 bytes, arm_startup_nrf52840.o(.text))
<BR>[Address Reference Count : 1]<UL><LI> arm_startup_nrf52840.o(RESET)
</UL>
<P><STRONG><a name="[15]"></a>RTC0_IRQHandler</STRONG> (Thumb, 0 bytes, Stack size 0 bytes, arm_startup_nrf52840.o(.text))
<BR>[Address Reference Count : 1]<UL><LI> arm_startup_nrf52840.o(RESET)
</UL>
<P><STRONG><a name="[2c]"></a>RTC2_IRQHandler</STRONG> (Thumb, 0 bytes, Stack size 0 bytes, arm_startup_nrf52840.o(.text))
<BR>[Address Reference Count : 1]<UL><LI> arm_startup_nrf52840.o(RESET)
</UL>
<P><STRONG><a name="[11]"></a>SAADC_IRQHandler</STRONG> (Thumb, 0 bytes, Stack size 0 bytes, arm_startup_nrf52840.o(.text))
<BR>[Address Reference Count : 1]<UL><LI> arm_startup_nrf52840.o(RESET)
</UL>
<P><STRONG><a name="[d]"></a>SPIM0_SPIS0_TWIM0_TWIS0_SPI0_TWI0_IRQHandler</STRONG> (Thumb, 0 bytes, Stack size 0 bytes, arm_startup_nrf52840.o(.text))
<BR>[Address Reference Count : 1]<UL><LI> arm_startup_nrf52840.o(RESET)
</UL>
<P><STRONG><a name="[2b]"></a>SPIM2_SPIS2_SPI2_IRQHandler</STRONG> (Thumb, 0 bytes, Stack size 0 bytes, arm_startup_nrf52840.o(.text))
<BR>[Address Reference Count : 1]<UL><LI> arm_startup_nrf52840.o(RESET)
</UL>
<P><STRONG><a name="[34]"></a>SPIM3_IRQHandler</STRONG> (Thumb, 0 bytes, Stack size 0 bytes, arm_startup_nrf52840.o(.text))
<BR>[Address Reference Count : 1]<UL><LI> arm_startup_nrf52840.o(RESET)
</UL>
<P><STRONG><a name="[1f]"></a>SWI1_EGU1_IRQHandler</STRONG> (Thumb, 0 bytes, Stack size 0 bytes, arm_startup_nrf52840.o(.text))
<BR>[Address Reference Count : 1]<UL><LI> arm_startup_nrf52840.o(RESET)
</UL>
<P><STRONG><a name="[21]"></a>SWI3_EGU3_IRQHandler</STRONG> (Thumb, 0 bytes, Stack size 0 bytes, arm_startup_nrf52840.o(.text))
<BR>[Address Reference Count : 1]<UL><LI> arm_startup_nrf52840.o(RESET)
</UL>
<P><STRONG><a name="[22]"></a>SWI4_EGU4_IRQHandler</STRONG> (Thumb, 0 bytes, Stack size 0 bytes, arm_startup_nrf52840.o(.text))
<BR>[Address Reference Count : 1]<UL><LI> arm_startup_nrf52840.o(RESET)
</UL>
<P><STRONG><a name="[23]"></a>SWI5_EGU5_IRQHandler</STRONG> (Thumb, 0 bytes, Stack size 0 bytes, arm_startup_nrf52840.o(.text))
<BR>[Address Reference Count : 1]<UL><LI> arm_startup_nrf52840.o(RESET)
</UL>
<P><STRONG><a name="[16]"></a>TEMP_IRQHandler</STRONG> (Thumb, 0 bytes, Stack size 0 bytes, arm_startup_nrf52840.o(.text))
<BR>[Address Reference Count : 1]<UL><LI> arm_startup_nrf52840.o(RESET)
</UL>
<P><STRONG><a name="[12]"></a>TIMER0_IRQHandler</STRONG> (Thumb, 0 bytes, Stack size 0 bytes, arm_startup_nrf52840.o(.text))
<BR>[Address Reference Count : 1]<UL><LI> arm_startup_nrf52840.o(RESET)
</UL>
<P><STRONG><a name="[13]"></a>TIMER1_IRQHandler</STRONG> (Thumb, 0 bytes, Stack size 0 bytes, arm_startup_nrf52840.o(.text))
<BR>[Address Reference Count : 1]<UL><LI> arm_startup_nrf52840.o(RESET)
</UL>
<P><STRONG><a name="[14]"></a>TIMER2_IRQHandler</STRONG> (Thumb, 0 bytes, Stack size 0 bytes, arm_startup_nrf52840.o(.text))
<BR>[Address Reference Count : 1]<UL><LI> arm_startup_nrf52840.o(RESET)
</UL>
<P><STRONG><a name="[24]"></a>TIMER3_IRQHandler</STRONG> (Thumb, 0 bytes, Stack size 0 bytes, arm_startup_nrf52840.o(.text))
<BR>[Address Reference Count : 1]<UL><LI> arm_startup_nrf52840.o(RESET)
</UL>
<P><STRONG><a name="[25]"></a>TIMER4_IRQHandler</STRONG> (Thumb, 0 bytes, Stack size 0 bytes, arm_startup_nrf52840.o(.text))
<BR>[Address Reference Count : 1]<UL><LI> arm_startup_nrf52840.o(RESET)
</UL>
<P><STRONG><a name="[30]"></a>UARTE1_IRQHandler</STRONG> (Thumb, 0 bytes, Stack size 0 bytes, arm_startup_nrf52840.o(.text))
<BR>[Address Reference Count : 1]<UL><LI> arm_startup_nrf52840.o(RESET)
</UL>
<P><STRONG><a name="[2f]"></a>USBD_IRQHandler</STRONG> (Thumb, 0 bytes, Stack size 0 bytes, arm_startup_nrf52840.o(.text))
<BR>[Address Reference Count : 1]<UL><LI> arm_startup_nrf52840.o(RESET)
</UL>
<P><STRONG><a name="[1a]"></a>WDT_IRQHandler</STRONG> (Thumb, 0 bytes, Stack size 0 bytes, arm_startup_nrf52840.o(.text))
<BR>[Address Reference Count : 1]<UL><LI> arm_startup_nrf52840.o(RESET)
</UL>
<P><STRONG><a name="[56]"></a>__aeabi_uldivmod</STRONG> (Thumb, 98 bytes, Stack size 40 bytes, uldiv.o(.text))
<BR><BR>[Stack]<UL><LI>Max Depth = 40<LI>Call Chain = __aeabi_uldivmod
</UL>
<BR>[Calls]<UL><LI><a href="#[57]">&gt;&gt;</a>&nbsp;&nbsp;&nbsp;__aeabi_llsr
<LI><a href="#[58]">&gt;&gt;</a>&nbsp;&nbsp;&nbsp;__aeabi_llsl
</UL>
<BR>[Called By]<UL><LI><a href="#[d4]">&gt;&gt;</a>&nbsp;&nbsp;&nbsp;bsp_led_indication
</UL>

<P><STRONG><a name="[148]"></a>__rt_ctype_table</STRONG> (Thumb, 4 bytes, Stack size 0 bytes, ctype_o.o(.text))
<BR><BR>[Called By]<UL><LI><a href="#[140]">&gt;&gt;</a>&nbsp;&nbsp;&nbsp;nrf_log_hexdump_entry_process
</UL>

<P><STRONG><a name="[7c]"></a>__aeabi_memcpy</STRONG> (Thumb, 36 bytes, Stack size 0 bytes, memcpya.o(.text))
<BR><BR>[Called By]<UL><LI><a href="#[ec]">&gt;&gt;</a>&nbsp;&nbsp;&nbsp;discovery_complete_evt_trigger
<LI><a href="#[43]">&gt;&gt;</a>&nbsp;&nbsp;&nbsp;ble_nus_c_evt_handler
<LI><a href="#[10a]">&gt;&gt;</a>&nbsp;&nbsp;&nbsp;memobj_op
<LI><a href="#[6c]">&gt;&gt;</a>&nbsp;&nbsp;&nbsp;_WriteNoCheck
<LI><a href="#[6d]">&gt;&gt;</a>&nbsp;&nbsp;&nbsp;_WriteBlocking
</UL>

<P><STRONG><a name="[9d]"></a>__aeabi_memcpy4</STRONG> (Thumb, 0 bytes, Stack size 0 bytes, memcpya.o(.text))
<BR><BR>[Called By]<UL><LI><a href="#[117]">&gt;&gt;</a>&nbsp;&nbsp;&nbsp;on_data_length_update_evt
<LI><a href="#[ef]">&gt;&gt;</a>&nbsp;&nbsp;&nbsp;discovery_error_evt_trigger
<LI><a href="#[9b]">&gt;&gt;</a>&nbsp;&nbsp;&nbsp;app_uart_init
<LI><a href="#[105]">&gt;&gt;</a>&nbsp;&nbsp;&nbsp;uart_init
<LI><a href="#[107]">&gt;&gt;</a>&nbsp;&nbsp;&nbsp;spis_init
</UL>

<P><STRONG><a name="[182]"></a>__aeabi_memcpy8</STRONG> (Thumb, 0 bytes, Stack size 0 bytes, memcpya.o(.text), UNUSED)

<P><STRONG><a name="[5a]"></a>__aeabi_memset</STRONG> (Thumb, 14 bytes, Stack size 0 bytes, memseta.o(.text))
<BR><BR>[Called By]<UL><LI><a href="#[5b]">&gt;&gt;</a>&nbsp;&nbsp;&nbsp;_memset$wrapper
<LI><a href="#[59]">&gt;&gt;</a>&nbsp;&nbsp;&nbsp;__aeabi_memclr
</UL>

<P><STRONG><a name="[183]"></a>__aeabi_memset4</STRONG> (Thumb, 0 bytes, Stack size 0 bytes, memseta.o(.text), UNUSED)

<P><STRONG><a name="[184]"></a>__aeabi_memset8</STRONG> (Thumb, 0 bytes, Stack size 0 bytes, memseta.o(.text), UNUSED)

<P><STRONG><a name="[59]"></a>__aeabi_memclr</STRONG> (Thumb, 4 bytes, Stack size 0 bytes, memseta.o(.text))
<BR><BR>[Calls]<UL><LI><a href="#[5a]">&gt;&gt;</a>&nbsp;&nbsp;&nbsp;__aeabi_memset
</UL>
<BR>[Called By]<UL><LI><a href="#[aa]">&gt;&gt;</a>&nbsp;&nbsp;&nbsp;discovery_start
<LI><a href="#[43]">&gt;&gt;</a>&nbsp;&nbsp;&nbsp;ble_nus_c_evt_handler
</UL>

<P><STRONG><a name="[b6]"></a>__aeabi_memclr4</STRONG> (Thumb, 0 bytes, Stack size 0 bytes, memseta.o(.text))
<BR><BR>[Called By]<UL><LI><a href="#[bc]">&gt;&gt;</a>&nbsp;&nbsp;&nbsp;ble_nus_c_on_db_disc_evt
<LI><a href="#[35]">&gt;&gt;</a>&nbsp;&nbsp;&nbsp;main
<LI><a href="#[43]">&gt;&gt;</a>&nbsp;&nbsp;&nbsp;ble_nus_c_evt_handler
<LI><a href="#[13c]">&gt;&gt;</a>&nbsp;&nbsp;&nbsp;nrf_log_backend_serial_put
</UL>

<P><STRONG><a name="[185]"></a>__aeabi_memclr8</STRONG> (Thumb, 0 bytes, Stack size 0 bytes, memseta.o(.text), UNUSED)

<P><STRONG><a name="[5b]"></a>_memset$wrapper</STRONG> (Thumb, 18 bytes, Stack size 8 bytes, memseta.o(.text), UNUSED)
<BR><BR>[Calls]<UL><LI><a href="#[5a]">&gt;&gt;</a>&nbsp;&nbsp;&nbsp;__aeabi_memset
</UL>

<P><STRONG><a name="[164]"></a>strlen</STRONG> (Thumb, 14 bytes, Stack size 0 bytes, strlen.o(.text))
<BR><BR>[Called By]<UL><LI><a href="#[136]">&gt;&gt;</a>&nbsp;&nbsp;&nbsp;string_print
</UL>

<P><STRONG><a name="[b2]"></a>memcmp</STRONG> (Thumb, 26 bytes, Stack size 12 bytes, memcmp.o(.text))
<BR><BR>[Stack]<UL><LI>Max Depth = 12<LI>Call Chain = memcmp
</UL>
<BR>[Called By]<UL><LI><a href="#[4f]">&gt;&gt;</a>&nbsp;&nbsp;&nbsp;ble_evt_handler
</UL>

<P><STRONG><a name="[7b]"></a>strcpy</STRONG> (Thumb, 18 bytes, Stack size 0 bytes, strcpy.o(.text))
<BR><BR>[Called By]<UL><LI><a href="#[69]">&gt;&gt;</a>&nbsp;&nbsp;&nbsp;_DoInit
</UL>

<P><STRONG><a name="[58]"></a>__aeabi_llsl</STRONG> (Thumb, 30 bytes, Stack size 0 bytes, llshl.o(.text))
<BR><BR>[Called By]<UL><LI><a href="#[56]">&gt;&gt;</a>&nbsp;&nbsp;&nbsp;__aeabi_uldivmod
</UL>

<P><STRONG><a name="[186]"></a>_ll_shift_l</STRONG> (Thumb, 0 bytes, Stack size 0 bytes, llshl.o(.text), UNUSED)

<P><STRONG><a name="[57]"></a>__aeabi_llsr</STRONG> (Thumb, 32 bytes, Stack size 0 bytes, llushr.o(.text))
<BR><BR>[Called By]<UL><LI><a href="#[56]">&gt;&gt;</a>&nbsp;&nbsp;&nbsp;__aeabi_uldivmod
</UL>

<P><STRONG><a name="[187]"></a>_ll_ushift_r</STRONG> (Thumb, 0 bytes, Stack size 0 bytes, llushr.o(.text), UNUSED)

<P><STRONG><a name="[55]"></a>__scatterload</STRONG> (Thumb, 28 bytes, Stack size 0 bytes, init.o(.text))
<BR><BR>[Calls]<UL><LI><a href="#[5c]">&gt;&gt;</a>&nbsp;&nbsp;&nbsp;__main_after_scatterload
</UL>
<BR>[Called By]<UL><LI><a href="#[54]">&gt;&gt;</a>&nbsp;&nbsp;&nbsp;_main_scatterload
</UL>

<P><STRONG><a name="[188]"></a>__scatterload_rt2</STRONG> (Thumb, 0 bytes, Stack size 0 bytes, init.o(.text), UNUSED)

<P><STRONG><a name="[189]"></a>__decompress</STRONG> (Thumb, 0 bytes, Stack size unknown bytes, __dczerorl2.o(.text), UNUSED)

<P><STRONG><a name="[18a]"></a>__decompress1</STRONG> (Thumb, 86 bytes, Stack size unknown bytes, __dczerorl2.o(.text), UNUSED)

<P><STRONG><a name="[10]"></a>GPIOTE_IRQHandler</STRONG> (Thumb, 444 bytes, Stack size 72 bytes, nrf_drv_gpiote.o(i.GPIOTE_IRQHandler))
<BR><BR>[Stack]<UL><LI>Max Depth = 88<LI>Call Chain = GPIOTE_IRQHandler &rArr; nrf_gpio_ports_read
</UL>
<BR>[Calls]<UL><LI><a href="#[5d]">&gt;&gt;</a>&nbsp;&nbsp;&nbsp;nrf_gpiote_event_is_set
<LI><a href="#[5e]">&gt;&gt;</a>&nbsp;&nbsp;&nbsp;nrf_gpiote_event_clear
<LI><a href="#[5f]">&gt;&gt;</a>&nbsp;&nbsp;&nbsp;nrf_gpio_ports_read
<LI><a href="#[62]">&gt;&gt;</a>&nbsp;&nbsp;&nbsp;nrf_gpio_pin_port_decode
<LI><a href="#[63]">&gt;&gt;</a>&nbsp;&nbsp;&nbsp;nrf_gpio_cfg_sense_set
<LI><a href="#[60]">&gt;&gt;</a>&nbsp;&nbsp;&nbsp;nrf_bitmask_bit_is_set
<LI><a href="#[61]">&gt;&gt;</a>&nbsp;&nbsp;&nbsp;channel_port_get
</UL>
<BR>[Address Reference Count : 1]<UL><LI> arm_startup_nrf52840.o(RESET)
</UL>
<P><STRONG><a name="[a]"></a>POWER_CLOCK_IRQHandler</STRONG> (Thumb, 84 bytes, Stack size 24 bytes, nrf_drv_clock.o(i.POWER_CLOCK_IRQHandler))
<BR><BR>[Stack]<UL><LI>Max Depth = 40<LI>Call Chain = POWER_CLOCK_IRQHandler &rArr; clock_clk_started_notify
</UL>
<BR>[Calls]<UL><LI><a href="#[65]">&gt;&gt;</a>&nbsp;&nbsp;&nbsp;nrf_clock_event_clear
<LI><a href="#[64]">&gt;&gt;</a>&nbsp;&nbsp;&nbsp;nrf_clock_event_check
<LI><a href="#[66]">&gt;&gt;</a>&nbsp;&nbsp;&nbsp;clock_clk_started_notify
</UL>
<BR>[Address Reference Count : 1]<UL><LI> arm_startup_nrf52840.o(RESET)
</UL>
<P><STRONG><a name="[1b]"></a>RTC1_IRQHandler</STRONG> (Thumb, 20 bytes, Stack size 0 bytes, app_timer.o(i.RTC1_IRQHandler))
<BR><BR>[Stack]<UL><LI>Max Depth = 24<LI>Call Chain = RTC1_IRQHandler &rArr; timer_timeouts_check
</UL>
<BR>[Calls]<UL><LI><a href="#[67]">&gt;&gt;</a>&nbsp;&nbsp;&nbsp;timer_timeouts_check
</UL>
<BR>[Address Reference Count : 1]<UL><LI> arm_startup_nrf52840.o(RESET)
</UL>
<P><STRONG><a name="[68]"></a>SEGGER_RTT_Init</STRONG> (Thumb, 4 bytes, Stack size 0 bytes, segger_rtt.o(i.SEGGER_RTT_Init))
<BR><BR>[Stack]<UL><LI>Max Depth = 8<LI>Call Chain = SEGGER_RTT_Init &rArr; _DoInit
</UL>
<BR>[Calls]<UL><LI><a href="#[69]">&gt;&gt;</a>&nbsp;&nbsp;&nbsp;_DoInit
</UL>
<BR>[Called By]<UL><LI><a href="#[13b]">&gt;&gt;</a>&nbsp;&nbsp;&nbsp;nrf_log_backend_rtt_init
</UL>

<P><STRONG><a name="[6a]"></a>SEGGER_RTT_WriteNoLock</STRONG> (Thumb, 102 bytes, Stack size 16 bytes, segger_rtt.o(i.SEGGER_RTT_WriteNoLock))
<BR><BR>[Stack]<UL><LI>Max Depth = 48<LI>Call Chain = SEGGER_RTT_WriteNoLock &rArr; _WriteBlocking
</UL>
<BR>[Calls]<UL><LI><a href="#[6c]">&gt;&gt;</a>&nbsp;&nbsp;&nbsp;_WriteNoCheck
<LI><a href="#[6d]">&gt;&gt;</a>&nbsp;&nbsp;&nbsp;_WriteBlocking
<LI><a href="#[6b]">&gt;&gt;</a>&nbsp;&nbsp;&nbsp;_GetAvailWriteSpace
</UL>
<BR>[Called By]<UL><LI><a href="#[41]">&gt;&gt;</a>&nbsp;&nbsp;&nbsp;serial_tx
</UL>

<P><STRONG><a name="[e]"></a>SPIM1_SPIS1_TWIM1_TWIS1_SPI1_TWI1_IRQHandler</STRONG> (Thumb, 10 bytes, Stack size 0 bytes, nrf_drv_spis.o(i.SPIM1_SPIS1_TWIM1_TWIS1_SPI1_TWI1_IRQHandler))
<BR><BR>[Stack]<UL><LI>Max Depth = 24<LI>Call Chain = SPIM1_SPIS1_TWIM1_TWIS1_SPI1_TWI1_IRQHandler &rArr; spis_irq_handler &rArr; nrf_spis_event_clear
</UL>
<BR>[Calls]<UL><LI><a href="#[6e]">&gt;&gt;</a>&nbsp;&nbsp;&nbsp;spis_irq_handler
</UL>
<BR>[Address Reference Count : 1]<UL><LI> arm_startup_nrf52840.o(RESET)
</UL>
<P><STRONG><a name="[1e]"></a>SWI0_EGU0_IRQHandler</STRONG> (Thumb, 4 bytes, Stack size 0 bytes, app_timer.o(i.SWI0_EGU0_IRQHandler))
<BR><BR>[Stack]<UL><LI>Max Depth = 88<LI>Call Chain = SWI0_EGU0_IRQHandler &rArr; timer_list_handler &rArr; list_insertions_handler &rArr; timer_list_remove
</UL>
<BR>[Calls]<UL><LI><a href="#[6f]">&gt;&gt;</a>&nbsp;&nbsp;&nbsp;timer_list_handler
</UL>
<BR>[Address Reference Count : 1]<UL><LI> arm_startup_nrf52840.o(RESET)
</UL>
<P><STRONG><a name="[20]"></a>SWI2_EGU2_IRQHandler</STRONG> (Thumb, 4 bytes, Stack size 0 bytes, nrf_sdh.o(i.SWI2_EGU2_IRQHandler))
<BR><BR>[Stack]<UL><LI>Max Depth = 24<LI>Call Chain = SWI2_EGU2_IRQHandler &rArr; nrf_sdh_evts_poll &rArr; nrf_section_iter_next &rArr; nrf_section_iter_item_set
</UL>
<BR>[Calls]<UL><LI><a href="#[70]">&gt;&gt;</a>&nbsp;&nbsp;&nbsp;nrf_sdh_evts_poll
</UL>
<BR>[Address Reference Count : 1]<UL><LI> arm_startup_nrf52840.o(RESET)
</UL>
<P><STRONG><a name="[78]"></a>SystemCoreClockUpdate</STRONG> (Thumb, 8 bytes, Stack size 0 bytes, system_nrf52840.o(i.SystemCoreClockUpdate))
<BR><BR>[Called By]<UL><LI><a href="#[36]">&gt;&gt;</a>&nbsp;&nbsp;&nbsp;SystemInit
</UL>

<P><STRONG><a name="[36]"></a>SystemInit</STRONG> (Thumb, 396 bytes, Stack size 16 bytes, system_nrf52840.o(i.SystemInit))
<BR><BR>[Stack]<UL><LI>Max Depth = 16<LI>Call Chain = SystemInit
</UL>
<BR>[Calls]<UL><LI><a href="#[78]">&gt;&gt;</a>&nbsp;&nbsp;&nbsp;SystemCoreClockUpdate
<LI><a href="#[73]">&gt;&gt;</a>&nbsp;&nbsp;&nbsp;errata_98
<LI><a href="#[72]">&gt;&gt;</a>&nbsp;&nbsp;&nbsp;errata_66
<LI><a href="#[71]">&gt;&gt;</a>&nbsp;&nbsp;&nbsp;errata_36
<LI><a href="#[77]">&gt;&gt;</a>&nbsp;&nbsp;&nbsp;errata_136
<LI><a href="#[76]">&gt;&gt;</a>&nbsp;&nbsp;&nbsp;errata_120
<LI><a href="#[75]">&gt;&gt;</a>&nbsp;&nbsp;&nbsp;errata_115
<LI><a href="#[74]">&gt;&gt;</a>&nbsp;&nbsp;&nbsp;errata_103
</UL>
<BR>[Address Reference Count : 1]<UL><LI> arm_startup_nrf52840.o(.text)
</UL>
<P><STRONG><a name="[c]"></a>UARTE0_UART0_IRQHandler</STRONG> (Thumb, 22 bytes, Stack size 0 bytes, nrf_drv_uart.o(i.UARTE0_UART0_IRQHandler))
<BR><BR>[Stack]<UL><LI>Max Depth = 72<LI>Call Chain = UARTE0_UART0_IRQHandler &rArr; uart_irq_handler &rArr; tx_done_event
</UL>
<BR>[Calls]<UL><LI><a href="#[79]">&gt;&gt;</a>&nbsp;&nbsp;&nbsp;uarte_irq_handler
<LI><a href="#[7a]">&gt;&gt;</a>&nbsp;&nbsp;&nbsp;uart_irq_handler
</UL>
<BR>[Address Reference Count : 1]<UL><LI> arm_startup_nrf52840.o(RESET)
</UL>
<P><STRONG><a name="[18b]"></a>__scatterload_copy</STRONG> (Thumb, 14 bytes, Stack size unknown bytes, handlers.o(i.__scatterload_copy), UNUSED)

<P><STRONG><a name="[18c]"></a>__scatterload_null</STRONG> (Thumb, 2 bytes, Stack size unknown bytes, handlers.o(i.__scatterload_null), UNUSED)

<P><STRONG><a name="[18d]"></a>__scatterload_zeroinit</STRONG> (Thumb, 14 bytes, Stack size unknown bytes, handlers.o(i.__scatterload_zeroinit), UNUSED)

<P><STRONG><a name="[80]"></a>app_button_enable</STRONG> (Thumb, 32 bytes, Stack size 16 bytes, app_button.o(i.app_button_enable))
<BR><BR>[Stack]<UL><LI>Max Depth = 56<LI>Call Chain = app_button_enable &rArr; nrf_drv_gpiote_in_event_enable &rArr; nrf_gpio_cfg_sense_set
</UL>
<BR>[Calls]<UL><LI><a href="#[81]">&gt;&gt;</a>&nbsp;&nbsp;&nbsp;nrf_drv_gpiote_in_event_enable
</UL>
<BR>[Called By]<UL><LI><a href="#[d5]">&gt;&gt;</a>&nbsp;&nbsp;&nbsp;bsp_init
</UL>

<P><STRONG><a name="[82]"></a>app_button_init</STRONG> (Thumb, 96 bytes, Stack size 24 bytes, app_button.o(i.app_button_init))
<BR><BR>[Stack]<UL><LI>Max Depth = 96<LI>Call Chain = app_button_init &rArr; nrf_drv_gpiote_in_init &rArr; nrf_gpio_cfg
</UL>
<BR>[Calls]<UL><LI><a href="#[86]">&gt;&gt;</a>&nbsp;&nbsp;&nbsp;app_timer_create
<LI><a href="#[83]">&gt;&gt;</a>&nbsp;&nbsp;&nbsp;nrf_drv_gpiote_is_init
<LI><a href="#[84]">&gt;&gt;</a>&nbsp;&nbsp;&nbsp;nrf_drv_gpiote_init
<LI><a href="#[85]">&gt;&gt;</a>&nbsp;&nbsp;&nbsp;nrf_drv_gpiote_in_init
</UL>
<BR>[Called By]<UL><LI><a href="#[d5]">&gt;&gt;</a>&nbsp;&nbsp;&nbsp;bsp_init
</UL>

<P><STRONG><a name="[42]"></a>app_error_fault_handler</STRONG> (Thumb, 80 bytes, Stack size 0 bytes, app_error_weak.o(i.app_error_fault_handler))
<BR><BR>[Stack]<UL><LI>Max Depth = 172<LI>Call Chain = app_error_fault_handler &rArr; nrf_log_frontend_std_0 &rArr; std_n &rArr; nrf_log_frontend_dequeue &rArr; nrf_memobj_alloc &rArr; nrf_memobj_free &rArr; nrf_balloc_free &rArr; app_util_critical_region_enter
</UL>
<BR>[Calls]<UL><LI><a href="#[89]">&gt;&gt;</a>&nbsp;&nbsp;&nbsp;nrf_log_frontend_std_0
<LI><a href="#[88]">&gt;&gt;</a>&nbsp;&nbsp;&nbsp;nrf_log_frontend_dequeue
<LI><a href="#[87]">&gt;&gt;</a>&nbsp;&nbsp;&nbsp;nrf_log_panic
</UL>
<BR>[Called By]<UL><LI><a href="#[8a]">&gt;&gt;</a>&nbsp;&nbsp;&nbsp;app_error_handler_bare
</UL>
<BR>[Address Reference Count : 1]<UL><LI> nrf_sdh.o(i.nrf_sdh_enable_request)
</UL>
<P><STRONG><a name="[8a]"></a>app_error_handler_bare</STRONG> (Thumb, 22 bytes, Stack size 16 bytes, app_error.o(i.app_error_handler_bare))
<BR><BR>[Stack]<UL><LI>Max Depth = 188<LI>Call Chain = app_error_handler_bare &rArr; app_error_fault_handler &rArr; nrf_log_frontend_std_0 &rArr; std_n &rArr; nrf_log_frontend_dequeue &rArr; nrf_memobj_alloc &rArr; nrf_memobj_free &rArr; nrf_balloc_free &rArr; app_util_critical_region_enter
</UL>
<BR>[Calls]<UL><LI><a href="#[42]">&gt;&gt;</a>&nbsp;&nbsp;&nbsp;app_error_fault_handler
</UL>
<BR>[Called By]<UL><LI><a href="#[99]">&gt;&gt;</a>&nbsp;&nbsp;&nbsp;app_uart_get
<LI><a href="#[45]">&gt;&gt;</a>&nbsp;&nbsp;&nbsp;uart_event_handle
<LI><a href="#[35]">&gt;&gt;</a>&nbsp;&nbsp;&nbsp;main
<LI><a href="#[f1]">&gt;&gt;</a>&nbsp;&nbsp;&nbsp;gatt_init
<LI><a href="#[3e]">&gt;&gt;</a>&nbsp;&nbsp;&nbsp;bsp_event_handler
<LI><a href="#[105]">&gt;&gt;</a>&nbsp;&nbsp;&nbsp;uart_init
<LI><a href="#[103]">&gt;&gt;</a>&nbsp;&nbsp;&nbsp;timer_init
<LI><a href="#[107]">&gt;&gt;</a>&nbsp;&nbsp;&nbsp;spis_init
<LI><a href="#[4a]">&gt;&gt;</a>&nbsp;&nbsp;&nbsp;shutdown_handler
<LI><a href="#[b4]">&gt;&gt;</a>&nbsp;&nbsp;&nbsp;scan_start
<LI><a href="#[104]">&gt;&gt;</a>&nbsp;&nbsp;&nbsp;power_init
<LI><a href="#[106]">&gt;&gt;</a>&nbsp;&nbsp;&nbsp;nus_c_init
<LI><a href="#[fe]">&gt;&gt;</a>&nbsp;&nbsp;&nbsp;log_init
<LI><a href="#[e6]">&gt;&gt;</a>&nbsp;&nbsp;&nbsp;db_discovery_init
<LI><a href="#[df]">&gt;&gt;</a>&nbsp;&nbsp;&nbsp;buttons_leds_init
<LI><a href="#[bf]">&gt;&gt;</a>&nbsp;&nbsp;&nbsp;ble_stack_init
<LI><a href="#[43]">&gt;&gt;</a>&nbsp;&nbsp;&nbsp;ble_nus_c_evt_handler
<LI><a href="#[4f]">&gt;&gt;</a>&nbsp;&nbsp;&nbsp;ble_evt_handler
<LI><a href="#[163]">&gt;&gt;</a>&nbsp;&nbsp;&nbsp;spis_state_entry_action_execute
<LI><a href="#[52]">&gt;&gt;</a>&nbsp;&nbsp;&nbsp;nrf_sdh_soc_evts_poll
<LI><a href="#[51]">&gt;&gt;</a>&nbsp;&nbsp;&nbsp;nrf_sdh_ble_evts_poll
<LI><a href="#[15a]">&gt;&gt;</a>&nbsp;&nbsp;&nbsp;softdevices_evt_irq_enable
</UL>

<P><STRONG><a name="[8b]"></a>app_fifo_get</STRONG> (Thumb, 24 bytes, Stack size 8 bytes, app_fifo.o(i.app_fifo_get))
<BR><BR>[Stack]<UL><LI>Max Depth = 8<LI>Call Chain = app_fifo_get
</UL>
<BR>[Calls]<UL><LI><a href="#[8c]">&gt;&gt;</a>&nbsp;&nbsp;&nbsp;fifo_get
</UL>
<BR>[Called By]<UL><LI><a href="#[99]">&gt;&gt;</a>&nbsp;&nbsp;&nbsp;app_uart_get
<LI><a href="#[3a]">&gt;&gt;</a>&nbsp;&nbsp;&nbsp;uart_event_handler
</UL>

<P><STRONG><a name="[9c]"></a>app_fifo_init</STRONG> (Thumb, 34 bytes, Stack size 0 bytes, app_fifo.o(i.app_fifo_init))
<BR><BR>[Called By]<UL><LI><a href="#[9b]">&gt;&gt;</a>&nbsp;&nbsp;&nbsp;app_uart_init
</UL>

<P><STRONG><a name="[8d]"></a>app_fifo_put</STRONG> (Thumb, 26 bytes, Stack size 8 bytes, app_fifo.o(i.app_fifo_put))
<BR><BR>[Stack]<UL><LI>Max Depth = 8<LI>Call Chain = app_fifo_put
</UL>
<BR>[Calls]<UL><LI><a href="#[8e]">&gt;&gt;</a>&nbsp;&nbsp;&nbsp;fifo_put
</UL>
<BR>[Called By]<UL><LI><a href="#[3a]">&gt;&gt;</a>&nbsp;&nbsp;&nbsp;uart_event_handler
</UL>

<P><STRONG><a name="[b8]"></a>app_timer_cnt_get</STRONG> (Thumb, 6 bytes, Stack size 0 bytes, app_timer.o(i.app_timer_cnt_get))
<BR><BR>[Called By]<UL><LI><a href="#[43]">&gt;&gt;</a>&nbsp;&nbsp;&nbsp;ble_nus_c_evt_handler
</UL>

<P><STRONG><a name="[86]"></a>app_timer_create</STRONG> (Thumb, 46 bytes, Stack size 0 bytes, app_timer.o(i.app_timer_create))
<BR><BR>[Called By]<UL><LI><a href="#[82]">&gt;&gt;</a>&nbsp;&nbsp;&nbsp;app_button_init
<LI><a href="#[d5]">&gt;&gt;</a>&nbsp;&nbsp;&nbsp;bsp_init
</UL>

<P><STRONG><a name="[8f]"></a>app_timer_init</STRONG> (Thumb, 62 bytes, Stack size 8 bytes, app_timer.o(i.app_timer_init))
<BR><BR>[Stack]<UL><LI>Max Depth = 24<LI>Call Chain = app_timer_init &rArr; rtc1_stop
</UL>
<BR>[Calls]<UL><LI><a href="#[90]">&gt;&gt;</a>&nbsp;&nbsp;&nbsp;rtc1_stop
<LI><a href="#[94]">&gt;&gt;</a>&nbsp;&nbsp;&nbsp;rtc1_init
<LI><a href="#[92]">&gt;&gt;</a>&nbsp;&nbsp;&nbsp;NVIC_SetPriority
<LI><a href="#[93]">&gt;&gt;</a>&nbsp;&nbsp;&nbsp;NVIC_EnableIRQ
<LI><a href="#[91]">&gt;&gt;</a>&nbsp;&nbsp;&nbsp;NVIC_ClearPendingIRQ
</UL>
<BR>[Called By]<UL><LI><a href="#[103]">&gt;&gt;</a>&nbsp;&nbsp;&nbsp;timer_init
</UL>

<P><STRONG><a name="[95]"></a>app_timer_start</STRONG> (Thumb, 54 bytes, Stack size 0 bytes, app_timer.o(i.app_timer_start))
<BR><BR>[Stack]<UL><LI>Max Depth = 44<LI>Call Chain = app_timer_start &rArr; timer_start_op_schedule &rArr; app_util_critical_region_enter
</UL>
<BR>[Calls]<UL><LI><a href="#[96]">&gt;&gt;</a>&nbsp;&nbsp;&nbsp;timer_start_op_schedule
</UL>
<BR>[Called By]<UL><LI><a href="#[d4]">&gt;&gt;</a>&nbsp;&nbsp;&nbsp;bsp_led_indication
<LI><a href="#[46]">&gt;&gt;</a>&nbsp;&nbsp;&nbsp;bsp_button_event_handler
<LI><a href="#[38]">&gt;&gt;</a>&nbsp;&nbsp;&nbsp;gpiote_event_handler
</UL>

<P><STRONG><a name="[97]"></a>app_timer_stop</STRONG> (Thumb, 34 bytes, Stack size 0 bytes, app_timer.o(i.app_timer_stop))
<BR><BR>[Stack]<UL><LI>Max Depth = 36<LI>Call Chain = app_timer_stop &rArr; timer_stop_op_schedule &rArr; app_util_critical_region_enter
</UL>
<BR>[Calls]<UL><LI><a href="#[98]">&gt;&gt;</a>&nbsp;&nbsp;&nbsp;timer_stop_op_schedule
</UL>
<BR>[Called By]<UL><LI><a href="#[d4]">&gt;&gt;</a>&nbsp;&nbsp;&nbsp;bsp_led_indication
<LI><a href="#[46]">&gt;&gt;</a>&nbsp;&nbsp;&nbsp;bsp_button_event_handler
<LI><a href="#[38]">&gt;&gt;</a>&nbsp;&nbsp;&nbsp;gpiote_event_handler
</UL>

<P><STRONG><a name="[99]"></a>app_uart_get</STRONG> (Thumb, 42 bytes, Stack size 16 bytes, app_uart_fifo.o(i.app_uart_get))
<BR><BR>[Stack]<UL><LI>Max Depth = 204<LI>Call Chain = app_uart_get &rArr; app_error_handler_bare &rArr; app_error_fault_handler &rArr; nrf_log_frontend_std_0 &rArr; std_n &rArr; nrf_log_frontend_dequeue &rArr; nrf_memobj_alloc &rArr; nrf_memobj_free &rArr; nrf_balloc_free &rArr; app_util_critical_region_enter
</UL>
<BR>[Calls]<UL><LI><a href="#[8a]">&gt;&gt;</a>&nbsp;&nbsp;&nbsp;app_error_handler_bare
<LI><a href="#[9a]">&gt;&gt;</a>&nbsp;&nbsp;&nbsp;nrf_drv_uart_rx
<LI><a href="#[8b]">&gt;&gt;</a>&nbsp;&nbsp;&nbsp;app_fifo_get
</UL>
<BR>[Called By]<UL><LI><a href="#[45]">&gt;&gt;</a>&nbsp;&nbsp;&nbsp;uart_event_handle
</UL>

<P><STRONG><a name="[9b]"></a>app_uart_init</STRONG> (Thumb, 176 bytes, Stack size 56 bytes, app_uart_fifo.o(i.app_uart_init))
<BR><BR>[Stack]<UL><LI>Max Depth = 152<LI>Call Chain = app_uart_init &rArr; nrf_drv_uart_init &rArr; apply_config &rArr; nrf_gpio_cfg_output &rArr; nrf_gpio_cfg
</UL>
<BR>[Calls]<UL><LI><a href="#[9f]">&gt;&gt;</a>&nbsp;&nbsp;&nbsp;nrf_drv_uart_rx_enable
<LI><a href="#[9a]">&gt;&gt;</a>&nbsp;&nbsp;&nbsp;nrf_drv_uart_rx
<LI><a href="#[9e]">&gt;&gt;</a>&nbsp;&nbsp;&nbsp;nrf_drv_uart_init
<LI><a href="#[9c]">&gt;&gt;</a>&nbsp;&nbsp;&nbsp;app_fifo_init
<LI><a href="#[9d]">&gt;&gt;</a>&nbsp;&nbsp;&nbsp;__aeabi_memcpy4
</UL>
<BR>[Called By]<UL><LI><a href="#[105]">&gt;&gt;</a>&nbsp;&nbsp;&nbsp;uart_init
</UL>

<P><STRONG><a name="[da]"></a>app_util_critical_region_enter</STRONG> (Thumb, 56 bytes, Stack size 12 bytes, app_util_platform.o(i.app_util_critical_region_enter))
<BR><BR>[Stack]<UL><LI>Max Depth = 12<LI>Call Chain = app_util_critical_region_enter
</UL>
<BR>[Called By]<UL><LI><a href="#[11c]">&gt;&gt;</a>&nbsp;&nbsp;&nbsp;nrf_drv_clock_lfclk_release
<LI><a href="#[53]">&gt;&gt;</a>&nbsp;&nbsp;&nbsp;sd_state_evt_handler
<LI><a href="#[109]">&gt;&gt;</a>&nbsp;&nbsp;&nbsp;nrf_pwr_mgmt_run
<LI><a href="#[88]">&gt;&gt;</a>&nbsp;&nbsp;&nbsp;nrf_log_frontend_dequeue
<LI><a href="#[110]">&gt;&gt;</a>&nbsp;&nbsp;&nbsp;nrf_balloc_free
<LI><a href="#[10e]">&gt;&gt;</a>&nbsp;&nbsp;&nbsp;nrf_balloc_alloc
<LI><a href="#[98]">&gt;&gt;</a>&nbsp;&nbsp;&nbsp;timer_stop_op_schedule
<LI><a href="#[96]">&gt;&gt;</a>&nbsp;&nbsp;&nbsp;timer_start_op_schedule
<LI><a href="#[d9]">&gt;&gt;</a>&nbsp;&nbsp;&nbsp;buf_prealloc
</UL>

<P><STRONG><a name="[dc]"></a>app_util_critical_region_exit</STRONG> (Thumb, 40 bytes, Stack size 0 bytes, app_util_platform.o(i.app_util_critical_region_exit))
<BR><BR>[Called By]<UL><LI><a href="#[11c]">&gt;&gt;</a>&nbsp;&nbsp;&nbsp;nrf_drv_clock_lfclk_release
<LI><a href="#[53]">&gt;&gt;</a>&nbsp;&nbsp;&nbsp;sd_state_evt_handler
<LI><a href="#[109]">&gt;&gt;</a>&nbsp;&nbsp;&nbsp;nrf_pwr_mgmt_run
<LI><a href="#[88]">&gt;&gt;</a>&nbsp;&nbsp;&nbsp;nrf_log_frontend_dequeue
<LI><a href="#[110]">&gt;&gt;</a>&nbsp;&nbsp;&nbsp;nrf_balloc_free
<LI><a href="#[10e]">&gt;&gt;</a>&nbsp;&nbsp;&nbsp;nrf_balloc_alloc
<LI><a href="#[98]">&gt;&gt;</a>&nbsp;&nbsp;&nbsp;timer_stop_op_schedule
<LI><a href="#[96]">&gt;&gt;</a>&nbsp;&nbsp;&nbsp;timer_start_op_schedule
<LI><a href="#[d9]">&gt;&gt;</a>&nbsp;&nbsp;&nbsp;buf_prealloc
</UL>

<P><STRONG><a name="[a4]"></a>ble_db_discovery_evt_register</STRONG> (Thumb, 24 bytes, Stack size 0 bytes, ble_db_discovery.o(i.ble_db_discovery_evt_register))
<BR><BR>[Stack]<UL><LI>Max Depth = 24<LI>Call Chain = ble_db_discovery_evt_register &rArr; registered_handler_set &rArr; registered_handler_get
</UL>
<BR>[Calls]<UL><LI><a href="#[a5]">&gt;&gt;</a>&nbsp;&nbsp;&nbsp;registered_handler_set
</UL>
<BR>[Called By]<UL><LI><a href="#[ba]">&gt;&gt;</a>&nbsp;&nbsp;&nbsp;ble_nus_c_init
</UL>

<P><STRONG><a name="[e7]"></a>ble_db_discovery_init</STRONG> (Thumb, 26 bytes, Stack size 0 bytes, ble_db_discovery.o(i.ble_db_discovery_init))
<BR><BR>[Called By]<UL><LI><a href="#[e6]">&gt;&gt;</a>&nbsp;&nbsp;&nbsp;db_discovery_init
</UL>

<P><STRONG><a name="[4c]"></a>ble_db_discovery_on_ble_evt</STRONG> (Thumb, 120 bytes, Stack size 16 bytes, ble_db_discovery.o(i.ble_db_discovery_on_ble_evt))
<BR><BR>[Stack]<UL><LI>Max Depth = 240<LI>Call Chain = ble_db_discovery_on_ble_evt &rArr; on_characteristic_discovery_rsp &rArr; on_srv_disc_completion &rArr; discovery_error_evt_trigger &rArr; registered_handler_get
</UL>
<BR>[Calls]<UL><LI><a href="#[a6]">&gt;&gt;</a>&nbsp;&nbsp;&nbsp;on_primary_srv_discovery_rsp
<LI><a href="#[a9]">&gt;&gt;</a>&nbsp;&nbsp;&nbsp;on_disconnected
<LI><a href="#[a8]">&gt;&gt;</a>&nbsp;&nbsp;&nbsp;on_descriptor_discovery_rsp
<LI><a href="#[a7]">&gt;&gt;</a>&nbsp;&nbsp;&nbsp;on_characteristic_discovery_rsp
<LI><a href="#[aa]">&gt;&gt;</a>&nbsp;&nbsp;&nbsp;discovery_start
</UL>
<BR>[Address Reference Count : 1]<UL><LI> main.o(sdh_ble_observers1)
</UL>
<P><STRONG><a name="[ab]"></a>ble_db_discovery_start</STRONG> (Thumb, 40 bytes, Stack size 0 bytes, ble_db_discovery.o(i.ble_db_discovery_start))
<BR><BR>[Stack]<UL><LI>Max Depth = 16<LI>Call Chain = ble_db_discovery_start &rArr; discovery_start
</UL>
<BR>[Calls]<UL><LI><a href="#[aa]">&gt;&gt;</a>&nbsp;&nbsp;&nbsp;discovery_start
</UL>
<BR>[Called By]<UL><LI><a href="#[4f]">&gt;&gt;</a>&nbsp;&nbsp;&nbsp;ble_evt_handler
</UL>

<P><STRONG><a name="[b3]"></a>ble_nus_c_handles_assign</STRONG> (Thumb, 28 bytes, Stack size 0 bytes, ble_nus_c.o(i.ble_nus_c_handles_assign))
<BR><BR>[Called By]<UL><LI><a href="#[43]">&gt;&gt;</a>&nbsp;&nbsp;&nbsp;ble_nus_c_evt_handler
<LI><a href="#[4f]">&gt;&gt;</a>&nbsp;&nbsp;&nbsp;ble_evt_handler
</UL>

<P><STRONG><a name="[ba]"></a>ble_nus_c_init</STRONG> (Thumb, 84 bytes, Stack size 32 bytes, ble_nus_c.o(i.ble_nus_c_init))
<BR><BR>[Stack]<UL><LI>Max Depth = 56<LI>Call Chain = ble_nus_c_init &rArr; ble_db_discovery_evt_register &rArr; registered_handler_set &rArr; registered_handler_get
</UL>
<BR>[Calls]<UL><LI><a href="#[a4]">&gt;&gt;</a>&nbsp;&nbsp;&nbsp;ble_db_discovery_evt_register
</UL>
<BR>[Called By]<UL><LI><a href="#[106]">&gt;&gt;</a>&nbsp;&nbsp;&nbsp;nus_c_init
</UL>

<P><STRONG><a name="[4e]"></a>ble_nus_c_on_ble_evt</STRONG> (Thumb, 84 bytes, Stack size 32 bytes, ble_nus_c.o(i.ble_nus_c_on_ble_evt))
<BR><BR>[Stack]<UL><LI>Max Depth = 56<LI>Call Chain = ble_nus_c_on_ble_evt &rArr; on_hvx
</UL>
<BR>[Calls]<UL><LI><a href="#[bb]">&gt;&gt;</a>&nbsp;&nbsp;&nbsp;on_hvx
</UL>
<BR>[Address Reference Count : 1]<UL><LI> main.o(sdh_ble_observers2)
</UL>
<P><STRONG><a name="[bc]"></a>ble_nus_c_on_db_disc_evt</STRONG> (Thumb, 128 bytes, Stack size 32 bytes, ble_nus_c.o(i.ble_nus_c_on_db_disc_evt))
<BR><BR>[Stack]<UL><LI>Max Depth = 32<LI>Call Chain = ble_nus_c_on_db_disc_evt
</UL>
<BR>[Calls]<UL><LI><a href="#[b6]">&gt;&gt;</a>&nbsp;&nbsp;&nbsp;__aeabi_memclr4
</UL>
<BR>[Called By]<UL><LI><a href="#[3f]">&gt;&gt;</a>&nbsp;&nbsp;&nbsp;db_disc_handler
</UL>

<P><STRONG><a name="[bd]"></a>ble_nus_c_string_send</STRONG> (Thumb, 92 bytes, Stack size 24 bytes, ble_nus_c.o(i.ble_nus_c_string_send))
<BR><BR>[Stack]<UL><LI>Max Depth = 196<LI>Call Chain = ble_nus_c_string_send &rArr; nrf_log_frontend_std_0 &rArr; std_n &rArr; nrf_log_frontend_dequeue &rArr; nrf_memobj_alloc &rArr; nrf_memobj_free &rArr; nrf_balloc_free &rArr; app_util_critical_region_enter
</UL>
<BR>[Calls]<UL><LI><a href="#[89]">&gt;&gt;</a>&nbsp;&nbsp;&nbsp;nrf_log_frontend_std_0
</UL>
<BR>[Called By]<UL><LI><a href="#[45]">&gt;&gt;</a>&nbsp;&nbsp;&nbsp;uart_event_handle
<LI><a href="#[44]">&gt;&gt;</a>&nbsp;&nbsp;&nbsp;spis_event_handler
<LI><a href="#[3e]">&gt;&gt;</a>&nbsp;&nbsp;&nbsp;bsp_event_handler
</UL>

<P><STRONG><a name="[b7]"></a>ble_nus_c_tx_notif_enable</STRONG> (Thumb, 34 bytes, Stack size 0 bytes, ble_nus_c.o(i.ble_nus_c_tx_notif_enable))
<BR><BR>[Stack]<UL><LI>Max Depth = 24<LI>Call Chain = ble_nus_c_tx_notif_enable &rArr; cccd_configure
</UL>
<BR>[Calls]<UL><LI><a href="#[be]">&gt;&gt;</a>&nbsp;&nbsp;&nbsp;cccd_configure
</UL>
<BR>[Called By]<UL><LI><a href="#[43]">&gt;&gt;</a>&nbsp;&nbsp;&nbsp;ble_nus_c_evt_handler
</UL>

<P><STRONG><a name="[d7]"></a>bsp_board_button_idx_to_pin</STRONG> (Thumb, 6 bytes, Stack size 0 bytes, boards.o(i.bsp_board_button_idx_to_pin))
<BR><BR>[Called By]<UL><LI><a href="#[d0]">&gt;&gt;</a>&nbsp;&nbsp;&nbsp;bsp_wakeup_button_enable
</UL>

<P><STRONG><a name="[c3]"></a>bsp_board_button_state_get</STRONG> (Thumb, 36 bytes, Stack size 8 bytes, boards.o(i.bsp_board_button_state_get))
<BR><BR>[Stack]<UL><LI>Max Depth = 8<LI>Call Chain = bsp_board_button_state_get
</UL>
<BR>[Calls]<UL><LI><a href="#[c4]">&gt;&gt;</a>&nbsp;&nbsp;&nbsp;nrf_gpio_pin_port_decode
</UL>
<BR>[Called By]<UL><LI><a href="#[d2]">&gt;&gt;</a>&nbsp;&nbsp;&nbsp;bsp_button_is_pressed
</UL>

<P><STRONG><a name="[7f]"></a>bsp_board_led_invert</STRONG> (Thumb, 38 bytes, Stack size 8 bytes, boards.o(i.bsp_board_led_invert))
<BR><BR>[Stack]<UL><LI>Max Depth = 8<LI>Call Chain = bsp_board_led_invert
</UL>
<BR>[Calls]<UL><LI><a href="#[c4]">&gt;&gt;</a>&nbsp;&nbsp;&nbsp;nrf_gpio_pin_port_decode
</UL>
<BR>[Called By]<UL><LI><a href="#[d4]">&gt;&gt;</a>&nbsp;&nbsp;&nbsp;bsp_led_indication
<LI><a href="#[3d]">&gt;&gt;</a>&nbsp;&nbsp;&nbsp;alert_timer_handler
</UL>

<P><STRONG><a name="[c5]"></a>bsp_board_led_off</STRONG> (Thumb, 10 bytes, Stack size 0 bytes, boards.o(i.bsp_board_led_off))
<BR><BR>[Stack]<UL><LI>Max Depth = 16<LI>Call Chain = bsp_board_led_off &rArr; nrf_gpio_pin_write
</UL>
<BR>[Calls]<UL><LI><a href="#[c6]">&gt;&gt;</a>&nbsp;&nbsp;&nbsp;nrf_gpio_pin_write
</UL>
<BR>[Called By]<UL><LI><a href="#[d6]">&gt;&gt;</a>&nbsp;&nbsp;&nbsp;leds_off
<LI><a href="#[d4]">&gt;&gt;</a>&nbsp;&nbsp;&nbsp;bsp_led_indication
<LI><a href="#[cb]">&gt;&gt;</a>&nbsp;&nbsp;&nbsp;bsp_board_leds_off
</UL>

<P><STRONG><a name="[c7]"></a>bsp_board_led_on</STRONG> (Thumb, 10 bytes, Stack size 0 bytes, boards.o(i.bsp_board_led_on))
<BR><BR>[Stack]<UL><LI>Max Depth = 16<LI>Call Chain = bsp_board_led_on &rArr; nrf_gpio_pin_write
</UL>
<BR>[Calls]<UL><LI><a href="#[c6]">&gt;&gt;</a>&nbsp;&nbsp;&nbsp;nrf_gpio_pin_write
</UL>
<BR>[Called By]<UL><LI><a href="#[d4]">&gt;&gt;</a>&nbsp;&nbsp;&nbsp;bsp_led_indication
<LI><a href="#[cc]">&gt;&gt;</a>&nbsp;&nbsp;&nbsp;bsp_board_leds_on
</UL>

<P><STRONG><a name="[c8]"></a>bsp_board_led_state_get</STRONG> (Thumb, 36 bytes, Stack size 8 bytes, boards.o(i.bsp_board_led_state_get))
<BR><BR>[Stack]<UL><LI>Max Depth = 8<LI>Call Chain = bsp_board_led_state_get
</UL>
<BR>[Calls]<UL><LI><a href="#[c4]">&gt;&gt;</a>&nbsp;&nbsp;&nbsp;nrf_gpio_pin_port_decode
</UL>
<BR>[Called By]<UL><LI><a href="#[d4]">&gt;&gt;</a>&nbsp;&nbsp;&nbsp;bsp_led_indication
</UL>

<P><STRONG><a name="[c9]"></a>bsp_board_leds_init</STRONG> (Thumb, 38 bytes, Stack size 24 bytes, boards.o(i.bsp_board_leds_init))
<BR><BR>[Stack]<UL><LI>Max Depth = 64<LI>Call Chain = bsp_board_leds_init &rArr; nrf_gpio_cfg
</UL>
<BR>[Calls]<UL><LI><a href="#[cb]">&gt;&gt;</a>&nbsp;&nbsp;&nbsp;bsp_board_leds_off
<LI><a href="#[ca]">&gt;&gt;</a>&nbsp;&nbsp;&nbsp;nrf_gpio_cfg
</UL>
<BR>[Called By]<UL><LI><a href="#[d5]">&gt;&gt;</a>&nbsp;&nbsp;&nbsp;bsp_init
</UL>

<P><STRONG><a name="[cb]"></a>bsp_board_leds_off</STRONG> (Thumb, 18 bytes, Stack size 8 bytes, boards.o(i.bsp_board_leds_off))
<BR><BR>[Stack]<UL><LI>Max Depth = 24<LI>Call Chain = bsp_board_leds_off &rArr; bsp_board_led_off &rArr; nrf_gpio_pin_write
</UL>
<BR>[Calls]<UL><LI><a href="#[c5]">&gt;&gt;</a>&nbsp;&nbsp;&nbsp;bsp_board_led_off
</UL>
<BR>[Called By]<UL><LI><a href="#[d6]">&gt;&gt;</a>&nbsp;&nbsp;&nbsp;leds_off
<LI><a href="#[c9]">&gt;&gt;</a>&nbsp;&nbsp;&nbsp;bsp_board_leds_init
</UL>

<P><STRONG><a name="[cc]"></a>bsp_board_leds_on</STRONG> (Thumb, 18 bytes, Stack size 8 bytes, boards.o(i.bsp_board_leds_on))
<BR><BR>[Stack]<UL><LI>Max Depth = 24<LI>Call Chain = bsp_board_leds_on &rArr; bsp_board_led_on &rArr; nrf_gpio_pin_write
</UL>
<BR>[Calls]<UL><LI><a href="#[c7]">&gt;&gt;</a>&nbsp;&nbsp;&nbsp;bsp_board_led_on
</UL>
<BR>[Called By]<UL><LI><a href="#[d4]">&gt;&gt;</a>&nbsp;&nbsp;&nbsp;bsp_led_indication
</UL>

<P><STRONG><a name="[d1]"></a>bsp_board_pin_to_button_idx</STRONG> (Thumb, 32 bytes, Stack size 8 bytes, boards.o(i.bsp_board_pin_to_button_idx))
<BR><BR>[Stack]<UL><LI>Max Depth = 8<LI>Call Chain = bsp_board_pin_to_button_idx
</UL>
<BR>[Called By]<UL><LI><a href="#[46]">&gt;&gt;</a>&nbsp;&nbsp;&nbsp;bsp_button_event_handler
</UL>

<P><STRONG><a name="[cd]"></a>bsp_btn_ble_init</STRONG> (Thumb, 34 bytes, Stack size 16 bytes, bsp_btn_ble.o(i.bsp_btn_ble_init))
<BR><BR>[Stack]<UL><LI>Max Depth = 36<LI>Call Chain = bsp_btn_ble_init &rArr; advertising_buttons_configure &rArr; bsp_event_to_button_action_assign
</UL>
<BR>[Calls]<UL><LI><a href="#[ce]">&gt;&gt;</a>&nbsp;&nbsp;&nbsp;startup_event_extract
<LI><a href="#[7d]">&gt;&gt;</a>&nbsp;&nbsp;&nbsp;advertising_buttons_configure
</UL>
<BR>[Called By]<UL><LI><a href="#[df]">&gt;&gt;</a>&nbsp;&nbsp;&nbsp;buttons_leds_init
</UL>

<P><STRONG><a name="[cf]"></a>bsp_btn_ble_sleep_mode_prepare</STRONG> (Thumb, 30 bytes, Stack size 8 bytes, bsp_btn_ble.o(i.bsp_btn_ble_sleep_mode_prepare))
<BR><BR>[Stack]<UL><LI>Max Depth = 16<LI>Call Chain = bsp_btn_ble_sleep_mode_prepare &rArr; bsp_wakeup_button_enable
</UL>
<BR>[Calls]<UL><LI><a href="#[d0]">&gt;&gt;</a>&nbsp;&nbsp;&nbsp;bsp_wakeup_button_enable
</UL>
<BR>[Called By]<UL><LI><a href="#[4a]">&gt;&gt;</a>&nbsp;&nbsp;&nbsp;shutdown_handler
</UL>

<P><STRONG><a name="[d2]"></a>bsp_button_is_pressed</STRONG> (Thumb, 4 bytes, Stack size 0 bytes, bsp.o(i.bsp_button_is_pressed))
<BR><BR>[Stack]<UL><LI>Max Depth = 8<LI>Call Chain = bsp_button_is_pressed &rArr; bsp_board_button_state_get
</UL>
<BR>[Calls]<UL><LI><a href="#[c3]">&gt;&gt;</a>&nbsp;&nbsp;&nbsp;bsp_board_button_state_get
</UL>
<BR>[Called By]<UL><LI><a href="#[ce]">&gt;&gt;</a>&nbsp;&nbsp;&nbsp;startup_event_extract
</UL>

<P><STRONG><a name="[3e]"></a>bsp_event_handler</STRONG> (Thumb, 110 bytes, Stack size 8 bytes, main.o(i.bsp_event_handler))
<BR><BR>[Stack]<UL><LI>Max Depth = 204<LI>Call Chain = bsp_event_handler &rArr; ble_nus_c_string_send &rArr; nrf_log_frontend_std_0 &rArr; std_n &rArr; nrf_log_frontend_dequeue &rArr; nrf_memobj_alloc &rArr; nrf_memobj_free &rArr; nrf_balloc_free &rArr; app_util_critical_region_enter
</UL>
<BR>[Calls]<UL><LI><a href="#[d3]">&gt;&gt;</a>&nbsp;&nbsp;&nbsp;nrf_pwr_mgmt_shutdown
<LI><a href="#[89]">&gt;&gt;</a>&nbsp;&nbsp;&nbsp;nrf_log_frontend_std_0
<LI><a href="#[bd]">&gt;&gt;</a>&nbsp;&nbsp;&nbsp;ble_nus_c_string_send
<LI><a href="#[8a]">&gt;&gt;</a>&nbsp;&nbsp;&nbsp;app_error_handler_bare
</UL>
<BR>[Address Reference Count : 1]<UL><LI> main.o(i.buttons_leds_init)
</UL>
<P><STRONG><a name="[7e]"></a>bsp_event_to_button_action_assign</STRONG> (Thumb, 66 bytes, Stack size 12 bytes, bsp.o(i.bsp_event_to_button_action_assign))
<BR><BR>[Stack]<UL><LI>Max Depth = 12<LI>Call Chain = bsp_event_to_button_action_assign
</UL>
<BR>[Called By]<UL><LI><a href="#[b5]">&gt;&gt;</a>&nbsp;&nbsp;&nbsp;connection_buttons_configure
<LI><a href="#[7d]">&gt;&gt;</a>&nbsp;&nbsp;&nbsp;advertising_buttons_configure
<LI><a href="#[d5]">&gt;&gt;</a>&nbsp;&nbsp;&nbsp;bsp_init
</UL>

<P><STRONG><a name="[ae]"></a>bsp_indication_set</STRONG> (Thumb, 20 bytes, Stack size 0 bytes, bsp.o(i.bsp_indication_set))
<BR><BR>[Stack]<UL><LI>Max Depth = 84<LI>Call Chain = bsp_indication_set &rArr; bsp_led_indication &rArr; app_timer_start &rArr; timer_start_op_schedule &rArr; app_util_critical_region_enter
</UL>
<BR>[Calls]<UL><LI><a href="#[d4]">&gt;&gt;</a>&nbsp;&nbsp;&nbsp;bsp_led_indication
</UL>
<BR>[Called By]<UL><LI><a href="#[4a]">&gt;&gt;</a>&nbsp;&nbsp;&nbsp;shutdown_handler
<LI><a href="#[b4]">&gt;&gt;</a>&nbsp;&nbsp;&nbsp;scan_start
<LI><a href="#[4f]">&gt;&gt;</a>&nbsp;&nbsp;&nbsp;ble_evt_handler
</UL>

<P><STRONG><a name="[d5]"></a>bsp_init</STRONG> (Thumb, 126 bytes, Stack size 16 bytes, bsp.o(i.bsp_init))
<BR><BR>[Stack]<UL><LI>Max Depth = 112<LI>Call Chain = bsp_init &rArr; app_button_init &rArr; nrf_drv_gpiote_in_init &rArr; nrf_gpio_cfg
</UL>
<BR>[Calls]<UL><LI><a href="#[86]">&gt;&gt;</a>&nbsp;&nbsp;&nbsp;app_timer_create
<LI><a href="#[82]">&gt;&gt;</a>&nbsp;&nbsp;&nbsp;app_button_init
<LI><a href="#[80]">&gt;&gt;</a>&nbsp;&nbsp;&nbsp;app_button_enable
<LI><a href="#[7e]">&gt;&gt;</a>&nbsp;&nbsp;&nbsp;bsp_event_to_button_action_assign
<LI><a href="#[c9]">&gt;&gt;</a>&nbsp;&nbsp;&nbsp;bsp_board_leds_init
</UL>
<BR>[Called By]<UL><LI><a href="#[df]">&gt;&gt;</a>&nbsp;&nbsp;&nbsp;buttons_leds_init
</UL>

<P><STRONG><a name="[d0]"></a>bsp_wakeup_button_enable</STRONG> (Thumb, 16 bytes, Stack size 8 bytes, bsp.o(i.bsp_wakeup_button_enable))
<BR><BR>[Stack]<UL><LI>Max Depth = 8<LI>Call Chain = bsp_wakeup_button_enable
</UL>
<BR>[Calls]<UL><LI><a href="#[d8]">&gt;&gt;</a>&nbsp;&nbsp;&nbsp;nrf_gpio_cfg_sense_set
<LI><a href="#[d7]">&gt;&gt;</a>&nbsp;&nbsp;&nbsp;bsp_board_button_idx_to_pin
</UL>
<BR>[Called By]<UL><LI><a href="#[cf]">&gt;&gt;</a>&nbsp;&nbsp;&nbsp;bsp_btn_ble_sleep_mode_prepare
</UL>

<P><STRONG><a name="[142]"></a>buffer_is_empty</STRONG> (Thumb, 16 bytes, Stack size 0 bytes, nrf_log_frontend.o(i.buffer_is_empty))
<BR><BR>[Called By]<UL><LI><a href="#[88]">&gt;&gt;</a>&nbsp;&nbsp;&nbsp;nrf_log_frontend_dequeue
</UL>

<P><STRONG><a name="[b1]"></a>defiler</STRONG> (Thumb, 38 bytes, Stack size 8 bytes, main.o(i.defiler))
<BR><BR>[Stack]<UL><LI>Max Depth = 16<LI>Call Chain = defiler &rArr; free
</UL>
<BR>[Calls]<UL><LI><a href="#[e8]">&gt;&gt;</a>&nbsp;&nbsp;&nbsp;free
</UL>
<BR>[Called By]<UL><LI><a href="#[35]">&gt;&gt;</a>&nbsp;&nbsp;&nbsp;main
<LI><a href="#[43]">&gt;&gt;</a>&nbsp;&nbsp;&nbsp;ble_nus_c_evt_handler
<LI><a href="#[4f]">&gt;&gt;</a>&nbsp;&nbsp;&nbsp;ble_evt_handler
</UL>

<P><STRONG><a name="[b0]"></a>enfiler</STRONG> (Thumb, 58 bytes, Stack size 16 bytes, main.o(i.enfiler))
<BR><BR>[Stack]<UL><LI>Max Depth = 36<LI>Call Chain = enfiler &rArr; malloc
</UL>
<BR>[Calls]<UL><LI><a href="#[f0]">&gt;&gt;</a>&nbsp;&nbsp;&nbsp;malloc
</UL>
<BR>[Called By]<UL><LI><a href="#[4f]">&gt;&gt;</a>&nbsp;&nbsp;&nbsp;ble_evt_handler
</UL>

<P><STRONG><a name="[e8]"></a>free</STRONG> (Thumb, 76 bytes, Stack size 8 bytes, malloc.o(i.free))
<BR><BR>[Stack]<UL><LI>Max Depth = 8<LI>Call Chain = free
</UL>
<BR>[Called By]<UL><LI><a href="#[b1]">&gt;&gt;</a>&nbsp;&nbsp;&nbsp;defiler
</UL>

<P><STRONG><a name="[40]"></a>gatt_evt_handler</STRONG> (Thumb, 60 bytes, Stack size 16 bytes, main.o(i.gatt_evt_handler))
<BR><BR>[Stack]<UL><LI>Max Depth = 204<LI>Call Chain = gatt_evt_handler &rArr; nrf_log_frontend_std_2 &rArr; std_n &rArr; nrf_log_frontend_dequeue &rArr; nrf_memobj_alloc &rArr; nrf_memobj_free &rArr; nrf_balloc_free &rArr; app_util_critical_region_enter
</UL>
<BR>[Calls]<UL><LI><a href="#[b9]">&gt;&gt;</a>&nbsp;&nbsp;&nbsp;nrf_log_frontend_std_2
<LI><a href="#[89]">&gt;&gt;</a>&nbsp;&nbsp;&nbsp;nrf_log_frontend_std_0
</UL>
<BR>[Address Reference Count : 1]<UL><LI> main.o(i.gatt_init)
</UL>
<P><STRONG><a name="[f1]"></a>gatt_init</STRONG> (Thumb, 38 bytes, Stack size 8 bytes, main.o(i.gatt_init))
<BR><BR>[Stack]<UL><LI>Max Depth = 196<LI>Call Chain = gatt_init &rArr; app_error_handler_bare &rArr; app_error_fault_handler &rArr; nrf_log_frontend_std_0 &rArr; std_n &rArr; nrf_log_frontend_dequeue &rArr; nrf_memobj_alloc &rArr; nrf_memobj_free &rArr; nrf_balloc_free &rArr; app_util_critical_region_enter
</UL>
<BR>[Calls]<UL><LI><a href="#[f2]">&gt;&gt;</a>&nbsp;&nbsp;&nbsp;nrf_ble_gatt_init
<LI><a href="#[f3]">&gt;&gt;</a>&nbsp;&nbsp;&nbsp;nrf_ble_gatt_att_mtu_central_set
<LI><a href="#[8a]">&gt;&gt;</a>&nbsp;&nbsp;&nbsp;app_error_handler_bare
</UL>
<BR>[Called By]<UL><LI><a href="#[35]">&gt;&gt;</a>&nbsp;&nbsp;&nbsp;main
</UL>

<P><STRONG><a name="[35]"></a>main</STRONG> (Thumb, 414 bytes, Stack size 8 bytes, main.o(i.main))
<BR><BR>[Stack]<UL><LI>Max Depth = 244<LI>Call Chain = main &rArr; uart_init &rArr; app_error_handler_bare &rArr; app_error_fault_handler &rArr; nrf_log_frontend_std_0 &rArr; std_n &rArr; nrf_log_frontend_dequeue &rArr; nrf_memobj_alloc &rArr; nrf_memobj_free &rArr; nrf_balloc_free &rArr; app_util_critical_region_enter
</UL>
<BR>[Calls]<UL><LI><a href="#[109]">&gt;&gt;</a>&nbsp;&nbsp;&nbsp;nrf_pwr_mgmt_run
<LI><a href="#[89]">&gt;&gt;</a>&nbsp;&nbsp;&nbsp;nrf_log_frontend_std_0
<LI><a href="#[88]">&gt;&gt;</a>&nbsp;&nbsp;&nbsp;nrf_log_frontend_dequeue
<LI><a href="#[108]">&gt;&gt;</a>&nbsp;&nbsp;&nbsp;nrf_drv_spis_buffers_set
<LI><a href="#[8a]">&gt;&gt;</a>&nbsp;&nbsp;&nbsp;app_error_handler_bare
<LI><a href="#[f1]">&gt;&gt;</a>&nbsp;&nbsp;&nbsp;gatt_init
<LI><a href="#[b1]">&gt;&gt;</a>&nbsp;&nbsp;&nbsp;defiler
<LI><a href="#[105]">&gt;&gt;</a>&nbsp;&nbsp;&nbsp;uart_init
<LI><a href="#[103]">&gt;&gt;</a>&nbsp;&nbsp;&nbsp;timer_init
<LI><a href="#[107]">&gt;&gt;</a>&nbsp;&nbsp;&nbsp;spis_init
<LI><a href="#[b4]">&gt;&gt;</a>&nbsp;&nbsp;&nbsp;scan_start
<LI><a href="#[104]">&gt;&gt;</a>&nbsp;&nbsp;&nbsp;power_init
<LI><a href="#[106]">&gt;&gt;</a>&nbsp;&nbsp;&nbsp;nus_c_init
<LI><a href="#[fe]">&gt;&gt;</a>&nbsp;&nbsp;&nbsp;log_init
<LI><a href="#[e6]">&gt;&gt;</a>&nbsp;&nbsp;&nbsp;db_discovery_init
<LI><a href="#[df]">&gt;&gt;</a>&nbsp;&nbsp;&nbsp;buttons_leds_init
<LI><a href="#[bf]">&gt;&gt;</a>&nbsp;&nbsp;&nbsp;ble_stack_init
<LI><a href="#[f0]">&gt;&gt;</a>&nbsp;&nbsp;&nbsp;malloc
<LI><a href="#[b6]">&gt;&gt;</a>&nbsp;&nbsp;&nbsp;__aeabi_memclr4
</UL>
<BR>[Address Reference Count : 1]<UL><LI> entry9a.o(.ARM.Collect$$$$0000000B)
</UL>
<P><STRONG><a name="[f0]"></a>malloc</STRONG> (Thumb, 92 bytes, Stack size 20 bytes, malloc.o(i.malloc))
<BR><BR>[Stack]<UL><LI>Max Depth = 20<LI>Call Chain = malloc
</UL>
<BR>[Called By]<UL><LI><a href="#[35]">&gt;&gt;</a>&nbsp;&nbsp;&nbsp;main
<LI><a href="#[b0]">&gt;&gt;</a>&nbsp;&nbsp;&nbsp;enfiler
</UL>

<P><STRONG><a name="[10e]"></a>nrf_balloc_alloc</STRONG> (Thumb, 70 bytes, Stack size 16 bytes, nrf_balloc.o(i.nrf_balloc_alloc))
<BR><BR>[Stack]<UL><LI>Max Depth = 28<LI>Call Chain = nrf_balloc_alloc &rArr; app_util_critical_region_enter
</UL>
<BR>[Calls]<UL><LI><a href="#[dc]">&gt;&gt;</a>&nbsp;&nbsp;&nbsp;app_util_critical_region_exit
<LI><a href="#[da]">&gt;&gt;</a>&nbsp;&nbsp;&nbsp;app_util_critical_region_enter
<LI><a href="#[10f]">&gt;&gt;</a>&nbsp;&nbsp;&nbsp;nrf_balloc_idx2block
</UL>
<BR>[Called By]<UL><LI><a href="#[143]">&gt;&gt;</a>&nbsp;&nbsp;&nbsp;nrf_memobj_alloc
</UL>

<P><STRONG><a name="[110]"></a>nrf_balloc_free</STRONG> (Thumb, 44 bytes, Stack size 16 bytes, nrf_balloc.o(i.nrf_balloc_free))
<BR><BR>[Stack]<UL><LI>Max Depth = 28<LI>Call Chain = nrf_balloc_free &rArr; app_util_critical_region_enter
</UL>
<BR>[Calls]<UL><LI><a href="#[dc]">&gt;&gt;</a>&nbsp;&nbsp;&nbsp;app_util_critical_region_exit
<LI><a href="#[da]">&gt;&gt;</a>&nbsp;&nbsp;&nbsp;app_util_critical_region_enter
<LI><a href="#[111]">&gt;&gt;</a>&nbsp;&nbsp;&nbsp;nrf_balloc_block2idx
</UL>
<BR>[Called By]<UL><LI><a href="#[14c]">&gt;&gt;</a>&nbsp;&nbsp;&nbsp;nrf_memobj_free
</UL>

<P><STRONG><a name="[14e]"></a>nrf_balloc_init</STRONG> (Thumb, 50 bytes, Stack size 8 bytes, nrf_balloc.o(i.nrf_balloc_init))
<BR><BR>[Stack]<UL><LI>Max Depth = 8<LI>Call Chain = nrf_balloc_init
</UL>
<BR>[Called By]<UL><LI><a href="#[14a]">&gt;&gt;</a>&nbsp;&nbsp;&nbsp;nrf_memobj_pool_init
</UL>

<P><STRONG><a name="[f3]"></a>nrf_ble_gatt_att_mtu_central_set</STRONG> (Thumb, 26 bytes, Stack size 0 bytes, nrf_ble_gatt.o(i.nrf_ble_gatt_att_mtu_central_set))
<BR><BR>[Called By]<UL><LI><a href="#[f1]">&gt;&gt;</a>&nbsp;&nbsp;&nbsp;gatt_init
</UL>

<P><STRONG><a name="[f2]"></a>nrf_ble_gatt_init</STRONG> (Thumb, 46 bytes, Stack size 16 bytes, nrf_ble_gatt.o(i.nrf_ble_gatt_init))
<BR><BR>[Stack]<UL><LI>Max Depth = 16<LI>Call Chain = nrf_ble_gatt_init
</UL>
<BR>[Calls]<UL><LI><a href="#[112]">&gt;&gt;</a>&nbsp;&nbsp;&nbsp;link_init
</UL>
<BR>[Called By]<UL><LI><a href="#[f1]">&gt;&gt;</a>&nbsp;&nbsp;&nbsp;gatt_init
</UL>

<P><STRONG><a name="[4b]"></a>nrf_ble_gatt_on_ble_evt</STRONG> (Thumb, 150 bytes, Stack size 16 bytes, nrf_ble_gatt.o(i.nrf_ble_gatt_on_ble_evt))
<BR><BR>[Stack]<UL><LI>Max Depth = 236<LI>Call Chain = nrf_ble_gatt_on_ble_evt &rArr; on_connected_evt &rArr; data_length_update &rArr; nrf_log_frontend_std_2 &rArr; std_n &rArr; nrf_log_frontend_dequeue &rArr; nrf_memobj_alloc &rArr; nrf_memobj_free &rArr; nrf_balloc_free &rArr; app_util_critical_region_enter
</UL>
<BR>[Calls]<UL><LI><a href="#[119]">&gt;&gt;</a>&nbsp;&nbsp;&nbsp;nrf_log_frontend_std_1
<LI><a href="#[115]">&gt;&gt;</a>&nbsp;&nbsp;&nbsp;on_exchange_mtu_rsp_evt
<LI><a href="#[116]">&gt;&gt;</a>&nbsp;&nbsp;&nbsp;on_exchange_mtu_request_evt
<LI><a href="#[114]">&gt;&gt;</a>&nbsp;&nbsp;&nbsp;on_disconnected_evt
<LI><a href="#[118]">&gt;&gt;</a>&nbsp;&nbsp;&nbsp;on_data_length_update_request_evt
<LI><a href="#[117]">&gt;&gt;</a>&nbsp;&nbsp;&nbsp;on_data_length_update_evt
<LI><a href="#[113]">&gt;&gt;</a>&nbsp;&nbsp;&nbsp;on_connected_evt
</UL>
<BR>[Address Reference Count : 1]<UL><LI> main.o(sdh_ble_observers1)
</UL>
<P><STRONG><a name="[11a]"></a>nrf_drv_clock_init</STRONG> (Thumb, 70 bytes, Stack size 16 bytes, nrf_drv_clock.o(i.nrf_drv_clock_init))
<BR><BR>[Stack]<UL><LI>Max Depth = 16<LI>Call Chain = nrf_drv_clock_init
</UL>
<BR>[Calls]<UL><LI><a href="#[11b]">&gt;&gt;</a>&nbsp;&nbsp;&nbsp;nrf_sdh_is_enabled
<LI><a href="#[f9]">&gt;&gt;</a>&nbsp;&nbsp;&nbsp;nrf_drv_common_irq_enable
</UL>
<BR>[Called By]<UL><LI><a href="#[53]">&gt;&gt;</a>&nbsp;&nbsp;&nbsp;sd_state_evt_handler
</UL>

<P><STRONG><a name="[11c]"></a>nrf_drv_clock_lfclk_release</STRONG> (Thumb, 38 bytes, Stack size 8 bytes, nrf_drv_clock.o(i.nrf_drv_clock_lfclk_release))
<BR><BR>[Stack]<UL><LI>Max Depth = 20<LI>Call Chain = nrf_drv_clock_lfclk_release &rArr; app_util_critical_region_enter
</UL>
<BR>[Calls]<UL><LI><a href="#[11d]">&gt;&gt;</a>&nbsp;&nbsp;&nbsp;lfclk_stop
<LI><a href="#[dc]">&gt;&gt;</a>&nbsp;&nbsp;&nbsp;app_util_critical_region_exit
<LI><a href="#[da]">&gt;&gt;</a>&nbsp;&nbsp;&nbsp;app_util_critical_region_enter
</UL>
<BR>[Called By]<UL><LI><a href="#[53]">&gt;&gt;</a>&nbsp;&nbsp;&nbsp;sd_state_evt_handler
</UL>

<P><STRONG><a name="[f9]"></a>nrf_drv_common_irq_enable</STRONG> (Thumb, 56 bytes, Stack size 0 bytes, nrf_drv_common.o(i.nrf_drv_common_irq_enable))
<BR><BR>[Called By]<UL><LI><a href="#[11a]">&gt;&gt;</a>&nbsp;&nbsp;&nbsp;nrf_drv_clock_init
<LI><a href="#[53]">&gt;&gt;</a>&nbsp;&nbsp;&nbsp;sd_state_evt_handler
<LI><a href="#[126]">&gt;&gt;</a>&nbsp;&nbsp;&nbsp;nrf_drv_spis_init
<LI><a href="#[f6]">&gt;&gt;</a>&nbsp;&nbsp;&nbsp;interrupts_enable
<LI><a href="#[84]">&gt;&gt;</a>&nbsp;&nbsp;&nbsp;nrf_drv_gpiote_init
</UL>

<P><STRONG><a name="[81]"></a>nrf_drv_gpiote_in_event_enable</STRONG> (Thumb, 158 bytes, Stack size 24 bytes, nrf_drv_gpiote.o(i.nrf_drv_gpiote_in_event_enable))
<BR><BR>[Stack]<UL><LI>Max Depth = 40<LI>Call Chain = nrf_drv_gpiote_in_event_enable &rArr; nrf_gpio_cfg_sense_set
</UL>
<BR>[Calls]<UL><LI><a href="#[120]">&gt;&gt;</a>&nbsp;&nbsp;&nbsp;pin_in_use_by_te
<LI><a href="#[11e]">&gt;&gt;</a>&nbsp;&nbsp;&nbsp;pin_in_use_by_port
<LI><a href="#[5e]">&gt;&gt;</a>&nbsp;&nbsp;&nbsp;nrf_gpiote_event_clear
<LI><a href="#[11f]">&gt;&gt;</a>&nbsp;&nbsp;&nbsp;nrf_gpio_pin_read
<LI><a href="#[63]">&gt;&gt;</a>&nbsp;&nbsp;&nbsp;nrf_gpio_cfg_sense_set
<LI><a href="#[61]">&gt;&gt;</a>&nbsp;&nbsp;&nbsp;channel_port_get
</UL>
<BR>[Called By]<UL><LI><a href="#[80]">&gt;&gt;</a>&nbsp;&nbsp;&nbsp;app_button_enable
</UL>

<P><STRONG><a name="[85]"></a>nrf_drv_gpiote_in_init</STRONG> (Thumb, 174 bytes, Stack size 32 bytes, nrf_drv_gpiote.o(i.nrf_drv_gpiote_in_init))
<BR><BR>[Stack]<UL><LI>Max Depth = 72<LI>Call Chain = nrf_drv_gpiote_in_init &rArr; nrf_gpio_cfg
</UL>
<BR>[Calls]<UL><LI><a href="#[62]">&gt;&gt;</a>&nbsp;&nbsp;&nbsp;nrf_gpio_pin_port_decode
<LI><a href="#[122]">&gt;&gt;</a>&nbsp;&nbsp;&nbsp;nrf_gpio_cfg
<LI><a href="#[121]">&gt;&gt;</a>&nbsp;&nbsp;&nbsp;channel_port_alloc
</UL>
<BR>[Called By]<UL><LI><a href="#[82]">&gt;&gt;</a>&nbsp;&nbsp;&nbsp;app_button_init
</UL>

<P><STRONG><a name="[eb]"></a>nrf_drv_gpiote_in_is_set</STRONG> (Thumb, 14 bytes, Stack size 8 bytes, nrf_drv_gpiote.o(i.nrf_drv_gpiote_in_is_set))
<BR><BR>[Stack]<UL><LI>Max Depth = 16<LI>Call Chain = nrf_drv_gpiote_in_is_set &rArr; nrf_gpio_pin_read
</UL>
<BR>[Calls]<UL><LI><a href="#[11f]">&gt;&gt;</a>&nbsp;&nbsp;&nbsp;nrf_gpio_pin_read
</UL>
<BR>[Called By]<UL><LI><a href="#[38]">&gt;&gt;</a>&nbsp;&nbsp;&nbsp;gpiote_event_handler
<LI><a href="#[39]">&gt;&gt;</a>&nbsp;&nbsp;&nbsp;detection_delay_timeout_handler
</UL>

<P><STRONG><a name="[84]"></a>nrf_drv_gpiote_init</STRONG> (Thumb, 84 bytes, Stack size 16 bytes, nrf_drv_gpiote.o(i.nrf_drv_gpiote_init))
<BR><BR>[Stack]<UL><LI>Max Depth = 24<LI>Call Chain = nrf_drv_gpiote_init &rArr; nrf_gpiote_event_clear
</UL>
<BR>[Calls]<UL><LI><a href="#[f9]">&gt;&gt;</a>&nbsp;&nbsp;&nbsp;nrf_drv_common_irq_enable
<LI><a href="#[5e]">&gt;&gt;</a>&nbsp;&nbsp;&nbsp;nrf_gpiote_event_clear
<LI><a href="#[123]">&gt;&gt;</a>&nbsp;&nbsp;&nbsp;channel_free
</UL>
<BR>[Called By]<UL><LI><a href="#[82]">&gt;&gt;</a>&nbsp;&nbsp;&nbsp;app_button_init
</UL>

<P><STRONG><a name="[83]"></a>nrf_drv_gpiote_is_init</STRONG> (Thumb, 14 bytes, Stack size 0 bytes, nrf_drv_gpiote.o(i.nrf_drv_gpiote_is_init))
<BR><BR>[Called By]<UL><LI><a href="#[82]">&gt;&gt;</a>&nbsp;&nbsp;&nbsp;app_button_init
</UL>

<P><STRONG><a name="[108]"></a>nrf_drv_spis_buffers_set</STRONG> (Thumb, 116 bytes, Stack size 32 bytes, nrf_drv_spis.o(i.nrf_drv_spis_buffers_set))
<BR><BR>[Stack]<UL><LI>Max Depth = 32<LI>Call Chain = nrf_drv_spis_buffers_set
</UL>
<BR>[Calls]<UL><LI><a href="#[125]">&gt;&gt;</a>&nbsp;&nbsp;&nbsp;spis_state_change
<LI><a href="#[124]">&gt;&gt;</a>&nbsp;&nbsp;&nbsp;nrf_drv_is_in_RAM
</UL>
<BR>[Called By]<UL><LI><a href="#[35]">&gt;&gt;</a>&nbsp;&nbsp;&nbsp;main
</UL>

<P><STRONG><a name="[126]"></a>nrf_drv_spis_init</STRONG> (Thumb, 352 bytes, Stack size 48 bytes, nrf_drv_spis.o(i.nrf_drv_spis_init))
<BR><BR>[Stack]<UL><LI>Max Depth = 64<LI>Call Chain = nrf_drv_spis_init &rArr; nrf_gpio_cfg
</UL>
<BR>[Calls]<UL><LI><a href="#[f9]">&gt;&gt;</a>&nbsp;&nbsp;&nbsp;nrf_drv_common_irq_enable
<LI><a href="#[128]">&gt;&gt;</a>&nbsp;&nbsp;&nbsp;nrf_spis_event_clear
<LI><a href="#[127]">&gt;&gt;</a>&nbsp;&nbsp;&nbsp;nrf_gpio_cfg
</UL>
<BR>[Called By]<UL><LI><a href="#[107]">&gt;&gt;</a>&nbsp;&nbsp;&nbsp;spis_init
</UL>

<P><STRONG><a name="[9e]"></a>nrf_drv_uart_init</STRONG> (Thumb, 104 bytes, Stack size 24 bytes, nrf_drv_uart.o(i.nrf_drv_uart_init))
<BR><BR>[Stack]<UL><LI>Max Depth = 96<LI>Call Chain = nrf_drv_uart_init &rArr; apply_config &rArr; nrf_gpio_cfg_output &rArr; nrf_gpio_cfg
</UL>
<BR>[Calls]<UL><LI><a href="#[f6]">&gt;&gt;</a>&nbsp;&nbsp;&nbsp;interrupts_enable
<LI><a href="#[a0]">&gt;&gt;</a>&nbsp;&nbsp;&nbsp;apply_config
</UL>
<BR>[Called By]<UL><LI><a href="#[9b]">&gt;&gt;</a>&nbsp;&nbsp;&nbsp;app_uart_init
</UL>

<P><STRONG><a name="[9a]"></a>nrf_drv_uart_rx</STRONG> (Thumb, 178 bytes, Stack size 24 bytes, nrf_drv_uart.o(i.nrf_drv_uart_rx))
<BR><BR>[Stack]<UL><LI>Max Depth = 88<LI>Call Chain = nrf_drv_uart_rx &rArr; nrf_drv_uart_rx_for_uart &rArr; rx_byte &rArr; nrf_uart_event_clear
</UL>
<BR>[Calls]<UL><LI><a href="#[12a]">&gt;&gt;</a>&nbsp;&nbsp;&nbsp;nrf_drv_uart_rx_for_uarte
<LI><a href="#[12b]">&gt;&gt;</a>&nbsp;&nbsp;&nbsp;nrf_drv_uart_rx_for_uart
<LI><a href="#[129]">&gt;&gt;</a>&nbsp;&nbsp;&nbsp;nrf_drv_is_in_RAM
</UL>
<BR>[Called By]<UL><LI><a href="#[9b]">&gt;&gt;</a>&nbsp;&nbsp;&nbsp;app_uart_init
<LI><a href="#[99]">&gt;&gt;</a>&nbsp;&nbsp;&nbsp;app_uart_get
<LI><a href="#[3a]">&gt;&gt;</a>&nbsp;&nbsp;&nbsp;uart_event_handler
</UL>

<P><STRONG><a name="[9f]"></a>nrf_drv_uart_rx_enable</STRONG> (Thumb, 42 bytes, Stack size 16 bytes, nrf_drv_uart.o(i.nrf_drv_uart_rx_enable))
<BR><BR>[Stack]<UL><LI>Max Depth = 32<LI>Call Chain = nrf_drv_uart_rx_enable &rArr; rx_enable &rArr; nrf_uart_event_clear
</UL>
<BR>[Calls]<UL><LI><a href="#[12c]">&gt;&gt;</a>&nbsp;&nbsp;&nbsp;rx_enable
</UL>
<BR>[Called By]<UL><LI><a href="#[9b]">&gt;&gt;</a>&nbsp;&nbsp;&nbsp;app_uart_init
</UL>

<P><STRONG><a name="[130]"></a>nrf_drv_uart_tx</STRONG> (Thumb, 168 bytes, Stack size 32 bytes, nrf_drv_uart.o(i.nrf_drv_uart_tx))
[...]
</UL>

<P><STRONG><a name="[98]"></a>timer_stop_op_schedule</STRONG> (Thumb, 62 bytes, Stack size 24 bytes, app_timer.o(i.timer_stop_op_schedule))
<BR><BR>[Stack]<UL><LI>Max Depth = 36<LI>Call Chain = timer_stop_op_schedule &rArr; app_util_critical_region_enter
</UL>
<BR>[Calls]<UL><LI><a href="#[dc]">&gt;&gt;</a>&nbsp;&nbsp;&nbsp;app_util_critical_region_exit
<LI><a href="#[da]">&gt;&gt;</a>&nbsp;&nbsp;&nbsp;app_util_critical_region_enter
<LI><a href="#[16a]">&gt;&gt;</a>&nbsp;&nbsp;&nbsp;user_op_enque
<LI><a href="#[169]">&gt;&gt;</a>&nbsp;&nbsp;&nbsp;user_op_alloc
<LI><a href="#[167]">&gt;&gt;</a>&nbsp;&nbsp;&nbsp;timer_list_handler_sched
</UL>
<BR>[Called By]<UL><LI><a href="#[97]">&gt;&gt;</a>&nbsp;&nbsp;&nbsp;app_timer_stop
</UL>

<P><STRONG><a name="[67]"></a>timer_timeouts_check</STRONG> (Thumb, 116 bytes, Stack size 24 bytes, app_timer.o(i.timer_timeouts_check))
<BR><BR>[Stack]<UL><LI>Max Depth = 24<LI>Call Chain = timer_timeouts_check
</UL>
<BR>[Calls]<UL><LI><a href="#[167]">&gt;&gt;</a>&nbsp;&nbsp;&nbsp;timer_list_handler_sched
<LI><a href="#[16b]">&gt;&gt;</a>&nbsp;&nbsp;&nbsp;timeout_handler_exec
</UL>
<BR>[Called By]<UL><LI><a href="#[1b]">&gt;&gt;</a>&nbsp;&nbsp;&nbsp;RTC1_IRQHandler
</UL>

<P><STRONG><a name="[e4]"></a>timer_timeouts_check_sched</STRONG> (Thumb, 6 bytes, Stack size 0 bytes, app_timer.o(i.timer_timeouts_check_sched))
<BR><BR>[Calls]<UL><LI><a href="#[168]">&gt;&gt;</a>&nbsp;&nbsp;&nbsp;NVIC_SetPendingIRQ
</UL>
<BR>[Called By]<UL><LI><a href="#[e1]">&gt;&gt;</a>&nbsp;&nbsp;&nbsp;compare_reg_update
</UL>

<P><STRONG><a name="[169]"></a>user_op_alloc</STRONG> (Thumb, 42 bytes, Stack size 0 bytes, app_timer.o(i.user_op_alloc))
<BR><BR>[Called By]<UL><LI><a href="#[98]">&gt;&gt;</a>&nbsp;&nbsp;&nbsp;timer_stop_op_schedule
<LI><a href="#[96]">&gt;&gt;</a>&nbsp;&nbsp;&nbsp;timer_start_op_schedule
</UL>

<P><STRONG><a name="[16a]"></a>user_op_enque</STRONG> (Thumb, 6 bytes, Stack size 0 bytes, app_timer.o(i.user_op_enque))
<BR><BR>[Called By]<UL><LI><a href="#[98]">&gt;&gt;</a>&nbsp;&nbsp;&nbsp;timer_stop_op_schedule
<LI><a href="#[96]">&gt;&gt;</a>&nbsp;&nbsp;&nbsp;timer_start_op_schedule
</UL>

<P><STRONG><a name="[3a]"></a>uart_event_handler</STRONG> (Thumb, 164 bytes, Stack size 24 bytes, app_uart_fifo.o(i.uart_event_handler))
<BR><BR>[Stack]<UL><LI>Max Depth = 112<LI>Call Chain = uart_event_handler &rArr; nrf_drv_uart_tx &rArr; nrf_drv_uart_tx_for_uart &rArr; tx_byte &rArr; nrf_uart_event_clear
</UL>
<BR>[Calls]<UL><LI><a href="#[130]">&gt;&gt;</a>&nbsp;&nbsp;&nbsp;nrf_drv_uart_tx
<LI><a href="#[9a]">&gt;&gt;</a>&nbsp;&nbsp;&nbsp;nrf_drv_uart_rx
<LI><a href="#[8d]">&gt;&gt;</a>&nbsp;&nbsp;&nbsp;app_fifo_put
<LI><a href="#[8b]">&gt;&gt;</a>&nbsp;&nbsp;&nbsp;app_fifo_get
</UL>
<BR>[Address Reference Count : 1]<UL><LI> app_uart_fifo.o(i.app_uart_init)
</UL>
<P><STRONG><a name="[111]"></a>nrf_balloc_block2idx</STRONG> (Thumb, 14 bytes, Stack size 0 bytes, nrf_balloc.o(i.nrf_balloc_block2idx))
<BR><BR>[Called By]<UL><LI><a href="#[110]">&gt;&gt;</a>&nbsp;&nbsp;&nbsp;nrf_balloc_free
</UL>

<P><STRONG><a name="[10f]"></a>nrf_balloc_idx2block</STRONG> (Thumb, 10 bytes, Stack size 0 bytes, nrf_balloc.o(i.nrf_balloc_idx2block))
<BR><BR>[Called By]<UL><LI><a href="#[10e]">&gt;&gt;</a>&nbsp;&nbsp;&nbsp;nrf_balloc_alloc
</UL>

<P><STRONG><a name="[dd]"></a>buffer_add</STRONG> (Thumb, 24 bytes, Stack size 0 bytes, nrf_fprintf_format.o(i.buffer_add))
<BR><BR>[Stack]<UL><LI>Max Depth = 8<LI>Call Chain = buffer_add &rArr; nrf_fprintf_buffer_flush
</UL>
<BR>[Calls]<UL><LI><a href="#[de]">&gt;&gt;</a>&nbsp;&nbsp;&nbsp;nrf_fprintf_buffer_flush
</UL>
<BR>[Called By]<UL><LI><a href="#[f5]">&gt;&gt;</a>&nbsp;&nbsp;&nbsp;unsigned_print
<LI><a href="#[136]">&gt;&gt;</a>&nbsp;&nbsp;&nbsp;string_print
<LI><a href="#[f4]">&gt;&gt;</a>&nbsp;&nbsp;&nbsp;int_print
<LI><a href="#[135]">&gt;&gt;</a>&nbsp;&nbsp;&nbsp;nrf_fprintf_fmt
</UL>

<P><STRONG><a name="[f4]"></a>int_print</STRONG> (Thumb, 178 bytes, Stack size 48 bytes, nrf_fprintf_format.o(i.int_print))
<BR><BR>[Stack]<UL><LI>Max Depth = 96<LI>Call Chain = int_print &rArr; unsigned_print &rArr; buffer_add &rArr; nrf_fprintf_buffer_flush
</UL>
<BR>[Calls]<UL><LI><a href="#[f5]">&gt;&gt;</a>&nbsp;&nbsp;&nbsp;unsigned_print
<LI><a href="#[dd]">&gt;&gt;</a>&nbsp;&nbsp;&nbsp;buffer_add
</UL>
<BR>[Called By]<UL><LI><a href="#[135]">&gt;&gt;</a>&nbsp;&nbsp;&nbsp;nrf_fprintf_fmt
</UL>

<P><STRONG><a name="[136]"></a>string_print</STRONG> (Thumb, 106 bytes, Stack size 24 bytes, nrf_fprintf_format.o(i.string_print))
<BR><BR>[Stack]<UL><LI>Max Depth = 32<LI>Call Chain = string_print &rArr; buffer_add &rArr; nrf_fprintf_buffer_flush
</UL>
<BR>[Calls]<UL><LI><a href="#[dd]">&gt;&gt;</a>&nbsp;&nbsp;&nbsp;buffer_add
<LI><a href="#[164]">&gt;&gt;</a>&nbsp;&nbsp;&nbsp;strlen
</UL>
<BR>[Called By]<UL><LI><a href="#[135]">&gt;&gt;</a>&nbsp;&nbsp;&nbsp;nrf_fprintf_fmt
</UL>

<P><STRONG><a name="[f5]"></a>unsigned_print</STRONG> (Thumb, 170 bytes, Stack size 40 bytes, nrf_fprintf_format.o(i.unsigned_print))
<BR><BR>[Stack]<UL><LI>Max Depth = 48<LI>Call Chain = unsigned_print &rArr; buffer_add &rArr; nrf_fprintf_buffer_flush
</UL>
<BR>[Calls]<UL><LI><a href="#[dd]">&gt;&gt;</a>&nbsp;&nbsp;&nbsp;buffer_add
</UL>
<BR>[Called By]<UL><LI><a href="#[f4]">&gt;&gt;</a>&nbsp;&nbsp;&nbsp;int_print
<LI><a href="#[135]">&gt;&gt;</a>&nbsp;&nbsp;&nbsp;nrf_fprintf_fmt
</UL>

<P><STRONG><a name="[10a]"></a>memobj_op</STRONG> (Thumb, 128 bytes, Stack size 32 bytes, nrf_memobj.o(i.memobj_op))
<BR><BR>[Stack]<UL><LI>Max Depth = 32<LI>Call Chain = memobj_op
</UL>
<BR>[Calls]<UL><LI><a href="#[7c]">&gt;&gt;</a>&nbsp;&nbsp;&nbsp;__aeabi_memcpy
</UL>
<BR>[Called By]<UL><LI><a href="#[144]">&gt;&gt;</a>&nbsp;&nbsp;&nbsp;nrf_memobj_write
<LI><a href="#[13e]">&gt;&gt;</a>&nbsp;&nbsp;&nbsp;nrf_memobj_read
</UL>

<P><STRONG><a name="[153]"></a>shutdown_process</STRONG> (Thumb, 102 bytes, Stack size 16 bytes, nrf_pwr_mgmt.o(i.shutdown_process))
<BR><BR>[Stack]<UL><LI>Max Depth = 148<LI>Call Chain = shutdown_process &rArr; nrf_log_frontend_dequeue &rArr; nrf_memobj_alloc &rArr; nrf_memobj_free &rArr; nrf_balloc_free &rArr; app_util_critical_region_enter
</UL>
<BR>[Calls]<UL><LI><a href="#[11b]">&gt;&gt;</a>&nbsp;&nbsp;&nbsp;nrf_sdh_is_enabled
<LI><a href="#[88]">&gt;&gt;</a>&nbsp;&nbsp;&nbsp;nrf_log_frontend_dequeue
<LI><a href="#[87]">&gt;&gt;</a>&nbsp;&nbsp;&nbsp;nrf_log_panic
<LI><a href="#[157]">&gt;&gt;</a>&nbsp;&nbsp;&nbsp;nrf_section_iter_next
</UL>
<BR>[Called By]<UL><LI><a href="#[d3]">&gt;&gt;</a>&nbsp;&nbsp;&nbsp;nrf_pwr_mgmt_shutdown
</UL>

<P><STRONG><a name="[15b]"></a>nrf_section_iter_item_set</STRONG> (Thumb, 42 bytes, Stack size 8 bytes, nrf_section_iter.o(i.nrf_section_iter_item_set))
<BR><BR>[Stack]<UL><LI>Max Depth = 8<LI>Call Chain = nrf_section_iter_item_set
</UL>
<BR>[Called By]<UL><LI><a href="#[157]">&gt;&gt;</a>&nbsp;&nbsp;&nbsp;nrf_section_iter_next
</UL>

<P><STRONG><a name="[49]"></a>nrf_log_backend_rtt_flush</STRONG> (Thumb, 2 bytes, Stack size 0 bytes, nrf_log_backend_rtt.o(i.nrf_log_backend_rtt_flush))
<BR>[Address Reference Count : 1]<UL><LI> nrf_log_backend_rtt.o(.constdata)
</UL>
<P><STRONG><a name="[48]"></a>nrf_log_backend_rtt_panic_set</STRONG> (Thumb, 2 bytes, Stack size 0 bytes, nrf_log_backend_rtt.o(i.nrf_log_backend_rtt_panic_set))
<BR>[Address Reference Count : 1]<UL><LI> nrf_log_backend_rtt.o(.constdata)
</UL>
<P><STRONG><a name="[47]"></a>nrf_log_backend_rtt_put</STRONG> (Thumb, 16 bytes, Stack size 8 bytes, nrf_log_backend_rtt.o(i.nrf_log_backend_rtt_put))
<BR><BR>[Stack]<UL><LI>Max Depth = 320<LI>Call Chain = nrf_log_backend_rtt_put &rArr; nrf_log_backend_serial_put &rArr; nrf_log_std_entry_process &rArr; prefix_process &rArr; nrf_fprintf &rArr; nrf_fprintf_fmt &rArr; int_print &rArr; unsigned_print &rArr; buffer_add &rArr; nrf_fprintf_buffer_flush
</UL>
<BR>[Calls]<UL><LI><a href="#[13c]">&gt;&gt;</a>&nbsp;&nbsp;&nbsp;nrf_log_backend_serial_put
</UL>
<BR>[Address Reference Count : 1]<UL><LI> nrf_log_backend_rtt.o(.constdata)
</UL>
<P><STRONG><a name="[41]"></a>serial_tx</STRONG> (Thumb, 46 bytes, Stack size 24 bytes, nrf_log_backend_rtt.o(i.serial_tx))
<BR><BR>[Stack]<UL><LI>Max Depth = 72<LI>Call Chain = serial_tx &rArr; SEGGER_RTT_WriteNoLock &rArr; _WriteBlocking
</UL>
<BR>[Calls]<UL><LI><a href="#[6a]">&gt;&gt;</a>&nbsp;&nbsp;&nbsp;SEGGER_RTT_WriteNoLock
</UL>
<BR>[Address Reference Count : 1]<UL><LI> nrf_log_backend_rtt.o(i.nrf_log_backend_rtt_put)
</UL>
<P><STRONG><a name="[13a]"></a>backend_id_assign</STRONG> (Thumb, 46 bytes, Stack size 8 bytes, nrf_log_frontend.o(i.backend_id_assign))
<BR><BR>[Stack]<UL><LI>Max Depth = 8<LI>Call Chain = backend_id_assign
</UL>
<BR>[Called By]<UL><LI><a href="#[139]">&gt;&gt;</a>&nbsp;&nbsp;&nbsp;nrf_log_backend_add
</UL>

<P><STRONG><a name="[d9]"></a>buf_prealloc</STRONG> (Thumb, 96 bytes, Stack size 24 bytes, nrf_log_frontend.o(i.buf_prealloc))
<BR><BR>[Stack]<UL><LI>Max Depth = 64<LI>Call Chain = buf_prealloc &rArr; log_skip &rArr; nrf_atomic_flag_set
</UL>
<BR>[Calls]<UL><LI><a href="#[dc]">&gt;&gt;</a>&nbsp;&nbsp;&nbsp;app_util_critical_region_exit
<LI><a href="#[da]">&gt;&gt;</a>&nbsp;&nbsp;&nbsp;app_util_critical_region_enter
<LI><a href="#[db]">&gt;&gt;</a>&nbsp;&nbsp;&nbsp;log_skip
</UL>
<BR>[Called By]<UL><LI><a href="#[145]">&gt;&gt;</a>&nbsp;&nbsp;&nbsp;std_n
</UL>

<P><STRONG><a name="[db]"></a>log_skip</STRONG> (Thumb, 144 bytes, Stack size 32 bytes, nrf_log_frontend.o(i.log_skip))
<BR><BR>[Stack]<UL><LI>Max Depth = 40<LI>Call Chain = log_skip &rArr; nrf_atomic_flag_set
</UL>
<BR>[Calls]<UL><LI><a href="#[102]">&gt;&gt;</a>&nbsp;&nbsp;&nbsp;__asm___18_nrf_log_frontend_c_bc460776__nrf_atomic_internal_and
<LI><a href="#[101]">&gt;&gt;</a>&nbsp;&nbsp;&nbsp;nrf_atomic_flag_set
</UL>
<BR>[Called By]<UL><LI><a href="#[d9]">&gt;&gt;</a>&nbsp;&nbsp;&nbsp;buf_prealloc
</UL>

<P><STRONG><a name="[10b]"></a>module_idx_get</STRONG> (Thumb, 54 bytes, Stack size 12 bytes, nrf_log_frontend.o(i.module_idx_get))
<BR><BR>[Stack]<UL><LI>Max Depth = 12<LI>Call Chain = module_idx_get
</UL>
<BR>[Calls]<UL><LI><a href="#[10c]">&gt;&gt;</a>&nbsp;&nbsp;&nbsp;nrf_log_module_cnt_get
</UL>
<BR>[Called By]<UL><LI><a href="#[14b]">&gt;&gt;</a>&nbsp;&nbsp;&nbsp;nrf_log_module_name_get
</UL>

<P><STRONG><a name="[101]"></a>nrf_atomic_flag_set</STRONG> (Thumb, 14 bytes, Stack size 8 bytes, nrf_log_frontend.o(i.nrf_atomic_flag_set))
<BR><BR>[Stack]<UL><LI>Max Depth = 8<LI>Call Chain = nrf_atomic_flag_set
</UL>
<BR>[Calls]<UL><LI><a href="#[10d]">&gt;&gt;</a>&nbsp;&nbsp;&nbsp;__asm___18_nrf_log_frontend_c_bc460776__nrf_atomic_internal_orr
</UL>
<BR>[Called By]<UL><LI><a href="#[db]">&gt;&gt;</a>&nbsp;&nbsp;&nbsp;log_skip
</UL>

<P><STRONG><a name="[145]"></a>std_n</STRONG> (Thumb, 138 bytes, Stack size 40 bytes, nrf_log_frontend.o(i.std_n))
<BR><BR>[Stack]<UL><LI>Max Depth = 172<LI>Call Chain = std_n &rArr; nrf_log_frontend_dequeue &rArr; nrf_memobj_alloc &rArr; nrf_memobj_free &rArr; nrf_balloc_free &rArr; app_util_critical_region_enter
</UL>
<BR>[Calls]<UL><LI><a href="#[88]">&gt;&gt;</a>&nbsp;&nbsp;&nbsp;nrf_log_frontend_dequeue
<LI><a href="#[d9]">&gt;&gt;</a>&nbsp;&nbsp;&nbsp;buf_prealloc
</UL>
<BR>[Called By]<UL><LI><a href="#[119]">&gt;&gt;</a>&nbsp;&nbsp;&nbsp;nrf_log_frontend_std_1
<LI><a href="#[af]">&gt;&gt;</a>&nbsp;&nbsp;&nbsp;nrf_log_frontend_std_6
<LI><a href="#[ad]">&gt;&gt;</a>&nbsp;&nbsp;&nbsp;nrf_log_frontend_std_5
<LI><a href="#[146]">&gt;&gt;</a>&nbsp;&nbsp;&nbsp;nrf_log_frontend_std_4
<LI><a href="#[b9]">&gt;&gt;</a>&nbsp;&nbsp;&nbsp;nrf_log_frontend_std_2
<LI><a href="#[89]">&gt;&gt;</a>&nbsp;&nbsp;&nbsp;nrf_log_frontend_std_0
</UL>

<P><STRONG><a name="[149]"></a>postfix_process</STRONG> (Thumb, 56 bytes, Stack size 8 bytes, nrf_log_str_formatter.o(i.postfix_process))
<BR><BR>[Stack]<UL><LI>Max Depth = 160<LI>Call Chain = postfix_process &rArr; nrf_fprintf &rArr; nrf_fprintf_fmt &rArr; int_print &rArr; unsigned_print &rArr; buffer_add &rArr; nrf_fprintf_buffer_flush
</UL>
<BR>[Calls]<UL><LI><a href="#[de]">&gt;&gt;</a>&nbsp;&nbsp;&nbsp;nrf_fprintf_buffer_flush
<LI><a href="#[134]">&gt;&gt;</a>&nbsp;&nbsp;&nbsp;nrf_fprintf
</UL>
<BR>[Called By]<UL><LI><a href="#[13f]">&gt;&gt;</a>&nbsp;&nbsp;&nbsp;nrf_log_std_entry_process
<LI><a href="#[140]">&gt;&gt;</a>&nbsp;&nbsp;&nbsp;nrf_log_hexdump_entry_process
</UL>

<P><STRONG><a name="[147]"></a>prefix_process</STRONG> (Thumb, 72 bytes, Stack size 16 bytes, nrf_log_str_formatter.o(i.prefix_process))
<BR><BR>[Stack]<UL><LI>Max Depth = 168<LI>Call Chain = prefix_process &rArr; nrf_fprintf &rArr; nrf_fprintf_fmt &rArr; int_print &rArr; unsigned_print &rArr; buffer_add &rArr; nrf_fprintf_buffer_flush
</UL>
<BR>[Calls]<UL><LI><a href="#[134]">&gt;&gt;</a>&nbsp;&nbsp;&nbsp;nrf_fprintf
<LI><a href="#[14b]">&gt;&gt;</a>&nbsp;&nbsp;&nbsp;nrf_log_module_name_get
<LI><a href="#[160]">&gt;&gt;</a>&nbsp;&nbsp;&nbsp;nrf_log_color_id_get
</UL>
<BR>[Called By]<UL><LI><a href="#[13f]">&gt;&gt;</a>&nbsp;&nbsp;&nbsp;nrf_log_std_entry_process
<LI><a href="#[140]">&gt;&gt;</a>&nbsp;&nbsp;&nbsp;nrf_log_hexdump_entry_process
</UL>

<P><STRONG><a name="[69]"></a>_DoInit</STRONG> (Thumb, 76 bytes, Stack size 8 bytes, segger_rtt.o(i._DoInit))
<BR><BR>[Stack]<UL><LI>Max Depth = 8<LI>Call Chain = _DoInit
</UL>
<BR>[Calls]<UL><LI><a href="#[7b]">&gt;&gt;</a>&nbsp;&nbsp;&nbsp;strcpy
</UL>
<BR>[Called By]<UL><LI><a href="#[68]">&gt;&gt;</a>&nbsp;&nbsp;&nbsp;SEGGER_RTT_Init
</UL>

<P><STRONG><a name="[6b]"></a>_GetAvailWriteSpace</STRONG> (Thumb, 24 bytes, Stack size 0 bytes, segger_rtt.o(i._GetAvailWriteSpace))
<BR><BR>[Called By]<UL><LI><a href="#[6a]">&gt;&gt;</a>&nbsp;&nbsp;&nbsp;SEGGER_RTT_WriteNoLock
</UL>

<P><STRONG><a name="[6d]"></a>_WriteBlocking</STRONG> (Thumb, 92 bytes, Stack size 32 bytes, segger_rtt.o(i._WriteBlocking))
<BR><BR>[Stack]<UL><LI>Max Depth = 32<LI>Call Chain = _WriteBlocking
</UL>
<BR>[Calls]<UL><LI><a href="#[7c]">&gt;&gt;</a>&nbsp;&nbsp;&nbsp;__aeabi_memcpy
</UL>
<BR>[Called By]<UL><LI><a href="#[6a]">&gt;&gt;</a>&nbsp;&nbsp;&nbsp;SEGGER_RTT_WriteNoLock
</UL>

<P><STRONG><a name="[6c]"></a>_WriteNoCheck</STRONG> (Thumb, 68 bytes, Stack size 24 bytes, segger_rtt.o(i._WriteNoCheck))
<BR><BR>[Stack]<UL><LI>Max Depth = 24<LI>Call Chain = _WriteNoCheck
</UL>
<BR>[Calls]<UL><LI><a href="#[7c]">&gt;&gt;</a>&nbsp;&nbsp;&nbsp;__aeabi_memcpy
</UL>
<BR>[Called By]<UL><LI><a href="#[6a]">&gt;&gt;</a>&nbsp;&nbsp;&nbsp;SEGGER_RTT_WriteNoLock
</UL>

<P><STRONG><a name="[161]"></a>__sd_nvic_app_accessible_irq</STRONG> (Thumb, 44 bytes, Stack size 0 bytes, nrf_sdh.o(i.__sd_nvic_app_accessible_irq))
<BR><BR>[Called By]<UL><LI><a href="#[15a]">&gt;&gt;</a>&nbsp;&nbsp;&nbsp;softdevices_evt_irq_enable
</UL>

<P><STRONG><a name="[158]"></a>sdh_request_observer_notify</STRONG> (Thumb, 44 bytes, Stack size 24 bytes, nrf_sdh.o(i.sdh_request_observer_notify))
<BR><BR>[Stack]<UL><LI>Max Depth = 32<LI>Call Chain = sdh_request_observer_notify &rArr; nrf_section_iter_next &rArr; nrf_section_iter_item_set
</UL>
<BR>[Calls]<UL><LI><a href="#[157]">&gt;&gt;</a>&nbsp;&nbsp;&nbsp;nrf_section_iter_next
<LI><a href="#[151]">&gt;&gt;</a>&nbsp;&nbsp;&nbsp;nrf_section_iter_init
</UL>
<BR>[Called By]<UL><LI><a href="#[c0]">&gt;&gt;</a>&nbsp;&nbsp;&nbsp;nrf_sdh_enable_request
</UL>

<P><STRONG><a name="[159]"></a>sdh_state_observer_notify</STRONG> (Thumb, 38 bytes, Stack size 24 bytes, nrf_sdh.o(i.sdh_state_observer_notify))
<BR><BR>[Stack]<UL><LI>Max Depth = 32<LI>Call Chain = sdh_state_observer_notify &rArr; nrf_section_iter_next &rArr; nrf_section_iter_item_set
</UL>
<BR>[Calls]<UL><LI><a href="#[157]">&gt;&gt;</a>&nbsp;&nbsp;&nbsp;nrf_section_iter_next
<LI><a href="#[151]">&gt;&gt;</a>&nbsp;&nbsp;&nbsp;nrf_section_iter_init
</UL>
<BR>[Called By]<UL><LI><a href="#[c0]">&gt;&gt;</a>&nbsp;&nbsp;&nbsp;nrf_sdh_enable_request
</UL>

<P><STRONG><a name="[15a]"></a>softdevices_evt_irq_enable</STRONG> (Thumb, 98 bytes, Stack size 8 bytes, nrf_sdh.o(i.softdevices_evt_irq_enable))
<BR><BR>[Stack]<UL><LI>Max Depth = 196<LI>Call Chain = softdevices_evt_irq_enable &rArr; app_error_handler_bare &rArr; app_error_fault_handler &rArr; nrf_log_frontend_std_0 &rArr; std_n &rArr; nrf_log_frontend_dequeue &rArr; nrf_memobj_alloc &rArr; nrf_memobj_free &rArr; nrf_balloc_free &rArr; app_util_critical_region_enter
</UL>
<BR>[Calls]<UL><LI><a href="#[8a]">&gt;&gt;</a>&nbsp;&nbsp;&nbsp;app_error_handler_bare
<LI><a href="#[161]">&gt;&gt;</a>&nbsp;&nbsp;&nbsp;__sd_nvic_app_accessible_irq
</UL>
<BR>[Called By]<UL><LI><a href="#[c0]">&gt;&gt;</a>&nbsp;&nbsp;&nbsp;nrf_sdh_enable_request
</UL>

<P><STRONG><a name="[51]"></a>nrf_sdh_ble_evts_poll</STRONG> (Thumb, 72 bytes, Stack size 440 bytes, nrf_sdh_ble.o(i.nrf_sdh_ble_evts_poll))
<BR><BR>[Stack]<UL><LI>Max Depth = 628<LI>Call Chain = nrf_sdh_ble_evts_poll &rArr; app_error_handler_bare &rArr; app_error_fault_handler &rArr; nrf_log_frontend_std_0 &rArr; std_n &rArr; nrf_log_frontend_dequeue &rArr; nrf_memobj_alloc &rArr; nrf_memobj_free &rArr; nrf_balloc_free &rArr; app_util_critical_region_enter
</UL>
<BR>[Calls]<UL><LI><a href="#[8a]">&gt;&gt;</a>&nbsp;&nbsp;&nbsp;app_error_handler_bare
<LI><a href="#[157]">&gt;&gt;</a>&nbsp;&nbsp;&nbsp;nrf_section_iter_next
<LI><a href="#[151]">&gt;&gt;</a>&nbsp;&nbsp;&nbsp;nrf_section_iter_init
</UL>
<BR>[Address Reference Count : 1]<UL><LI> nrf_sdh_ble.o(sdh_stack_observers0)
</UL>
<P><STRONG><a name="[156]"></a>ram_end_address_get</STRONG> (Thumb, 12 bytes, Stack size 0 bytes, nrf_sdh_ble.o(i.ram_end_address_get))
<BR><BR>[Called By]<UL><LI><a href="#[c2]">&gt;&gt;</a>&nbsp;&nbsp;&nbsp;nrf_sdh_ble_enable
</UL>

<P><STRONG><a name="[52]"></a>nrf_sdh_soc_evts_poll</STRONG> (Thumb, 58 bytes, Stack size 24 bytes, nrf_sdh_soc.o(i.nrf_sdh_soc_evts_poll))
<BR><BR>[Stack]<UL><LI>Max Depth = 212<LI>Call Chain = nrf_sdh_soc_evts_poll &rArr; app_error_handler_bare &rArr; app_error_fault_handler &rArr; nrf_log_frontend_std_0 &rArr; std_n &rArr; nrf_log_frontend_dequeue &rArr; nrf_memobj_alloc &rArr; nrf_memobj_free &rArr; nrf_balloc_free &rArr; app_util_critical_region_enter
</UL>
<BR>[Calls]<UL><LI><a href="#[8a]">&gt;&gt;</a>&nbsp;&nbsp;&nbsp;app_error_handler_bare
<LI><a href="#[157]">&gt;&gt;</a>&nbsp;&nbsp;&nbsp;nrf_section_iter_next
<LI><a href="#[151]">&gt;&gt;</a>&nbsp;&nbsp;&nbsp;nrf_section_iter_init
</UL>
<BR>[Address Reference Count : 1]<UL><LI> nrf_sdh_soc.o(sdh_stack_observers0)
</UL>
<P><STRONG><a name="[74]"></a>errata_103</STRONG> (Thumb, 26 bytes, Stack size 0 bytes, system_nrf52840.o(i.errata_103))
<BR><BR>[Called By]<UL><LI><a href="#[36]">&gt;&gt;</a>&nbsp;&nbsp;&nbsp;SystemInit
</UL>

<P><STRONG><a name="[75]"></a>errata_115</STRONG> (Thumb, 26 bytes, Stack size 0 bytes, system_nrf52840.o(i.errata_115))
<BR><BR>[Called By]<UL><LI><a href="#[36]">&gt;&gt;</a>&nbsp;&nbsp;&nbsp;SystemInit
</UL>

<P><STRONG><a name="[76]"></a>errata_120</STRONG> (Thumb, 26 bytes, Stack size 0 bytes, system_nrf52840.o(i.errata_120))
<BR><BR>[Called By]<UL><LI><a href="#[36]">&gt;&gt;</a>&nbsp;&nbsp;&nbsp;SystemInit
</UL>

<P><STRONG><a name="[77]"></a>errata_136</STRONG> (Thumb, 50 bytes, Stack size 0 bytes, system_nrf52840.o(i.errata_136))
<BR><BR>[Called By]<UL><LI><a href="#[36]">&gt;&gt;</a>&nbsp;&nbsp;&nbsp;SystemInit
</UL>

<P><STRONG><a name="[71]"></a>errata_36</STRONG> (Thumb, 50 bytes, Stack size 0 bytes, system_nrf52840.o(i.errata_36))
<BR><BR>[Called By]<UL><LI><a href="#[36]">&gt;&gt;</a>&nbsp;&nbsp;&nbsp;SystemInit
</UL>

<P><STRONG><a name="[72]"></a>errata_66</STRONG> (Thumb, 50 bytes, Stack size 0 bytes, system_nrf52840.o(i.errata_66))
<BR><BR>[Called By]<UL><LI><a href="#[36]">&gt;&gt;</a>&nbsp;&nbsp;&nbsp;SystemInit
</UL>

<P><STRONG><a name="[73]"></a>errata_98</STRONG> (Thumb, 26 bytes, Stack size 0 bytes, system_nrf52840.o(i.errata_98))
<BR><BR>[Called By]<UL><LI><a href="#[36]">&gt;&gt;</a>&nbsp;&nbsp;&nbsp;SystemInit
</UL>
<P>
<H3>
Undefined Global Symbols
</H3><HR></body></html>
