Component: ARM Compiler 5.06 update 6 (build 750) Tool: armlink [4d35ed]

==============================================================================

Section Cross References

    main.o(i.assert_nrf_callback) refers to app_error.o(i.app_error_handler) for app_error_handler
    main.o(i.ble_evt_handler) refers to nrf_log_frontend.o(i.nrf_log_frontend_std_0) for nrf_log_frontend_std_0
    main.o(i.ble_evt_handler) refers to app_error.o(i.app_error_handler_bare) for app_error_handler_bare
    main.o(i.ble_evt_handler) refers to main.o(i.is_uuid_present) for is_uuid_present
    main.o(i.ble_evt_handler) refers to nrf_log_frontend.o(i.nrf_log_frontend_std_5) for nrf_log_frontend_std_5
    main.o(i.ble_evt_handler) refers to bsp.o(i.bsp_indication_set) for bsp_indication_set
    main.o(i.ble_evt_handler) refers to nrf_log_frontend.o(i.nrf_log_frontend_std_6) for nrf_log_frontend_std_6
    main.o(i.ble_evt_handler) refers to main.o(i.enfiler) for enfiler
    main.o(i.ble_evt_handler) refers to main.o(i.defiler) for defiler
    main.o(i.ble_evt_handler) refers to memcmp.o(.text) for memcmp
    main.o(i.ble_evt_handler) refers to ble_nus_c.o(i.ble_nus_c_handles_assign) for ble_nus_c_handles_assign
    main.o(i.ble_evt_handler) refers to ble_db_discovery.o(i.ble_db_discovery_start) for ble_db_discovery_start
    main.o(i.ble_evt_handler) refers to main.o(i.scan_start) for scan_start
    main.o(i.ble_evt_handler) refers to nrf_log_frontend.o(log_dynamic_data) for m_nrf_log_app_logs_data_dynamic
    main.o(i.ble_evt_handler) refers to main.o(.data) for .data
    main.o(i.ble_evt_handler) refers to main.o(.constdata) for .constdata
    main.o(i.ble_evt_handler) refers to main.o(.bss) for .bss
    main.o(i.ble_nus_c_evt_handler) refers to nrf_log_frontend.o(i.nrf_log_frontend_std_0) for nrf_log_frontend_std_0
    main.o(i.ble_nus_c_evt_handler) refers to memseta.o(.text) for __aeabi_memclr4
    main.o(i.ble_nus_c_evt_handler) refers to ble_nus_c.o(i.ble_nus_c_handles_assign) for ble_nus_c_handles_assign
    main.o(i.ble_nus_c_evt_handler) refers to app_error.o(i.app_error_handler_bare) for app_error_handler_bare
    main.o(i.ble_nus_c_evt_handler) refers to ble_nus_c.o(i.ble_nus_c_tx_notif_enable) for ble_nus_c_tx_notif_enable
    main.o(i.ble_nus_c_evt_handler) refers to memcpya.o(.text) for __aeabi_memcpy
    main.o(i.ble_nus_c_evt_handler) refers to app_timer.o(i.app_timer_cnt_get) for app_timer_cnt_get
    main.o(i.ble_nus_c_evt_handler) refers to nrf_log_frontend.o(i.nrf_log_frontend_std_2) for nrf_log_frontend_std_2
    main.o(i.ble_nus_c_evt_handler) refers to main.o(i.defiler) for defiler
    main.o(i.ble_nus_c_evt_handler) refers to main.o(i.scan_start) for scan_start
    main.o(i.ble_nus_c_evt_handler) refers to nrf_log_frontend.o(log_dynamic_data) for m_nrf_log_app_logs_data_dynamic
    main.o(i.ble_nus_c_evt_handler) refers to main.o(.data) for .data
    main.o(i.ble_nus_c_evt_handler) refers to main.o(.bss) for .bss
    main.o(i.ble_stack_init) refers to nrf_sdh.o(i.nrf_sdh_enable_request) for nrf_sdh_enable_request
    main.o(i.ble_stack_init) refers to app_error.o(i.app_error_handler_bare) for app_error_handler_bare
    main.o(i.ble_stack_init) refers to nrf_sdh_ble.o(i.nrf_sdh_ble_default_cfg_set) for nrf_sdh_ble_default_cfg_set
    main.o(i.ble_stack_init) refers to nrf_sdh_ble.o(i.nrf_sdh_ble_enable) for nrf_sdh_ble_enable
    main.o(i.bsp_event_handler) refers to nrf_log_frontend.o(i.nrf_log_frontend_std_0) for nrf_log_frontend_std_0
    main.o(i.bsp_event_handler) refers to ble_nus_c.o(i.ble_nus_c_string_send) for ble_nus_c_string_send
    main.o(i.bsp_event_handler) refers to nrf_pwr_mgmt.o(i.nrf_pwr_mgmt_shutdown) for nrf_pwr_mgmt_shutdown
    main.o(i.bsp_event_handler) refers to app_error.o(i.app_error_handler_bare) for app_error_handler_bare
    main.o(i.bsp_event_handler) refers to nrf_log_frontend.o(log_dynamic_data) for m_nrf_log_app_logs_data_dynamic
    main.o(i.bsp_event_handler) refers to main.o(.bss) for .bss
    main.o(i.buttons_leds_init) refers to bsp.o(i.bsp_init) for bsp_init
    main.o(i.buttons_leds_init) refers to app_error.o(i.app_error_handler_bare) for app_error_handler_bare
    main.o(i.buttons_leds_init) refers to bsp_btn_ble.o(i.bsp_btn_ble_init) for bsp_btn_ble_init
    main.o(i.buttons_leds_init) refers to main.o(i.bsp_event_handler) for bsp_event_handler
    main.o(i.db_disc_handler) refers to ble_nus_c.o(i.ble_nus_c_on_db_disc_evt) for ble_nus_c_on_db_disc_evt
    main.o(i.db_disc_handler) refers to main.o(.bss) for .bss
    main.o(i.db_discovery_init) refers to ble_db_discovery.o(i.ble_db_discovery_init) for ble_db_discovery_init
    main.o(i.db_discovery_init) refers to app_error.o(i.app_error_handler_bare) for app_error_handler_bare
    main.o(i.db_discovery_init) refers to main.o(i.db_disc_handler) for db_disc_handler
    main.o(i.defiler) refers to malloc.o(i.free) for free
    main.o(i.defiler) refers to main.o(.data) for .data
[...]
    __tagsym$$used                           0x20002dd4   Number         0  nrf_sdh_soc.o(log_dynamic_data)
    .bss                                     0x20002de0   Section      600  main.o(.bss)
    data_array                               0x20002de0   Data         244  main.o(.bss)
    rx_buf                                   0x20002ed4   Data          32  main.o(.bss)
    tx_buf                                   0x20002ef4   Data          32  main.o(.bss)
    m_rx_buf                                 0x20002f14   Data         256  main.o(.bss)
    m_ble_nus_c                              0x20003014   Data          16  main.o(.bss)
    m_gatt                                   0x20003024   Data          20  main.o(.bss)
    .bss                                     0x20003038   Section       32  bsp.o(.bss)
    m_leds_timer_id_data                     0x20003038   Data          32  bsp.o(.bss)
    .bss                                     0x20003058   Section       32  bsp.o(.bss)
    m_alert_timer_id_data                    0x20003058   Data          32  bsp.o(.bss)
    .bss                                     0x20003078   Section       12  bsp.o(.bss)
    m_events_list                            0x20003078   Data          12  bsp.o(.bss)
    .bss                                     0x20003084   Section       32  bsp.o(.bss)
    m_button_timer_id_data                   0x20003084   Data          32  bsp.o(.bss)
    .bss                                     0x200030a4   Section      792  ble_db_discovery.o(.bss)
    m_registered_handlers                    0x200030a4   Data          24  ble_db_discovery.o(.bss)
    m_pending_user_evts                      0x200030bc   Data         768  ble_db_discovery.o(.bss)
    .bss                                     0x200033bc   Section       20  nrf_drv_clock.o(.bss)
    m_clock_cb                               0x200033bc   Data          20  nrf_drv_clock.o(.bss)
    .bss                                     0x200033d0   Section      104  nrf_drv_gpiote.o(.bss)
    m_cb                                     0x200033d0   Data         104  nrf_drv_gpiote.o(.bss)
    .bss                                     0x20003438   Section       32  nrf_drv_uart.o(.bss)
    m_cb                                     0x20003438   Data          32  nrf_drv_uart.o(.bss)
    .bss                                     0x20003458   Section       24  nrf_drv_spis.o(.bss)
    m_cb                                     0x20003458   Data          24  nrf_drv_spis.o(.bss)
    .bss                                     0x20003470   Section       32  app_button.o(.bss)
    m_detection_delay_timer_id_data          0x20003470   Data          32  app_button.o(.bss)
    .bss                                     0x20003490   Section      268  app_timer.o(.bss)
    m_op_queue                               0x20003490   Data         268  app_timer.o(.bss)
    .bss                                     0x2000359c   Section       32  app_uart_fifo.o(.bss)
    m_rx_fifo                                0x2000359c   Data          16  app_uart_fifo.o(.bss)
    m_tx_fifo                                0x200035ac   Data          16  app_uart_fifo.o(.bss)
    .bss                                     0x200035bc   Section       12  app_util_platform.o(.bss)
    .bss                                     0x200035c8   Section       12  nrf_pwr_mgmt.o(.bss)
    m_handlers_iter                          0x200035c8   Data          12  nrf_pwr_mgmt.o(.bss)
    .bss                                     0x200035d4   Section       64  nrf_log_backend_rtt.o(.bss)
    m_string_buff                            0x200035d4   Data          64  nrf_log_backend_rtt.o(.bss)
    .bss                                     0x20003614   Section      192  nrf_log_frontend.o(.bss)
    mempool_nrf_balloc_pool_mem              0x20003614   Data         192  nrf_log_frontend.o(.bss)
    .bss                                     0x200036d4   Section     1056  nrf_log_frontend.o(.bss)
    m_log_data                               0x200036d4   Data        1056  nrf_log_frontend.o(.bss)
    .bss                                     0x20003af4   Section      648  segger_rtt.o(.bss)
    _acUpBuffer                              0x20003b6c   Data         512  segger_rtt.o(.bss)
    _acDownBuffer                            0x20003d6c   Data          16  segger_rtt.o(.bss)
    HEAP                                     0x20003d80   Section     8192  arm_startup_nrf52840.o(HEAP)
    STACK                                    0x20005d80   Section     8192  arm_startup_nrf52840.o(STACK)

    Global Symbols

    Symbol Name                              Value     Ov Type        Size  Object(Section)

    BuildAttributes$$THM_ISAv4$E$P$D$K$B$S$7EM$VFPi3$EXTD16$VFPS$VFMA$PE$A:L22UL41UL21$X:L11$S22US41US21$IEEE1$IW$USESV6$~STKCKD$USESV7$~SHL$OSPACE$EBA8$MICROLIB$REQ8$PRES8$EABIv2 0x00000000   Number         0  anon$$obj.o ABSOLUTE
    __ARM_use_no_argv                        0x00000000   Number         0  main.o ABSOLUTE
    __cpp_initialize__aeabi_                  - Undefined Weak Reference
    __cxa_finalize                            - Undefined Weak Reference
    _clock_init                               - Undefined Weak Reference
    _microlib_exit                            - Undefined Weak Reference
    pwr_mgmt_data0$$Base                      - Undefined Reference
    pwr_mgmt_data0$$Limit                     - Undefined Reference
    pwr_mgmt_data2$$Base                      - Undefined Reference
    pwr_mgmt_data2$$Limit                     - Undefined Reference
    sdh_ble_observers0$$Base                  - Undefined Reference
    sdh_ble_observers0$$Limit                 - Undefined Reference
    sdh_req_observers0$$Base                  - Undefined Reference
    sdh_req_observers0$$Limit                 - Undefined Reference
    sdh_req_observers1$$Base                  - Undefined Reference
    sdh_req_observers1$$Limit                 - Undefined Reference
    sdh_soc_observers1$$Base                  - Undefined Reference
    sdh_soc_observers1$$Limit                 - Undefined Reference
    sdh_stack_observers1$$Base                - Undefined Reference
    sdh_stack_observers1$$Limit               - Undefined Reference
    sdh_state_observers1$$Base                - Undefined Reference
    sdh_state_observers1$$Limit               - Undefined Reference
    __Vectors_Size                           0x00000200   Number         0  arm_startup_nrf52840.o ABSOLUTE
    __Vectors                                0x00022000   Data           4  arm_startup_nrf52840.o(RESET)
    __Vectors_End                            0x00022200   Data           0  arm_startup_nrf52840.o(RESET)
    __main                                   0x00022201   Thumb Code     0  entry.o(.ARM.Collect$$$$00000000)
    _main_stk                                0x00022201   Thumb Code     0  entry2.o(.ARM.Collect$$$$00000001)
    _main_scatterload                        0x00022205   Thumb Code     0  entry5.o(.ARM.Collect$$$$00000004)
    __main_after_scatterload                 0x00022209   Thumb Code     0  entry5.o(.ARM.Collect$$$$00000004)
    _main_clock                              0x00022209   Thumb Code     0  entry7b.o(.ARM.Collect$$$$00000008)
    _main_cpp_init                           0x00022209   Thumb Code     0  entry8b.o(.ARM.Collect$$$$0000000A)
    _main_init                               0x00022209   Thumb Code     0  entry9a.o(.ARM.Collect$$$$0000000B)
    __rt_final_cpp                           0x00022211   Thumb Code     0  entry10a.o(.ARM.Collect$$$$0000000D)
    __rt_final_exit                          0x00022211   Thumb Code     0  entry11a.o(.ARM.Collect$$$$0000000F)
    __asm___12_nrf_memobj_c_9bb9f865__nrf_atomic_internal_mov 0x00022215   Thumb Code    24  nrf_memobj.o(.emb_text)
    __asm___12_nrf_memobj_c_9bb9f865__nrf_atomic_internal_orr 0x0002222d   Thumb Code    26  nrf_memobj.o(.emb_text)
    __asm___12_nrf_memobj_c_9bb9f865__nrf_atomic_internal_and 0x00022247   Thumb Code    26  nrf_memobj.o(.emb_text)
    __asm___12_nrf_memobj_c_9bb9f865__nrf_atomic_internal_eor 0x00022261   Thumb Code    26  nrf_memobj.o(.emb_text)
    __asm___12_nrf_memobj_c_9bb9f865__nrf_atomic_internal_add 0x0002227b   Thumb Code    26  nrf_memobj.o(.emb_text)
    __asm___12_nrf_memobj_c_9bb9f865__nrf_atomic_internal_sub 0x00022295   Thumb Code    26  nrf_memobj.o(.emb_text)
    __asm___14_nrf_pwr_mgmt_c_f22138a6__nrf_atomic_internal_mov 0x000222b1   Thumb Code    24  nrf_pwr_mgmt.o(.emb_text)
    __asm___14_nrf_pwr_mgmt_c_f22138a6__nrf_atomic_internal_orr 0x000222c9   Thumb Code    26  nrf_pwr_mgmt.o(.emb_text)
    __asm___14_nrf_pwr_mgmt_c_f22138a6__nrf_atomic_internal_and 0x000222e3   Thumb Code    26  nrf_pwr_mgmt.o(.emb_text)
    __asm___14_nrf_pwr_mgmt_c_f22138a6__nrf_atomic_internal_eor 0x000222fd   Thumb Code    26  nrf_pwr_mgmt.o(.emb_text)
    __asm___14_nrf_pwr_mgmt_c_f22138a6__nrf_atomic_internal_add 0x00022317   Thumb Code    26  nrf_pwr_mgmt.o(.emb_text)
    __asm___14_nrf_pwr_mgmt_c_f22138a6__nrf_atomic_internal_sub 0x00022331   Thumb Code    26  nrf_pwr_mgmt.o(.emb_text)
    __asm___18_nrf_log_frontend_c_bc460776__nrf_atomic_internal_mov 0x0002234d   Thumb Code    24  nrf_log_frontend.o(.emb_text)
    __asm___18_nrf_log_frontend_c_bc460776__nrf_atomic_internal_orr 0x00022365   Thumb Code    26  nrf_log_frontend.o(.emb_text)
    __asm___18_nrf_log_frontend_c_bc460776__nrf_atomic_internal_and 0x0002237f   Thumb Code    26  nrf_log_frontend.o(.emb_text)
    __asm___18_nrf_log_frontend_c_bc460776__nrf_atomic_internal_eor 0x00022399   Thumb Code    26  nrf_log_frontend.o(.emb_text)
    __asm___18_nrf_log_frontend_c_bc460776__nrf_atomic_internal_add 0x000223b3   Thumb Code    26  nrf_log_frontend.o(.emb_text)
    __asm___18_nrf_log_frontend_c_bc460776__nrf_atomic_internal_sub 0x000223cd   Thumb Code    26  nrf_log_frontend.o(.emb_text)
    Reset_Handler                            0x000223e9   Thumb Code     8  arm_startup_nrf52840.o(.text)
    NMI_Handler                              0x000223f1   Thumb Code     2  arm_startup_nrf52840.o(.text)
    HardFault_Handler                        0x000223f3   Thumb Code     2  arm_startup_nrf52840.o(.text)
    MemoryManagement_Handler                 0x000223f5   Thumb Code     2  arm_startup_nrf52840.o(.text)
    BusFault_Handler                         0x000223f7   Thumb Code     2  arm_startup_nrf52840.o(.text)
    UsageFault_Handler                       0x000223f9   Thumb Code     2  arm_startup_nrf52840.o(.text)
    SVC_Handler                              0x000223fb   Thumb Code     2  arm_startup_nrf52840.o(.text)
    DebugMon_Handler                         0x000223fd   Thumb Code     2  arm_startup_nrf52840.o(.text)
    PendSV_Handler                           0x000223ff   Thumb Code     2  arm_startup_nrf52840.o(.text)
    SysTick_Handler                          0x00022401   Thumb Code     2  arm_startup_nrf52840.o(.text)
    CCM_AAR_IRQHandler                       0x00022403   Thumb Code     0  arm_startup_nrf52840.o(.text)
    COMP_LPCOMP_IRQHandler                   0x00022403   Thumb Code     0  arm_startup_nrf52840.o(.text)
    CRYPTOCELL_IRQHandler                    0x00022403   Thumb Code     0  arm_startup_nrf52840.o(.text)
    ECB_IRQHandler                           0x00022403   Thumb Code     0  arm_startup_nrf52840.o(.text)
    FPU_IRQHandler                           0x00022403   Thumb Code     0  arm_startup_nrf52840.o(.text)
    I2S_IRQHandler                           0x00022403   Thumb Code     0  arm_startup_nrf52840.o(.text)
    MWU_IRQHandler                           0x00022403   Thumb Code     0  arm_startup_nrf52840.o(.text)
    NFCT_IRQHandler                          0x00022403   Thumb Code     0  arm_startup_nrf52840.o(.text)
    PDM_IRQHandler                           0x00022403   Thumb Code     0  arm_startup_nrf52840.o(.text)
    PWM0_IRQHandler                          0x00022403   Thumb Code     0  arm_startup_nrf52840.o(.text)
    PWM1_IRQHandler                          0x00022403   Thumb Code     0  arm_startup_nrf52840.o(.text)
    PWM2_IRQHandler                          0x00022403   Thumb Code     0  arm_startup_nrf52840.o(.text)
    PWM3_IRQHandler                          0x00022403   Thumb Code     0  arm_startup_nrf52840.o(.text)
    QDEC_IRQHandler                          0x00022403   Thumb Code     0  arm_startup_nrf52840.o(.text)
    QSPI_IRQHandler                          0x00022403   Thumb Code     0  arm_startup_nrf52840.o(.text)
    RADIO_IRQHandler                         0x00022403   Thumb Code     0  arm_startup_nrf52840.o(.text)
    RNG_IRQHandler                           0x00022403   Thumb Code     0  arm_startup_nrf52840.o(.text)
    RTC0_IRQHandler                          0x00022403   Thumb Code     0  arm_startup_nrf52840.o(.text)
    RTC2_IRQHandler                          0x00022403   Thumb Code     0  arm_startup_nrf52840.o(.text)
    SAADC_IRQHandler                         0x00022403   Thumb Code     0  arm_startup_nrf52840.o(.text)
    SPIM0_SPIS0_TWIM0_TWIS0_SPI0_TWI0_IRQHandler 0x00022403   Thumb Code     0  arm_startup_nrf52840.o(.text)
    SPIM2_SPIS2_SPI2_IRQHandler              0x00022403   Thumb Code     0  arm_startup_nrf52840.o(.text)
    SPIM3_IRQHandler                         0x00022403   Thumb Code     0  arm_startup_nrf52840.o(.text)
    SWI1_EGU1_IRQHandler                     0x00022403   Thumb Code     0  arm_startup_nrf52840.o(.text)
    SWI3_EGU3_IRQHandler                     0x00022403   Thumb Code     0  arm_startup_nrf52840.o(.text)
    SWI4_EGU4_IRQHandler                     0x00022403   Thumb Code     0  arm_startup_nrf52840.o(.text)
    SWI5_EGU5_IRQHandler                     0x00022403   Thumb Code     0  arm_startup_nrf52840.o(.text)
    TEMP_IRQHandler                          0x00022403   Thumb Code     0  arm_startup_nrf52840.o(.text)
    TIMER0_IRQHandler                        0x00022403   Thumb Code     0  arm_startup_nrf52840.o(.text)
    TIMER1_IRQHandler                        0x00022403   Thumb Code     0  arm_startup_nrf52840.o(.text)
    TIMER2_IRQHandler                        0x00022403   Thumb Code     0  arm_startup_nrf52840.o(.text)
    TIMER3_IRQHandler                        0x00022403   Thumb Code     0  arm_startup_nrf52840.o(.text)
    TIMER4_IRQHandler                        0x00022403   Thumb Code     0  arm_startup_nrf52840.o(.text)
    UARTE1_IRQHandler                        0x00022403   Thumb Code     0  arm_startup_nrf52840.o(.text)
    USBD_IRQHandler                          0x00022403   Thumb Code     0  arm_startup_nrf52840.o(.text)
    WDT_IRQHandler                           0x00022403   Thumb Code     0  arm_startup_nrf52840.o(.text)
    __aeabi_uldivmod                         0x0002240d   Thumb Code    98  uldiv.o(.text)
    __rt_ctype_table                         0x00022471   Thumb Code     4  ctype_o.o(.text)
    __aeabi_memcpy                           0x00022479   Thumb Code    36  memcpya.o(.text)
    __aeabi_memcpy4                          0x00022479   Thumb Code     0  memcpya.o(.text)
    __aeabi_memcpy8                          0x00022479   Thumb Code     0  memcpya.o(.text)
    __aeabi_memset                           0x0002249d   Thumb Code    14  memseta.o(.text)
    __aeabi_memset4                          0x0002249d   Thumb Code     0  memseta.o(.text)
    __aeabi_memset8                          0x0002249d   Thumb Code     0  memseta.o(.text)
    __aeabi_memclr                           0x000224ab   Thumb Code     4  memseta.o(.text)
    __aeabi_memclr4                          0x000224ab   Thumb Code     0  memseta.o(.text)
    __aeabi_memclr8                          0x000224ab   Thumb Code     0  memseta.o(.text)
    _memset$wrapper                          0x000224af   Thumb Code    18  memseta.o(.text)
    strlen                                   0x000224c1   Thumb Code    14  strlen.o(.text)
    memcmp                                   0x000224cf   Thumb Code    26  memcmp.o(.text)
    strcpy                                   0x000224e9   Thumb Code    18  strcpy.o(.text)
    __aeabi_llsl                             0x000224fb   Thumb Code    30  llshl.o(.text)
    _ll_shift_l                              0x000224fb   Thumb Code     0  llshl.o(.text)
    __aeabi_llsr                             0x00022519   Thumb Code    32  llushr.o(.text)
    _ll_ushift_r                             0x00022519   Thumb Code     0  llushr.o(.text)
    __scatterload                            0x00022539   Thumb Code    28  init.o(.text)
    __scatterload_rt2                        0x00022539   Thumb Code     0  init.o(.text)
    __decompress                             0x0002255d   Thumb Code     0  __dczerorl2.o(.text)
    __decompress1                            0x0002255d   Thumb Code    86  __dczerorl2.o(.text)
    GPIOTE_IRQHandler                        0x000225b5   Thumb Code   444  nrf_drv_gpiote.o(i.GPIOTE_IRQHandler)
    POWER_CLOCK_IRQHandler                   0x000227dd   Thumb Code    84  nrf_drv_clock.o(i.POWER_CLOCK_IRQHandler)
    RTC1_IRQHandler                          0x00022835   Thumb Code    20  app_timer.o(i.RTC1_IRQHandler)
    SEGGER_RTT_Init                          0x0002284d   Thumb Code     4  segger_rtt.o(i.SEGGER_RTT_Init)
    SEGGER_RTT_WriteNoLock                   0x00022851   Thumb Code   102  segger_rtt.o(i.SEGGER_RTT_WriteNoLock)
    SPIM1_SPIS1_TWIM1_TWIS1_SPI1_TWI1_IRQHandler 0x000228bd   Thumb Code    10  nrf_drv_spis.o(i.SPIM1_SPIS1_TWIM1_TWIS1_SPI1_TWI1_IRQHandler)
    SWI0_EGU0_IRQHandler                     0x000228cd   Thumb Code     4  app_timer.o(i.SWI0_EGU0_IRQHandler)
    SWI2_EGU2_IRQHandler                     0x000228d1   Thumb Code     4  nrf_sdh.o(i.SWI2_EGU2_IRQHandler)
    SystemCoreClockUpdate                    0x000228d5   Thumb Code     8  system_nrf52840.o(i.SystemCoreClockUpdate)
    SystemInit                               0x000228e5   Thumb Code   396  system_nrf52840.o(i.SystemInit)
    UARTE0_UART0_IRQHandler                  0x00022aad   Thumb Code    22  nrf_drv_uart.o(i.UARTE0_UART0_IRQHandler)
    __scatterload_copy                       0x00022bed   Thumb Code    14  handlers.o(i.__scatterload_copy)
    __scatterload_null                       0x00022bfb   Thumb Code     2  handlers.o(i.__scatterload_null)
    __scatterload_zeroinit                   0x00022bfd   Thumb Code    14  handlers.o(i.__scatterload_zeroinit)
    app_button_enable                        0x00022c79   Thumb Code    32  app_button.o(i.app_button_enable)
    app_button_init                          0x00022c9d   Thumb Code    96  app_button.o(i.app_button_init)
    app_error_fault_handler                  0x00022d0d   Thumb Code    80  app_error_weak.o(i.app_error_fault_handler)
    app_error_handler_bare                   0x00022d85   Thumb Code    22  app_error.o(i.app_error_handler_bare)
    app_fifo_get                             0x00022d9b   Thumb Code    24  app_fifo.o(i.app_fifo_get)
    app_fifo_init                            0x00022db3   Thumb Code    34  app_fifo.o(i.app_fifo_init)
    app_fifo_put                             0x00022dd5   Thumb Code    26  app_fifo.o(i.app_fifo_put)
    app_timer_cnt_get                        0x00022df1   Thumb Code     6  app_timer.o(i.app_timer_cnt_get)
    app_timer_create                         0x00022dfd   Thumb Code    46  app_timer.o(i.app_timer_create)
    app_timer_init                           0x00022e31   Thumb Code    62  app_timer.o(i.app_timer_init)
    app_timer_start                          0x00022e7d   Thumb Code    54  app_timer.o(i.app_timer_start)
    app_timer_stop                           0x00022eb9   Thumb Code    34  app_timer.o(i.app_timer_stop)
    app_uart_get                             0x00022ee1   Thumb Code    42  app_uart_fifo.o(i.app_uart_get)
    app_uart_init                            0x00022f15   Thumb Code   176  app_uart_fifo.o(i.app_uart_init)
    app_util_critical_region_enter           0x00022fd5   Thumb Code    56  app_util_platform.o(i.app_util_critical_region_enter)
    app_util_critical_region_exit            0x00023019   Thumb Code    40  app_util_platform.o(i.app_util_critical_region_exit)
    ble_db_discovery_evt_register            0x00023159   Thumb Code    24  ble_db_discovery.o(i.ble_db_discovery_evt_register)
    ble_db_discovery_init                    0x00023175   Thumb Code    26  ble_db_discovery.o(i.ble_db_discovery_init)
    ble_db_discovery_on_ble_evt              0x00023195   Thumb Code   120  ble_db_discovery.o(i.ble_db_discovery_on_ble_evt)
    ble_db_discovery_start                   0x00023211   Thumb Code    40  ble_db_discovery.o(i.ble_db_discovery_start)
    ble_nus_c_handles_assign                 0x0002372d   Thumb Code    28  ble_nus_c.o(i.ble_nus_c_handles_assign)
    ble_nus_c_init                           0x00023749   Thumb Code    84  ble_nus_c.o(i.ble_nus_c_init)
    ble_nus_c_on_ble_evt                     0x000237a1   Thumb Code    84  ble_nus_c.o(i.ble_nus_c_on_ble_evt)
    ble_nus_c_on_db_disc_evt                 0x000237f5   Thumb Code   128  ble_nus_c.o(i.ble_nus_c_on_db_disc_evt)
    ble_nus_c_string_send                    0x00023875   Thumb Code    92  ble_nus_c.o(i.ble_nus_c_string_send)
    ble_nus_c_tx_notif_enable                0x00023909   Thumb Code    34  ble_nus_c.o(i.ble_nus_c_tx_notif_enable)
    bsp_board_button_idx_to_pin              0x00023959   Thumb Code     6  boards.o(i.bsp_board_button_idx_to_pin)
    bsp_board_button_state_get               0x00023965   Thumb Code    36  boards.o(i.bsp_board_button_state_get)
    bsp_board_led_invert                     0x0002398d   Thumb Code    38  boards.o(i.bsp_board_led_invert)
    bsp_board_led_off                        0x000239b9   Thumb Code    10  boards.o(i.bsp_board_led_off)
    bsp_board_led_on                         0x000239c9   Thumb Code    10  boards.o(i.bsp_board_led_on)
    bsp_board_led_state_get                  0x000239d9   Thumb Code    36  boards.o(i.bsp_board_led_state_get)
    bsp_board_leds_init                      0x00023a01   Thumb Code    38  boards.o(i.bsp_board_leds_init)
    bsp_board_leds_off                       0x00023a2d   Thumb Code    18  boards.o(i.bsp_board_leds_off)
    bsp_board_leds_on                        0x00023a3f   Thumb Code    18  boards.o(i.bsp_board_leds_on)
    bsp_board_pin_to_button_idx              0x00023a51   Thumb Code    32  boards.o(i.bsp_board_pin_to_button_idx)
    bsp_btn_ble_init                         0x00023a75   Thumb Code    34  bsp_btn_ble.o(i.bsp_btn_ble_init)
    bsp_btn_ble_sleep_mode_prepare           0x00023a9d   Thumb Code    30  bsp_btn_ble.o(i.bsp_btn_ble_sleep_mode_prepare)
    bsp_button_is_pressed                    0x00023b5d   Thumb Code     4  bsp.o(i.bsp_button_is_pressed)
    bsp_event_handler                        0x00023b61   Thumb Code   110  main.o(i.bsp_event_handler)
    bsp_event_to_button_action_assign        0x00023be9   Thumb Code    66  bsp.o(i.bsp_event_to_button_action_assign)
    bsp_indication_set                       0x00023c31   Thumb Code    20  bsp.o(i.bsp_indication_set)
    bsp_init                                 0x00023c49   Thumb Code   126  bsp.o(i.bsp_init)
    bsp_wakeup_button_enable                 0x00023f71   Thumb Code    16  bsp.o(i.bsp_wakeup_button_enable)
    buffer_is_empty                          0x00023ffd   Thumb Code    16  nrf_log_frontend.o(i.buffer_is_empty)
    defiler                                  0x00024271   Thumb Code    38  main.o(i.defiler)
    enfiler                                  0x00024509   Thumb Code    58  main.o(i.enfiler)
    free                                     0x000246b1   Thumb Code    76  malloc.o(i.free)
    gatt_evt_handler                         0x00024701   Thumb Code    60  main.o(i.gatt_evt_handler)
    gatt_init                                0x00024789   Thumb Code    38  main.o(i.gatt_init)
    main                                     0x00024ccd   Thumb Code   414  main.o(i.main)
    malloc                                   0x00024e9d   Thumb Code    92  malloc.o(i.malloc)
    nrf_balloc_alloc                         0x00024fd3   Thumb Code    70  nrf_balloc.o(i.nrf_balloc_alloc)
    nrf_balloc_free                          0x00025027   Thumb Code    44  nrf_balloc.o(i.nrf_balloc_free)
    nrf_balloc_init                          0x0002505d   Thumb Code    50  nrf_balloc.o(i.nrf_balloc_init)
    nrf_ble_gatt_att_mtu_central_set         0x0002509f   Thumb Code    26  nrf_ble_gatt.o(i.nrf_ble_gatt_att_mtu_central_set)
    nrf_ble_gatt_init                        0x000250b9   Thumb Code    46  nrf_ble_gatt.o(i.nrf_ble_gatt_init)
    nrf_ble_gatt_on_ble_evt                  0x000250e9   Thumb Code   150  nrf_ble_gatt.o(i.nrf_ble_gatt_on_ble_evt)
    nrf_drv_clock_init                       0x00025235   Thumb Code    70  nrf_drv_clock.o(i.nrf_drv_clock_init)
    nrf_drv_clock_lfclk_release              0x00025289   Thumb Code    38  nrf_drv_clock.o(i.nrf_drv_clock_lfclk_release)
    nrf_drv_common_irq_enable                0x000252b5   Thumb Code    56  nrf_drv_common.o(i.nrf_drv_common_irq_enable)
    nrf_drv_gpiote_in_event_enable           0x000252f5   Thumb Code   158  nrf_drv_gpiote.o(i.nrf_drv_gpiote_in_event_enable)
    nrf_drv_gpiote_in_init                   0x0002539d   Thumb Code   174  nrf_drv_gpiote.o(i.nrf_drv_gpiote_in_init)
    nrf_drv_gpiote_in_is_set                 0x00025459   Thumb Code    14  nrf_drv_gpiote.o(i.nrf_drv_gpiote_in_is_set)
    nrf_drv_gpiote_init                      0x00025469   Thumb Code    84  nrf_drv_gpiote.o(i.nrf_drv_gpiote_init)
    nrf_drv_gpiote_is_init                   0x000254c5   Thumb Code    14  nrf_drv_gpiote.o(i.nrf_drv_gpiote_is_init)
    nrf_drv_spis_buffers_set                 0x000254f9   Thumb Code   116  nrf_drv_spis.o(i.nrf_drv_spis_buffers_set)
    nrf_drv_spis_init                        0x00025571   Thumb Code   352  nrf_drv_spis.o(i.nrf_drv_spis_init)
    nrf_drv_uart_init                        0x000256d5   Thumb Code   104  nrf_drv_uart.o(i.nrf_drv_uart_init)
    nrf_drv_uart_rx                          0x00025741   Thumb Code   178  nrf_drv_uart.o(i.nrf_drv_uart_rx)
    nrf_drv_uart_rx_enable                   0x000257f9   Thumb Code    42  nrf_drv_uart.o(i.nrf_drv_uart_rx_enable)
    nrf_drv_uart_tx                          0x0002597d   Thumb Code   168  nrf_drv_uart.o(i.nrf_drv_uart_tx)
    nrf_drv_uart_tx_in_progress              0x00025ab5   Thumb Code    18  nrf_drv_uart.o(i.nrf_drv_uart_tx_in_progress)
    nrf_fprintf                              0x00025acd   Thumb Code    26  nrf_fprintf.o(i.nrf_fprintf)
    nrf_fprintf_buffer_flush                 0x00025ae7   Thumb Code    24  nrf_fprintf.o(i.nrf_fprintf_buffer_flush)
    nrf_fprintf_fmt                          0x00025aff   Thumb Code   402  nrf_fprintf_format.o(i.nrf_fprintf_fmt)
    nrf_log_backend_add                      0x00025ee1   Thumb Code    44  nrf_log_frontend.o(i.nrf_log_backend_add)
    nrf_log_backend_rtt_init                 0x00025f13   Thumb Code     4  nrf_log_backend_rtt.o(i.nrf_log_backend_rtt_init)
    nrf_log_backend_serial_put               0x00025f31   Thumb Code   214  nrf_log_backend_serial.o(i.nrf_log_backend_serial_put)
    nrf_log_color_id_get                     0x00026009   Thumb Code    42  nrf_log_frontend.o(i.nrf_log_color_id_get)
    nrf_log_default_backends_init            0x00026039   Thumb Code    22  nrf_log_default_backends.o(i.nrf_log_default_backends_init)
    nrf_log_frontend_dequeue                 0x00026055   Thumb Code   530  nrf_log_frontend.o(i.nrf_log_frontend_dequeue)
    nrf_log_frontend_std_0                   0x00026271   Thumb Code     8  nrf_log_frontend.o(i.nrf_log_frontend_std_0)
    nrf_log_frontend_std_1                   0x00026279   Thumb Code    14  nrf_log_frontend.o(i.nrf_log_frontend_std_1)
    nrf_log_frontend_std_2                   0x00026287   Thumb Code    16  nrf_log_frontend.o(i.nrf_log_frontend_std_2)
    nrf_log_frontend_std_4                   0x00026297   Thumb Code    24  nrf_log_frontend.o(i.nrf_log_frontend_std_4)
    nrf_log_frontend_std_5                   0x000262af   Thumb Code    30  nrf_log_frontend.o(i.nrf_log_frontend_std_5)
    nrf_log_frontend_std_6                   0x000262cd   Thumb Code    36  nrf_log_frontend.o(i.nrf_log_frontend_std_6)
    nrf_log_hexdump_entry_process            0x000262f1   Thumb Code   142  nrf_log_str_formatter.o(i.nrf_log_hexdump_entry_process)
    nrf_log_init                             0x00026399   Thumb Code    70  nrf_log_frontend.o(i.nrf_log_init)
    nrf_log_module_cnt_get                   0x000263f5   Thumb Code    10  nrf_log_frontend.o(i.nrf_log_module_cnt_get)
    nrf_log_module_name_get                  0x00026409   Thumb Code    26  nrf_log_frontend.o(i.nrf_log_module_name_get)
    nrf_log_panic                            0x00026429   Thumb Code    34  nrf_log_frontend.o(i.nrf_log_panic)
    nrf_log_std_entry_process                0x00026451   Thumb Code   182  nrf_log_str_formatter.o(i.nrf_log_std_entry_process)
    nrf_memobj_alloc                         0x00026507   Thumb Code   102  nrf_memobj.o(i.nrf_memobj_alloc)
    nrf_memobj_free                          0x0002656d   Thumb Code    50  nrf_memobj.o(i.nrf_memobj_free)
    nrf_memobj_get                           0x0002659f   Thumb Code    14  nrf_memobj.o(i.nrf_memobj_get)
    nrf_memobj_pool_init                     0x000265ad   Thumb Code     4  nrf_memobj.o(i.nrf_memobj_pool_init)
    nrf_memobj_put                           0x000265b1   Thumb Code    34  nrf_memobj.o(i.nrf_memobj_put)
    nrf_memobj_read                          0x000265d3   Thumb Code    12  nrf_memobj.o(i.nrf_memobj_read)
    nrf_memobj_write                         0x000265df   Thumb Code    12  nrf_memobj.o(i.nrf_memobj_write)
    nrf_pwr_mgmt_init                        0x000265ed   Thumb Code    28  nrf_pwr_mgmt.o(i.nrf_pwr_mgmt_init)
    nrf_pwr_mgmt_run                         0x00026615   Thumb Code    60  nrf_pwr_mgmt.o(i.nrf_pwr_mgmt_run)
    nrf_pwr_mgmt_shutdown                    0x00026655   Thumb Code    70  nrf_pwr_mgmt.o(i.nrf_pwr_mgmt_shutdown)
    nrf_sdh_ble_app_ram_start_get            0x000266a1   Thumb Code    18  nrf_sdh_ble.o(i.nrf_sdh_ble_app_ram_start_get)
    nrf_sdh_ble_default_cfg_set              0x000266b9   Thumb Code   286  nrf_sdh_ble.o(i.nrf_sdh_ble_default_cfg_set)
    nrf_sdh_ble_enable                       0x000267f5   Thumb Code    90  nrf_sdh_ble.o(i.nrf_sdh_ble_enable)
    nrf_sdh_enable_request                   0x00026915   Thumb Code    74  nrf_sdh.o(i.nrf_sdh_enable_request)
    nrf_sdh_evts_poll                        0x0002696d   Thumb Code    34  nrf_sdh.o(i.nrf_sdh_evts_poll)
    nrf_sdh_is_enabled                       0x00026995   Thumb Code     6  nrf_sdh.o(i.nrf_sdh_is_enabled)
    nrf_section_iter_init                    0x000269e1   Thumb Code    10  nrf_section_iter.o(i.nrf_section_iter_init)
    nrf_section_iter_next                    0x00026a15   Thumb Code    32  nrf_section_iter.o(i.nrf_section_iter_next)
    nrf_strerror_find                        0x00026a4d   Thumb Code    52  nrf_strerror.o(i.nrf_strerror_find)
    nrf_strerror_get                         0x00026a85   Thumb Code    14  nrf_strerror.o(i.nrf_strerror_get)
    spis_event_handler                       0x000274b9   Thumb Code   214  main.o(i.spis_event_handler)
    uart_event_handle                        0x00027ab5   Thumb Code   152  main.o(i.uart_event_handle)
    nrf_log_backend_rtt_api                  0x00028278   Data          12  nrf_log_backend_rtt.o(.constdata)
    m_ram_start                              0x00028310   Data           4  nrf_sdh_ble.o(.constdata)
    __ctype_table                            0x0002833c   Data         129  ctype_o.o(.constdata)
    Region$$Table$$Base                      0x00028aac   Number         0  anon$$obj.o(Region$$Table)
    Region$$Table$$Limit                     0x00028acc   Number         0  anon$$obj.o(Region$$Table)
    log_const_data$$Base                     0x00028acc   Number         0  ble_db_discovery.o(log_const_data)
    m_nrf_log_ble_db_disc_logs_data_const    0x00028acc   Data           8  ble_db_discovery.o(log_const_data)
    m_nrf_log_ble_gatt_logs_data_const       0x00028ad4   Data           8  nrf_ble_gatt.o(log_const_data)
    m_nrf_log_ble_nus_logs_data_const        0x00028adc   Data           8  ble_nus_c.o(log_const_data)
    m_nrf_log_clock_logs_data_const          0x00028ae4   Data           8  nrf_drv_clock.o(log_const_data)
    m_nrf_log_gpiote_logs_data_const         0x00028aec   Data           8  nrf_drv_gpiote.o(log_const_data)
    m_nrf_log_uart_logs_data_const           0x00028af4   Data           8  nrf_drv_uart.o(log_const_data)
    m_nrf_log_spis_logs_data_const           0x00028afc   Data           8  nrf_drv_spis.o(log_const_data)
    m_nrf_log_balloc_logs_data_const         0x00028b04   Data           8  nrf_balloc.o(log_const_data)
    m_nrf_log_pwr_mgmt_logs_data_const       0x00028b0c   Data           8  nrf_pwr_mgmt.o(log_const_data)
    m_nrf_log_app_logs_data_const            0x00028b14   Data           8  nrf_log_frontend.o(log_const_data)
    m_nrf_log_nrf_sdh_logs_data_const        0x00028b1c   Data           8  nrf_sdh.o(log_const_data)
    m_nrf_log_nrf_sdh_ble_logs_data_const    0x00028b24   Data           8  nrf_sdh_ble.o(log_const_data)
    m_nrf_log_nrf_sdh_soc_logs_data_const    0x00028b2c   Data           8  nrf_sdh_soc.o(log_const_data)
    log_const_data$$Limit                    0x00028b34   Number         0  nrf_sdh_soc.o(log_const_data)
    pwr_mgmt_data1$$Base                     0x00028b34   Number         0  main.o(pwr_mgmt_data1)
    pwr_mgmt_data1$$Limit                    0x00028b38   Number         0  main.o(pwr_mgmt_data1)
    sdh_ble_observers1$$Base                 0x00028b38   Number         0  main.o(sdh_ble_observers1)
    sdh_ble_observers1$$Limit                0x00028b50   Number         0  bsp_btn_ble.o(sdh_ble_observers1)
    sdh_ble_observers2$$Base                 0x00028b50   Number         0  main.o(sdh_ble_observers2)
    sdh_ble_observers2$$Limit                0x00028b58   Number         0  main.o(sdh_ble_observers2)
    sdh_ble_observers3$$Base                 0x00028b58   Number         0  main.o(sdh_ble_observers3)
    sdh_ble_observers3$$Limit                0x00028b60   Number         0  main.o(sdh_ble_observers3)
    sdh_soc_observers0$$Base                 0x00028b60   Number         0  nrf_drv_clock.o(sdh_soc_observers0)
    sdh_soc_observers0$$Limit                0x00028b68   Number         0  nrf_drv_clock.o(sdh_soc_observers0)
    sdh_stack_observers0$$Base               0x00028b68   Number         0  nrf_sdh_ble.o(sdh_stack_observers0)
    sdh_stack_observers0$$Limit              0x00028b78   Number         0  nrf_sdh_soc.o(sdh_stack_observers0)
    sdh_state_observers0$$Base               0x00028b78   Number         0  nrf_drv_clock.o(sdh_state_observers0)
    sdh_state_observers0$$Limit              0x00028b80   Number         0  nrf_drv_clock.o(sdh_state_observers0)
    Image$$RW_IRAM1$$Base                    0x20002978   Number         0  anon$$obj.o ABSOLUTE
    is_nested                                0x2000297e   Data           1  main.o(.data)
    SystemCoreClock                          0x20002d38   Data           4  system_nrf52840.o(.data)
    __microlib_freelist                      0x20002d3c   Data           4  mvars.o(.data)
    __microlib_freelist_initialised          0x20002d40   Data           4  mvars.o(.data)
    log_dynamic_data$$Base                   0x20002d44   Number         0  ble_db_discovery.o(log_dynamic_data)
    m_nrf_log_ble_db_disc_logs_data_dynamic  0x20002d44   Data          12  ble_db_discovery.o(log_dynamic_data)
    m_nrf_log_ble_gatt_logs_data_dynamic     0x20002d50   Data          12  nrf_ble_gatt.o(log_dynamic_data)
    m_nrf_log_ble_nus_logs_data_dynamic      0x20002d5c   Data          12  ble_nus_c.o(log_dynamic_data)
    m_nrf_log_clock_logs_data_dynamic        0x20002d68   Data          12  nrf_drv_clock.o(log_dynamic_data)
    m_nrf_log_gpiote_logs_data_dynamic       0x20002d74   Data          12  nrf_drv_gpiote.o(log_dynamic_data)
    m_nrf_log_uart_logs_data_dynamic         0x20002d80   Data          12  nrf_drv_uart.o(log_dynamic_data)
    m_nrf_log_spis_logs_data_dynamic         0x20002d8c   Data          12  nrf_drv_spis.o(log_dynamic_data)
    m_nrf_log_balloc_logs_data_dynamic       0x20002d98   Data          12  nrf_balloc.o(log_dynamic_data)
    m_nrf_log_pwr_mgmt_logs_data_dynamic     0x20002da4   Data          12  nrf_pwr_mgmt.o(log_dynamic_data)
    m_nrf_log_app_logs_data_dynamic          0x20002db0   Data          12  nrf_log_frontend.o(log_dynamic_data)
    m_nrf_log_nrf_sdh_logs_data_dynamic      0x20002dbc   Data          12  nrf_sdh.o(log_dynamic_data)
    m_nrf_log_nrf_sdh_ble_logs_data_dynamic  0x20002dc8   Data          12  nrf_sdh_ble.o(log_dynamic_data)
    m_nrf_log_nrf_sdh_soc_logs_data_dynamic  0x20002dd4   Data          12  nrf_sdh_soc.o(log_dynamic_data)
    nrf_nvic_state                           0x200035bc   Data          12  app_util_platform.o(.bss)
    _SEGGER_RTT                              0x20003af4   Data         120  segger_rtt.o(.bss)
    __heap_base                              0x20003d80   Data           0  arm_startup_nrf52840.o(HEAP)
    __heap_limit                             0x20005d80   Data           0  arm_startup_nrf52840.o(HEAP)
    __initial_sp                             0x20007d80   Data           0  arm_startup_nrf52840.o(STACK)



==============================================================================

Memory Map of the image

  Image Entry point : 0x00022201

  Load Region LR_IROM1 (Base: 0x00022000, Size: 0x00006fe8, Max: 0x000de000, ABSOLUTE, COMPRESSED[0x00006bcc])

    Execution Region ER_IROM1 (Exec base: 0x00022000, Load base: 0x00022000, Size: 0x00006b80, Max: 0x000de000, ABSOLUTE)

    Exec Addr    Load Addr    Size         Type   Attr      Idx    E Section Name        Object

    0x00022000   0x00022000   0x00000200   Data   RO         4097    RESET               arm_startup_nrf52840.o
    0x00022200   0x00022200   0x00000000   Code   RO         4173  * .ARM.Collect$$$$00000000  mc_w.l(entry.o)
    0x00022200   0x00022200   0x00000004   Code   RO         4246    .ARM.Collect$$$$00000001  mc_w.l(entry2.o)
    0x00022204   0x00022204   0x00000004   Code   RO         4249    .ARM.Collect$$$$00000004  mc_w.l(entry5.o)
    0x00022208   0x00022208   0x00000000   Code   RO         4251    .ARM.Collect$$$$00000008  mc_w.l(entry7b.o)
    0x00022208   0x00022208   0x00000000   Code   RO         4253    .ARM.Collect$$$$0000000A  mc_w.l(entry8b.o)
    0x00022208   0x00022208   0x00000008   Code   RO         4254    .ARM.Collect$$$$0000000B  mc_w.l(entry9a.o)
    0x00022210   0x00022210   0x00000000   Code   RO         4256    .ARM.Collect$$$$0000000D  mc_w.l(entry10a.o)
    0x00022210   0x00022210   0x00000000   Code   RO         4258    .ARM.Collect$$$$0000000F  mc_w.l(entry11a.o)
    0x00022210   0x00022210   0x00000004   Code   RO         4247    .ARM.Collect$$$$00002712  mc_w.l(entry2.o)
    0x00022214   0x00022214   0x0000009a   Code   RO         2985    .emb_text           nrf_memobj.o
    0x000222ae   0x000222ae   0x00000002   PAD
    0x000222b0   0x000222b0   0x0000009a   Code   RO         3073    .emb_text           nrf_pwr_mgmt.o
    0x0002234a   0x0002234a   0x00000002   PAD
    0x0002234c   0x0002234c   0x0000009a   Code   RO         3390    .emb_text           nrf_log_frontend.o
    0x000223e6   0x000223e6   0x00000002   PAD
    0x000223e8   0x000223e8   0x00000024   Code   RO         4098    .text               arm_startup_nrf52840.o
    0x0002240c   0x0002240c   0x00000062   Code   RO         4176    .text               mc_w.l(uldiv.o)
    0x0002246e   0x0002246e   0x00000002   PAD
    0x00022470   0x00022470   0x00000008   Code   RO         4178    .text               mc_w.l(ctype_o.o)
    0x00022478   0x00022478   0x00000024   Code   RO         4206    .text               mc_w.l(memcpya.o)
    0x0002249c   0x0002249c   0x00000024   Code   RO         4208    .text               mc_w.l(memseta.o)
    0x000224c0   0x000224c0   0x0000000e   Code   RO         4210    .text               mc_w.l(strlen.o)
    0x000224ce   0x000224ce   0x0000001a   Code   RO         4212    .text               mc_w.l(memcmp.o)
    0x000224e8   0x000224e8   0x00000012   Code   RO         4214    .text               mc_w.l(strcpy.o)
    0x000224fa   0x000224fa   0x0000001e   Code   RO         4260    .text               mc_w.l(llshl.o)
    0x00022518   0x00022518   0x00000020   Code   RO         4262    .text               mc_w.l(llushr.o)
    0x00022538   0x00022538   0x00000024   Code   RO         4266    .text               mc_w.l(init.o)
    0x0002255c   0x0002255c   0x00000056   Code   RO         4276    .text               mc_w.l(__dczerorl2.o)
    0x000225b2   0x000225b2   0x00000002   PAD
    0x000225b4   0x000225b4   0x000001c4   Code   RO         1501    i.GPIOTE_IRQHandler  nrf_drv_gpiote.o
    0x00022778   0x00022778   0x00000016   Code   RO         2382    i.NVIC_ClearPendingIRQ  app_timer.o
    0x0002278e   0x0002278e   0x00000016   Code   RO         2383    i.NVIC_EnableIRQ    app_timer.o
    0x000227a4   0x000227a4   0x00000016   Code   RO         2384    i.NVIC_SetPendingIRQ  app_timer.o
    0x000227ba   0x000227ba   0x00000020   Code   RO         2385    i.NVIC_SetPriority  app_timer.o
    0x000227da   0x000227da   0x00000002   PAD
    0x000227dc   0x000227dc   0x00000058   Code   RO         1280    i.POWER_CLOCK_IRQHandler  nrf_drv_clock.o
    0x00022834   0x00022834   0x00000018   Code   RO         2386    i.RTC1_IRQHandler   app_timer.o
    0x0002284c   0x0002284c   0x00000004   Code   RO         3642    i.SEGGER_RTT_Init   segger_rtt.o
    0x00022850   0x00022850   0x0000006c   Code   RO         3656    i.SEGGER_RTT_WriteNoLock  segger_rtt.o
    0x000228bc   0x000228bc   0x00000010   Code   RO         2014    i.SPIM1_SPIS1_TWIM1_TWIS1_SPI1_TWI1_IRQHandler  nrf_drv_spis.o
    0x000228cc   0x000228cc   0x00000004   Code   RO         2387    i.SWI0_EGU0_IRQHandler  app_timer.o
    0x000228d0   0x000228d0   0x00000004   Code   RO         3891    i.SWI2_EGU2_IRQHandler  nrf_sdh.o
    0x000228d4   0x000228d4   0x00000010   Code   RO         4105    i.SystemCoreClockUpdate  system_nrf52840.o
    0x000228e4   0x000228e4   0x000001c8   Code   RO         4106    i.SystemInit        system_nrf52840.o
    0x00022aac   0x00022aac   0x00000020   Code   RO         1768    i.UARTE0_UART0_IRQHandler  nrf_drv_uart.o
    0x00022acc   0x00022acc   0x00000068   Code   RO         3660    i._DoInit           segger_rtt.o
    0x00022b34   0x00022b34   0x00000018   Code   RO         3661    i._GetAvailWriteSpace  segger_rtt.o
    0x00022b4c   0x00022b4c   0x0000005c   Code   RO         3663    i._WriteBlocking    segger_rtt.o
    0x00022ba8   0x00022ba8   0x00000044   Code   RO         3664    i._WriteNoCheck     segger_rtt.o
    0x00022bec   0x00022bec   0x0000000e   Code   RO         4270    i.__scatterload_copy  mc_w.l(handlers.o)
    0x00022bfa   0x00022bfa   0x00000002   Code   RO         4271    i.__scatterload_null  mc_w.l(handlers.o)
    0x00022bfc   0x00022bfc   0x0000000e   Code   RO         4272    i.__scatterload_zeroinit  mc_w.l(handlers.o)
    0x00022c0a   0x00022c0a   0x00000002   PAD
    0x00022c0c   0x00022c0c   0x00000030   Code   RO         3892    i.__sd_nvic_app_accessible_irq  nrf_sdh.o
    0x00022c3c   0x00022c3c   0x00000036   Code   RO          641    i.advertising_buttons_configure  bsp_btn_ble.o
    0x00022c72   0x00022c72   0x00000006   Code   RO          524    i.alert_timer_handler  bsp.o
    0x00022c78   0x00022c78   0x00000024   Code   RO         2112    i.app_button_enable  app_button.o
    0x00022c9c   0x00022c9c   0x00000070   Code   RO         2113    i.app_button_init   app_button.o
    0x00022d0c   0x00022d0c   0x00000078   Code   RO         2213    i.app_error_fault_handler  app_error_weak.o
    0x00022d84   0x00022d84   0x00000016   Code   RO         2174    i.app_error_handler_bare  app_error.o
    0x00022d9a   0x00022d9a   0x00000018   Code   RO         2254    i.app_fifo_get      app_fifo.o
    0x00022db2   0x00022db2   0x00000022   Code   RO         2255    i.app_fifo_init     app_fifo.o
    0x00022dd4   0x00022dd4   0x0000001a   Code   RO         2257    i.app_fifo_put      app_fifo.o
    0x00022dee   0x00022dee   0x00000002   PAD
    0x00022df0   0x00022df0   0x0000000c   Code   RO         2389    i.app_timer_cnt_get  app_timer.o
    0x00022dfc   0x00022dfc   0x00000034   Code   RO         2390    i.app_timer_create  app_timer.o
    0x00022e30   0x00022e30   0x0000004c   Code   RO         2391    i.app_timer_init    app_timer.o
    0x00022e7c   0x00022e7c   0x0000003c   Code   RO         2394    i.app_timer_start   app_timer.o
    0x00022eb8   0x00022eb8   0x00000028   Code   RO         2395    i.app_timer_stop    app_timer.o
    0x00022ee0   0x00022ee0   0x00000034   Code   RO         2593    i.app_uart_get      app_uart_fifo.o
    0x00022f14   0x00022f14   0x000000c0   Code   RO         2594    i.app_uart_init     app_uart_fifo.o
    0x00022fd4   0x00022fd4   0x00000044   Code   RO         2657    i.app_util_critical_region_enter  app_util_platform.o
    0x00023018   0x00023018   0x00000030   Code   RO         2658    i.app_util_critical_region_exit  app_util_platform.o
    0x00023048   0x00023048   0x000000dc   Code   RO         1769    i.apply_config      nrf_drv_uart.o
    0x00023124   0x00023124   0x00000034   Code   RO         3391    i.backend_id_assign  nrf_log_frontend.o
    0x00023158   0x00023158   0x0000001c   Code   RO          854    i.ble_db_discovery_evt_register  ble_db_discovery.o
    0x00023174   0x00023174   0x00000020   Code   RO          855    i.ble_db_discovery_init  ble_db_discovery.o
    0x00023194   0x00023194   0x0000007c   Code   RO          856    i.ble_db_discovery_on_ble_evt  ble_db_discovery.o
    0x00023210   0x00023210   0x0000002c   Code   RO          857    i.ble_db_discovery_start  ble_db_discovery.o
    0x0002323c   0x0002323c   0x0000037c   Code   RO            5    i.ble_evt_handler   main.o
    0x000235b8   0x000235b8   0x00000048   Code   RO          642    i.ble_evt_handler   bsp_btn_ble.o
    0x00023600   0x00023600   0x0000012c   Code   RO            6    i.ble_nus_c_evt_handler  main.o
    0x0002372c   0x0002372c   0x0000001c   Code   RO         1188    i.ble_nus_c_handles_assign  ble_nus_c.o
    0x00023748   0x00023748   0x00000058   Code   RO         1189    i.ble_nus_c_init    ble_nus_c.o
    0x000237a0   0x000237a0   0x00000054   Code   RO         1190    i.ble_nus_c_on_ble_evt  ble_nus_c.o
    0x000237f4   0x000237f4   0x00000080   Code   RO         1191    i.ble_nus_c_on_db_disc_evt  ble_nus_c.o
    0x00023874   0x00023874   0x00000094   Code   RO         1192    i.ble_nus_c_string_send  ble_nus_c.o
    0x00023908   0x00023908   0x00000022   Code   RO         1193    i.ble_nus_c_tx_notif_enable  ble_nus_c.o
    0x0002392a   0x0002392a   0x0000002e   Code   RO            7    i.ble_stack_init    main.o
    0x00023958   0x00023958   0x0000000c   Code   RO          405    i.bsp_board_button_idx_to_pin  boards.o
    0x00023964   0x00023964   0x00000028   Code   RO          406    i.bsp_board_button_state_get  boards.o
    0x0002398c   0x0002398c   0x0000002c   Code   RO          409    i.bsp_board_led_invert  boards.o
    0x000239b8   0x000239b8   0x00000010   Code   RO          410    i.bsp_board_led_off  boards.o
    0x000239c8   0x000239c8   0x00000010   Code   RO          411    i.bsp_board_led_on  boards.o
    0x000239d8   0x000239d8   0x00000028   Code   RO          412    i.bsp_board_led_state_get  boards.o
    0x00023a00   0x00023a00   0x0000002c   Code   RO          413    i.bsp_board_leds_init  boards.o
    0x00023a2c   0x00023a2c   0x00000012   Code   RO          414    i.bsp_board_leds_off  boards.o
    0x00023a3e   0x00023a3e   0x00000012   Code   RO          415    i.bsp_board_leds_on  boards.o
    0x00023a50   0x00023a50   0x00000024   Code   RO          416    i.bsp_board_pin_to_button_idx  boards.o
    0x00023a74   0x00023a74   0x00000028   Code   RO          643    i.bsp_btn_ble_init  bsp_btn_ble.o
    0x00023a9c   0x00023a9c   0x0000001e   Code   RO          644    i.bsp_btn_ble_sleep_mode_prepare  bsp_btn_ble.o
    0x00023aba   0x00023aba   0x00000002   PAD
    0x00023abc   0x00023abc   0x000000a0   Code   RO          525    i.bsp_button_event_handler  bsp.o
    0x00023b5c   0x00023b5c   0x00000004   Code   RO          526    i.bsp_button_is_pressed  bsp.o
    0x00023b60   0x00023b60   0x00000088   Code   RO            8    i.bsp_event_handler  main.o
    0x00023be8   0x00023be8   0x00000048   Code   RO          529    i.bsp_event_to_button_action_assign  bsp.o
    0x00023c30   0x00023c30   0x00000018   Code   RO          530    i.bsp_indication_set  bsp.o
    0x00023c48   0x00023c48   0x00000094   Code   RO          531    i.bsp_init          bsp.o
    0x00023cdc   0x00023cdc   0x00000294   Code   RO          532    i.bsp_led_indication  bsp.o
    0x00023f70   0x00023f70   0x00000010   Code   RO          534    i.bsp_wakeup_button_enable  bsp.o
    0x00023f80   0x00023f80   0x00000064   Code   RO         3392    i.buf_prealloc      nrf_log_frontend.o
    0x00023fe4   0x00023fe4   0x00000018   Code   RO         2940    i.buffer_add        nrf_fprintf_format.o
    0x00023ffc   0x00023ffc   0x00000014   Code   RO         3393    i.buffer_is_empty   nrf_log_frontend.o
    0x00024010   0x00024010   0x00000008   Code   RO          535    i.button_timer_handler  bsp.o
    0x00024018   0x00024018   0x00000028   Code   RO            9    i.buttons_leds_init  main.o
    0x00024040   0x00024040   0x0000002c   Code   RO         1194    i.cccd_configure    ble_nus_c.o
    0x0002406c   0x0002406c   0x0000001c   Code   RO         1502    i.channel_free      nrf_drv_gpiote.o
    0x00024088   0x00024088   0x00000054   Code   RO         1503    i.channel_port_alloc  nrf_drv_gpiote.o
    0x000240dc   0x000240dc   0x00000010   Code   RO         1504    i.channel_port_get  nrf_drv_gpiote.o
    0x000240ec   0x000240ec   0x00000048   Code   RO          858    i.characteristics_discover  ble_db_discovery.o
    0x00024134   0x00024134   0x00000028   Code   RO         1281    i.clock_clk_started_notify  nrf_drv_clock.o
    0x0002415c   0x0002415c   0x00000070   Code   RO         2397    i.compare_reg_update  app_timer.o
    0x000241cc   0x000241cc   0x00000036   Code   RO          645    i.connection_buttons_configure  bsp_btn_ble.o
    0x00024202   0x00024202   0x00000002   PAD
    0x00024204   0x00024204   0x00000044   Code   RO         1069    i.data_length_update  nrf_ble_gatt.o
    0x00024248   0x00024248   0x0000000c   Code   RO           10    i.db_disc_handler   main.o
    0x00024254   0x00024254   0x0000001c   Code   RO           11    i.db_discovery_init  main.o
    0x00024270   0x00024270   0x0000002c   Code   RO           12    i.defiler           main.o
    0x0002429c   0x0002429c   0x000000a0   Code   RO          859    i.descriptors_discover  ble_db_discovery.o
    0x0002433c   0x0002433c   0x00000070   Code   RO         2115    i.detection_delay_timeout_handler  app_button.o
    0x000243ac   0x000243ac   0x00000080   Code   RO          860    i.discovery_complete_evt_trigger  ble_db_discovery.o
    0x0002442c   0x0002442c   0x00000040   Code   RO          861    i.discovery_error_evt_trigger  ble_db_discovery.o
    0x0002446c   0x0002446c   0x0000005c   Code   RO          862    i.discovery_start   ble_db_discovery.o
    0x000244c8   0x000244c8   0x00000040   Code   RO         2398    i.elapsed_ticks_acquire  app_timer.o
    0x00024508   0x00024508   0x0000003a   Code   RO           13    i.enfiler           main.o
    0x00024542   0x00024542   0x0000001a   Code   RO         4107    i.errata_103        system_nrf52840.o
    0x0002455c   0x0002455c   0x0000001a   Code   RO         4108    i.errata_115        system_nrf52840.o
    0x00024576   0x00024576   0x0000001a   Code   RO         4109    i.errata_120        system_nrf52840.o
    0x00024590   0x00024590   0x00000032   Code   RO         4110    i.errata_136        system_nrf52840.o
    0x000245c2   0x000245c2   0x00000032   Code   RO         4111    i.errata_36         system_nrf52840.o
    0x000245f4   0x000245f4   0x00000032   Code   RO         4112    i.errata_66         system_nrf52840.o
    0x00024626   0x00024626   0x0000001a   Code   RO         4113    i.errata_98         system_nrf52840.o
    0x00024640   0x00024640   0x00000048   Code   RO         2399    i.expired_timers_handler  app_timer.o
    0x00024688   0x00024688   0x00000014   Code   RO         2260    i.fifo_get          app_fifo.o
    0x0002469c   0x0002469c   0x00000012   Code   RO         2261    i.fifo_put          app_fifo.o
    0x000246ae   0x000246ae   0x00000002   PAD
    0x000246b0   0x000246b0   0x00000050   Code   RO         4218    i.free              mc_w.l(malloc.o)
    0x00024700   0x00024700   0x00000088   Code   RO           14    i.gatt_evt_handler  main.o
    0x00024788   0x00024788   0x00000030   Code   RO           15    i.gatt_init         main.o
    0x000247b8   0x000247b8   0x00000058   Code   RO         2116    i.gpiote_event_handler  app_button.o
    0x00024810   0x00024810   0x000000b2   Code   RO         2941    i.int_print         nrf_fprintf_format.o
    0x000248c2   0x000248c2   0x00000002   PAD
    0x000248c4   0x000248c4   0x0000008c   Code   RO         1770    i.interrupts_enable  nrf_drv_uart.o
    0x00024950   0x00024950   0x00000020   Code   RO          863    i.is_char_discovery_reqd  ble_db_discovery.o
    0x00024970   0x00024970   0x00000056   Code   RO          864    i.is_desc_discovery_reqd  ble_db_discovery.o
    0x000249c6   0x000249c6   0x000000ce   Code   RO           16    i.is_uuid_present   main.o
    0x00024a94   0x00024a94   0x0000000e   Code   RO         1284    i.item_dequeue      nrf_drv_clock.o
    0x00024aa2   0x00024aa2   0x00000002   PAD
    0x00024aa4   0x00024aa4   0x0000002c   Code   RO          536    i.leds_off          bsp.o
    0x00024ad0   0x00024ad0   0x00000014   Code   RO          537    i.leds_timer_handler  bsp.o
    0x00024ae4   0x00024ae4   0x00000028   Code   RO         1287    i.lfclk_stop        nrf_drv_clock.o
    0x00024b0c   0x00024b0c   0x00000018   Code   RO         1070    i.link_init         nrf_ble_gatt.o
    0x00024b24   0x00024b24   0x000000f8   Code   RO         2400    i.list_insertions_handler  app_timer.o
    0x00024c1c   0x00024c1c   0x00000016   Code   RO           17    i.log_init          main.o
    0x00024c32   0x00024c32   0x00000002   PAD
    0x00024c34   0x00024c34   0x00000098   Code   RO         3395    i.log_skip          nrf_log_frontend.o
    0x00024ccc   0x00024ccc   0x000001d0   Code   RO           18    i.main              main.o
    0x00024e9c   0x00024e9c   0x0000006c   Code   RO         4219    i.malloc            mc_w.l(malloc.o)
    0x00024f08   0x00024f08   0x00000080   Code   RO         2986    i.memobj_op         nrf_memobj.o
    0x00024f88   0x00024f88   0x0000003c   Code   RO         3396    i.module_idx_get    nrf_log_frontend.o
    0x00024fc4   0x00024fc4   0x0000000e   Code   RO         3397    i.nrf_atomic_flag_set  nrf_log_frontend.o
    0x00024fd2   0x00024fd2   0x00000046   Code   RO         2846    i.nrf_balloc_alloc  nrf_balloc.o
    0x00025018   0x00025018   0x0000000e   Code   RO         2847    i.nrf_balloc_block2idx  nrf_balloc.o
    0x00025026   0x00025026   0x0000002c   Code   RO         2848    i.nrf_balloc_free   nrf_balloc.o
    0x00025052   0x00025052   0x0000000a   Code   RO         2849    i.nrf_balloc_idx2block  nrf_balloc.o
    0x0002505c   0x0002505c   0x00000032   Code   RO         2850    i.nrf_balloc_init   nrf_balloc.o
    0x0002508e   0x0002508e   0x00000010   Code   RO         1505    i.nrf_bitmask_bit_is_set  nrf_drv_gpiote.o
    0x0002509e   0x0002509e   0x0000001a   Code   RO         1071    i.nrf_ble_gatt_att_mtu_central_set  nrf_ble_gatt.o
    0x000250b8   0x000250b8   0x0000002e   Code   RO         1076    i.nrf_ble_gatt_init  nrf_ble_gatt.o
    0x000250e6   0x000250e6   0x00000002   PAD
    0x000250e8   0x000250e8   0x000000a0   Code   RO         1077    i.nrf_ble_gatt_on_ble_evt  nrf_ble_gatt.o
    0x00025188   0x00025188   0x0000000e   Code   RO         1288    i.nrf_clock_event_check  nrf_drv_clock.o
    0x00025196   0x00025196   0x00000010   Code   RO         1289    i.nrf_clock_event_clear  nrf_drv_clock.o
    0x000251a6   0x000251a6   0x00000002   PAD
    0x000251a8   0x000251a8   0x0000008c   Code   RO         2401    i.nrf_delay_us      app_timer.o
    0x00025234   0x00025234   0x00000054   Code   RO         1296    i.nrf_drv_clock_init  nrf_drv_clock.o
    0x00025288   0x00025288   0x0000002c   Code   RO         1300    i.nrf_drv_clock_lfclk_release  nrf_drv_clock.o
    0x000252b4   0x000252b4   0x00000038   Code   RO         1465    i.nrf_drv_common_irq_enable  nrf_drv_common.o
    0x000252ec   0x000252ec   0x00000006   Code   RO         1772    i.nrf_drv_get_IRQn  nrf_drv_uart.o
    0x000252f2   0x000252f2   0x00000002   PAD
    0x000252f4   0x000252f4   0x000000a8   Code   RO         1510    i.nrf_drv_gpiote_in_event_enable  nrf_drv_gpiote.o
    0x0002539c   0x0002539c   0x000000bc   Code   RO         1511    i.nrf_drv_gpiote_in_init  nrf_drv_gpiote.o
    0x00025458   0x00025458   0x0000000e   Code   RO         1512    i.nrf_drv_gpiote_in_is_set  nrf_drv_gpiote.o
    0x00025466   0x00025466   0x00000002   PAD
    0x00025468   0x00025468   0x0000005c   Code   RO         1514    i.nrf_drv_gpiote_init  nrf_drv_gpiote.o
    0x000254c4   0x000254c4   0x00000014   Code   RO         1515    i.nrf_drv_gpiote_is_init  nrf_drv_gpiote.o
    0x000254d8   0x000254d8   0x00000010   Code   RO         1773    i.nrf_drv_is_in_RAM  nrf_drv_uart.o
    0x000254e8   0x000254e8   0x00000010   Code   RO         2015    i.nrf_drv_is_in_RAM  nrf_drv_spis.o
    0x000254f8   0x000254f8   0x00000078   Code   RO         2016    i.nrf_drv_spis_buffers_set  nrf_drv_spis.o
    0x00025570   0x00025570   0x00000164   Code   RO         2017    i.nrf_drv_spis_init  nrf_drv_spis.o
    0x000256d4   0x000256d4   0x0000006c   Code   RO         1775    i.nrf_drv_uart_init  nrf_drv_uart.o
    0x00025740   0x00025740   0x000000b8   Code   RO         1776    i.nrf_drv_uart_rx   nrf_drv_uart.o
    0x000257f8   0x000257f8   0x00000030   Code   RO         1779    i.nrf_drv_uart_rx_enable  nrf_drv_uart.o
    0x00025828   0x00025828   0x000000a8   Code   RO         1780    i.nrf_drv_uart_rx_for_uart  nrf_drv_uart.o
    0x000258d0   0x000258d0   0x000000ac   Code   RO         1781    i.nrf_drv_uart_rx_for_uarte  nrf_drv_uart.o
    0x0002597c   0x0002597c   0x000000ac   Code   RO         1783    i.nrf_drv_uart_tx   nrf_drv_uart.o
    0x00025a28   0x00025a28   0x0000008c   Code   RO         1785    i.nrf_drv_uart_tx_for_uart  nrf_drv_uart.o
    0x00025ab4   0x00025ab4   0x00000018   Code   RO         1786    i.nrf_drv_uart_tx_in_progress  nrf_drv_uart.o
    0x00025acc   0x00025acc   0x0000001a   Code   RO         2897    i.nrf_fprintf       nrf_fprintf.o
    0x00025ae6   0x00025ae6   0x00000018   Code   RO         2898    i.nrf_fprintf_buffer_flush  nrf_fprintf.o
    0x00025afe   0x00025afe   0x00000192   Code   RO         2942    i.nrf_fprintf_fmt   nrf_fprintf_format.o
    0x00025c90   0x00025c90   0x00000032   Code   RO          418    i.nrf_gpio_cfg      boards.o
    0x00025cc2   0x00025cc2   0x00000032   Code   RO         1529    i.nrf_gpio_cfg      nrf_drv_gpiote.o
    0x00025cf4   0x00025cf4   0x00000032   Code   RO         1788    i.nrf_gpio_cfg      nrf_drv_uart.o
    0x00025d26   0x00025d26   0x00000002   PAD
    0x00025d28   0x00025d28   0x00000034   Code   RO         2019    i.nrf_gpio_cfg      nrf_drv_spis.o
    0x00025d5c   0x00025d5c   0x00000012   Code   RO         1790    i.nrf_gpio_cfg_input  nrf_drv_uart.o
    0x00025d6e   0x00025d6e   0x00000014   Code   RO         1791    i.nrf_gpio_cfg_output  nrf_drv_uart.o
    0x00025d82   0x00025d82   0x00000002   PAD
    0x00025d84   0x00025d84   0x00000030   Code   RO          538    i.nrf_gpio_cfg_sense_set  bsp.o
    0x00025db4   0x00025db4   0x00000030   Code   RO         1531    i.nrf_gpio_cfg_sense_set  nrf_drv_gpiote.o
    0x00025de4   0x00025de4   0x0000001c   Code   RO          419    i.nrf_gpio_pin_port_decode  boards.o
    0x00025e00   0x00025e00   0x0000001c   Code   RO         1533    i.nrf_gpio_pin_port_decode  nrf_drv_gpiote.o
    0x00025e1c   0x00025e1c   0x0000001c   Code   RO         1792    i.nrf_gpio_pin_port_decode  nrf_drv_uart.o
    0x00025e38   0x00025e38   0x00000016   Code   RO         1534    i.nrf_gpio_pin_read  nrf_drv_gpiote.o
    0x00025e4e   0x00025e4e   0x00000014   Code   RO         1793    i.nrf_gpio_pin_set  nrf_drv_uart.o
    0x00025e62   0x00025e62   0x0000002c   Code   RO          420    i.nrf_gpio_pin_write  boards.o
    0x00025e8e   0x00025e8e   0x00000002   PAD
    0x00025e90   0x00025e90   0x00000028   Code   RO         1536    i.nrf_gpio_ports_read  nrf_drv_gpiote.o
    0x00025eb8   0x00025eb8   0x00000014   Code   RO         1537    i.nrf_gpiote_event_clear  nrf_drv_gpiote.o
    0x00025ecc   0x00025ecc   0x00000014   Code   RO         1538    i.nrf_gpiote_event_is_set  nrf_drv_gpiote.o
    0x00025ee0   0x00025ee0   0x00000030   Code   RO         3398    i.nrf_log_backend_add  nrf_log_frontend.o
    0x00025f10   0x00025f10   0x00000002   Code   RO         3259    i.nrf_log_backend_rtt_flush  nrf_log_backend_rtt.o
    0x00025f12   0x00025f12   0x00000004   Code   RO         3260    i.nrf_log_backend_rtt_init  nrf_log_backend_rtt.o
    0x00025f16   0x00025f16   0x00000002   Code   RO         3261    i.nrf_log_backend_rtt_panic_set  nrf_log_backend_rtt.o
    0x00025f18   0x00025f18   0x00000018   Code   RO         3262    i.nrf_log_backend_rtt_put  nrf_log_backend_rtt.o
    0x00025f30   0x00025f30   0x000000d6   Code   RO         3323    i.nrf_log_backend_serial_put  nrf_log_backend_serial.o
    0x00026006   0x00026006   0x00000002   PAD
    0x00026008   0x00026008   0x00000030   Code   RO         3400    i.nrf_log_color_id_get  nrf_log_frontend.o
    0x00026038   0x00026038   0x0000001c   Code   RO         3357    i.nrf_log_default_backends_init  nrf_log_default_backends.o
    0x00026054   0x00026054   0x0000021c   Code   RO         3401    i.nrf_log_frontend_dequeue  nrf_log_frontend.o
    0x00026270   0x00026270   0x00000008   Code   RO         3403    i.nrf_log_frontend_std_0  nrf_log_frontend.o
    0x00026278   0x00026278   0x0000000e   Code   RO         3404    i.nrf_log_frontend_std_1  nrf_log_frontend.o
    0x00026286   0x00026286   0x00000010   Code   RO         3405    i.nrf_log_frontend_std_2  nrf_log_frontend.o
    0x00026296   0x00026296   0x00000018   Code   RO         3407    i.nrf_log_frontend_std_4  nrf_log_frontend.o
    0x000262ae   0x000262ae   0x0000001e   Code   RO         3408    i.nrf_log_frontend_std_5  nrf_log_frontend.o
    0x000262cc   0x000262cc   0x00000024   Code   RO         3409    i.nrf_log_frontend_std_6  nrf_log_frontend.o
    0x000262f0   0x000262f0   0x000000a8   Code   RO         3589    i.nrf_log_hexdump_entry_process  nrf_log_str_formatter.o
    0x00026398   0x00026398   0x0000005c   Code   RO         3410    i.nrf_log_init      nrf_log_frontend.o
    0x000263f4   0x000263f4   0x00000014   Code   RO         3411    i.nrf_log_module_cnt_get  nrf_log_frontend.o
    0x00026408   0x00026408   0x00000020   Code   RO         3414    i.nrf_log_module_name_get  nrf_log_frontend.o
    0x00026428   0x00026428   0x00000028   Code   RO         3415    i.nrf_log_panic     nrf_log_frontend.o
    0x00026450   0x00026450   0x000000b6   Code   RO         3590    i.nrf_log_std_entry_process  nrf_log_str_formatter.o
    0x00026506   0x00026506   0x00000066   Code   RO         2987    i.nrf_memobj_alloc  nrf_memobj.o
    0x0002656c   0x0002656c   0x00000032   Code   RO         2988    i.nrf_memobj_free   nrf_memobj.o
    0x0002659e   0x0002659e   0x0000000e   Code   RO         2989    i.nrf_memobj_get    nrf_memobj.o
    0x000265ac   0x000265ac   0x00000004   Code   RO         2990    i.nrf_memobj_pool_init  nrf_memobj.o
    0x000265b0   0x000265b0   0x00000022   Code   RO         2991    i.nrf_memobj_put    nrf_memobj.o
    0x000265d2   0x000265d2   0x0000000c   Code   RO         2992    i.nrf_memobj_read   nrf_memobj.o
    0x000265de   0x000265de   0x0000000c   Code   RO         2993    i.nrf_memobj_write  nrf_memobj.o
    0x000265ea   0x000265ea   0x00000002   PAD
    0x000265ec   0x000265ec   0x00000028   Code   RO         3075    i.nrf_pwr_mgmt_init  nrf_pwr_mgmt.o
    0x00026614   0x00026614   0x00000040   Code   RO         3076    i.nrf_pwr_mgmt_run  nrf_pwr_mgmt.o
    0x00026654   0x00026654   0x0000004c   Code   RO         3077    i.nrf_pwr_mgmt_shutdown  nrf_pwr_mgmt.o
    0x000266a0   0x000266a0   0x00000018   Code   RO         4010    i.nrf_sdh_ble_app_ram_start_get  nrf_sdh_ble.o
    0x000266b8   0x000266b8   0x0000013c   Code   RO         4011    i.nrf_sdh_ble_default_cfg_set  nrf_sdh_ble.o
    0x000267f4   0x000267f4   0x000000d4   Code   RO         4012    i.nrf_sdh_ble_enable  nrf_sdh_ble.o
    0x000268c8   0x000268c8   0x0000004c   Code   RO         4013    i.nrf_sdh_ble_evts_poll  nrf_sdh_ble.o
    0x00026914   0x00026914   0x00000058   Code   RO         3894    i.nrf_sdh_enable_request  nrf_sdh.o
    0x0002696c   0x0002696c   0x00000028   Code   RO         3895    i.nrf_sdh_evts_poll  nrf_sdh.o
    0x00026994   0x00026994   0x0000000c   Code   RO         3896    i.nrf_sdh_is_enabled  nrf_sdh.o
    0x000269a0   0x000269a0   0x00000040   Code   RO         4066    i.nrf_sdh_soc_evts_poll  nrf_sdh_soc.o
    0x000269e0   0x000269e0   0x0000000a   Code   RO         3153    i.nrf_section_iter_init  nrf_section_iter.o
    0x000269ea   0x000269ea   0x0000002a   Code   RO         3154    i.nrf_section_iter_item_set  nrf_section_iter.o
    0x00026a14   0x00026a14   0x00000020   Code   RO         3155    i.nrf_section_iter_next  nrf_section_iter.o
    0x00026a34   0x00026a34   0x0000000a   Code   RO         2020    i.nrf_spis_event_check  nrf_drv_spis.o
    0x00026a3e   0x00026a3e   0x0000000c   Code   RO         2021    i.nrf_spis_event_clear  nrf_drv_spis.o
    0x00026a4a   0x00026a4a   0x00000002   PAD
    0x00026a4c   0x00026a4c   0x00000038   Code   RO         3188    i.nrf_strerror_find  nrf_strerror.o
    0x00026a84   0x00026a84   0x00000014   Code   RO         3189    i.nrf_strerror_get  nrf_strerror.o
    0x00026a98   0x00026a98   0x0000000a   Code   RO         1794    i.nrf_uart_event_check  nrf_drv_uart.o
    0x00026aa2   0x00026aa2   0x0000000c   Code   RO         1795    i.nrf_uart_event_clear  nrf_drv_uart.o
    0x00026aae   0x00026aae   0x0000000c   Code   RO         1796    i.nrf_uart_int_enable_check  nrf_drv_uart.o
    0x00026aba   0x00026aba   0x0000000a   Code   RO         1797    i.nrf_uarte_event_check  nrf_drv_uart.o
    0x00026ac4   0x00026ac4   0x0000000c   Code   RO         1798    i.nrf_uarte_event_clear  nrf_drv_uart.o
    0x00026ad0   0x00026ad0   0x00000020   Code   RO           19    i.nus_c_init        main.o
    0x00026af0   0x00026af0   0x0000012c   Code   RO          865    i.on_characteristic_discovery_rsp  ble_db_discovery.o
    0x00026c1c   0x00026c1c   0x00000070   Code   RO         1078    i.on_connected_evt  nrf_ble_gatt.o
    0x00026c8c   0x00026c8c   0x00000048   Code   RO         1079    i.on_data_length_update_evt  nrf_ble_gatt.o
    0x00026cd4   0x00026cd4   0x0000004c   Code   RO         1080    i.on_data_length_update_request_evt  nrf_ble_gatt.o
    0x00026d20   0x00026d20   0x000000ec   Code   RO          866    i.on_descriptor_discovery_rsp  ble_db_discovery.o
    0x00026e0c   0x00026e0c   0x0000001e   Code   RO          867    i.on_disconnected   ble_db_discovery.o
    0x00026e2a   0x00026e2a   0x0000000c   Code   RO         1081    i.on_disconnected_evt  nrf_ble_gatt.o
    0x00026e36   0x00026e36   0x00000002   PAD
    0x00026e38   0x00026e38   0x00000074   Code   RO         1082    i.on_exchange_mtu_request_evt  nrf_ble_gatt.o
    0x00026eac   0x00026eac   0x0000004c   Code   RO         1083    i.on_exchange_mtu_rsp_evt  nrf_ble_gatt.o
    0x00026ef8   0x00026ef8   0x00000032   Code   RO         1195    i.on_hvx            ble_nus_c.o
    0x00026f2a   0x00026f2a   0x00000002   PAD
    0x00026f2c   0x00026f2c   0x00000070   Code   RO          868    i.on_primary_srv_discovery_rsp  ble_db_discovery.o
    0x00026f9c   0x00026f9c   0x00000084   Code   RO          869    i.on_srv_disc_completion  ble_db_discovery.o
    0x00027020   0x00027020   0x00000028   Code   RO          870    i.pending_user_evts_send  ble_db_discovery.o
    0x00027048   0x00027048   0x00000018   Code   RO         1539    i.pin_in_use_by_port  nrf_drv_gpiote.o
    0x00027060   0x00027060   0x00000018   Code   RO         1540    i.pin_in_use_by_te  nrf_drv_gpiote.o
    0x00027078   0x00027078   0x00000044   Code   RO         3591    i.postfix_process   nrf_log_str_formatter.o
    0x000270bc   0x000270bc   0x00000014   Code   RO           20    i.power_init        main.o
    0x000270d0   0x000270d0   0x0000005c   Code   RO         3592    i.prefix_process    nrf_log_str_formatter.o
    0x0002712c   0x0002712c   0x00000010   Code   RO         4014    i.ram_end_address_get  nrf_sdh_ble.o
    0x0002713c   0x0002713c   0x00000038   Code   RO          871    i.registered_handler_get  ble_db_discovery.o
    0x00027174   0x00027174   0x00000038   Code   RO          872    i.registered_handler_set  ble_db_discovery.o
    0x000271ac   0x000271ac   0x00000010   Code   RO         2402    i.rtc1_init         app_timer.o
    0x000271bc   0x000271bc   0x00000034   Code   RO         2403    i.rtc1_start        app_timer.o
    0x000271f0   0x000271f0   0x0000003c   Code   RO         2404    i.rtc1_stop         app_timer.o
    0x0002722c   0x0002722c   0x00000034   Code   RO         1800    i.rx_byte           nrf_drv_uart.o
    0x00027260   0x00027260   0x00000016   Code   RO         1801    i.rx_done_event     nrf_drv_uart.o
    0x00027276   0x00027276   0x00000020   Code   RO         1802    i.rx_enable         nrf_drv_uart.o
    0x00027296   0x00027296   0x00000002   PAD
    0x00027298   0x00027298   0x00000028   Code   RO           21    i.scan_start        main.o
    0x000272c0   0x000272c0   0x00000054   Code   RO         1303    i.sd_state_evt_handler  nrf_drv_clock.o
    0x00027314   0x00027314   0x00000030   Code   RO         3901    i.sdh_request_observer_notify  nrf_sdh.o
    0x00027344   0x00027344   0x0000002c   Code   RO         3902    i.sdh_state_observer_notify  nrf_sdh.o
    0x00027370   0x00027370   0x0000002e   Code   RO         3263    i.serial_tx         nrf_log_backend_rtt.o
    0x0002739e   0x0002739e   0x00000020   Code   RO           22    i.shutdown_handler  main.o
    0x000273be   0x000273be   0x00000002   PAD
    0x000273c0   0x000273c0   0x0000007c   Code   RO         3078    i.shutdown_process  nrf_pwr_mgmt.o
    0x0002743c   0x0002743c   0x0000000a   Code   RO         1304    i.soc_evt_handler   nrf_drv_clock.o
    0x00027446   0x00027446   0x00000002   PAD
    0x00027448   0x00027448   0x00000070   Code   RO         3904    i.softdevices_evt_irq_enable  nrf_sdh.o
    0x000274b8   0x000274b8   0x00000134   Code   RO           23    i.spis_event_handler  main.o
    0x000275ec   0x000275ec   0x00000040   Code   RO           24    i.spis_init         main.o
    0x0002762c   0x0002762c   0x0000007a   Code   RO         2022    i.spis_irq_handler  nrf_drv_spis.o
    0x000276a6   0x000276a6   0x00000006   Code   RO         2023    i.spis_state_change  nrf_drv_spis.o
    0x000276ac   0x000276ac   0x00000070   Code   RO         2024    i.spis_state_entry_action_execute  nrf_drv_spis.o
    0x0002771c   0x0002771c   0x00000026   Code   RO          646    i.startup_event_extract  bsp_btn_ble.o
    0x00027742   0x00027742   0x00000002   PAD
    0x00027744   0x00027744   0x00000090   Code   RO         3417    i.std_n             nrf_log_frontend.o
    0x000277d4   0x000277d4   0x0000006a   Code   RO         2943    i.string_print      nrf_fprintf_format.o
    0x0002783e   0x0002783e   0x00000008   Code   RO         2405    i.timeout_handler_exec  app_timer.o
    0x00027846   0x00027846   0x00000014   Code   RO           25    i.timer_init        main.o
    0x0002785a   0x0002785a   0x00000002   PAD
    0x0002785c   0x0002785c   0x00000044   Code   RO         2406    i.timer_list_handler  app_timer.o
    0x000278a0   0x000278a0   0x00000006   Code   RO         2407    i.timer_list_handler_sched  app_timer.o
    0x000278a6   0x000278a6   0x00000002   PAD
    0x000278a8   0x000278a8   0x00000048   Code   RO         2408    i.timer_list_insert  app_timer.o
    0x000278f0   0x000278f0   0x00000068   Code   RO         2409    i.timer_list_remove  app_timer.o
    0x00027958   0x00027958   0x0000005c   Code   RO         2410    i.timer_start_op_schedule  app_timer.o
    0x000279b4   0x000279b4   0x0000003e   Code   RO         2411    i.timer_stop_op_schedule  app_timer.o
    0x000279f2   0x000279f2   0x00000002   PAD
    0x000279f4   0x000279f4   0x0000007c   Code   RO         2412    i.timer_timeouts_check  app_timer.o
    0x00027a70   0x00027a70   0x00000006   Code   RO         2413    i.timer_timeouts_check_sched  app_timer.o
    0x00027a76   0x00027a76   0x00000022   Code   RO         1803    i.tx_byte           nrf_drv_uart.o
    0x00027a98   0x00027a98   0x0000001a   Code   RO         1804    i.tx_done_event     nrf_drv_uart.o
    0x00027ab2   0x00027ab2   0x00000002   PAD
    0x00027ab4   0x00027ab4   0x00000124   Code   RO           26    i.uart_event_handle  main.o
    0x00027bd8   0x00027bd8   0x000000ac   Code   RO         2596    i.uart_event_handler  app_uart_fifo.o
    0x00027c84   0x00027c84   0x00000044   Code   RO           27    i.uart_init         main.o
    0x00027cc8   0x00027cc8   0x00000126   Code   RO         1805    i.uart_irq_handler  nrf_drv_uart.o
    0x00027dee   0x00027dee   0x000000f8   Code   RO         1806    i.uarte_irq_handler  nrf_drv_uart.o
    0x00027ee6   0x00027ee6   0x00000002   PAD
    0x00027ee8   0x00027ee8   0x000000b0   Code   RO         2944    i.unsigned_print    nrf_fprintf_format.o
    0x00027f98   0x00027f98   0x00000030   Code   RO         2414    i.user_op_alloc     app_timer.o
    0x00027fc8   0x00027fc8   0x0000000c   Code   RO         2415    i.user_op_enque     app_timer.o
    0x00027fd4   0x00027fd4   0x0000004c   Data   RO           29    .constdata          main.o
    0x00028020   0x00028020   0x00000008   Data   RO          421    .constdata          boards.o
    0x00028028   0x00028028   0x0000002c   Data   RO          543    .constdata          bsp.o
    0x00028054   0x00028054   0x0000007c   Data   RO          874    .constdata          ble_db_discovery.o
    0x000280d0   0x000280d0   0x00000016   Data   RO         1084    .constdata          nrf_ble_gatt.o
    0x000280e6   0x000280e6   0x00000002   PAD
    0x000280e8   0x000280e8   0x00000028   Data   RO         1196    .constdata          ble_nus_c.o
    0x00028110   0x00028110   0x00000008   Data   RO         1542    .constdata          nrf_drv_gpiote.o
    0x00028118   0x00028118   0x00000008   Data   RO         2118    .constdata          app_button.o
    0x00028120   0x00028120   0x00000020   Data   RO         2598    .constdata          app_uart_fifo.o
    0x00028140   0x00028140   0x00000010   Data   RO         2945    .constdata          nrf_fprintf_format.o
    0x00028150   0x00028150   0x00000018   Data   RO         3080    .constdata          nrf_pwr_mgmt.o
    0x00028168   0x00028168   0x0000000c   Data   RO         3081    .constdata          nrf_pwr_mgmt.o
    0x00028174   0x00028174   0x00000104   Data   RO         3190    .constdata          nrf_strerror.o
    0x00028278   0x00028278   0x0000000c   Data   RO         3265    .constdata          nrf_log_backend_rtt.o
    0x00028284   0x00028284   0x00000014   Data   RO         3420    .constdata          nrf_log_frontend.o
    0x00028298   0x00028298   0x00000010   Data   RO         3905    .constdata          nrf_sdh.o
    0x000282a8   0x000282a8   0x00000028   Data   RO         3906    .constdata          nrf_sdh.o
    0x000282d0   0x000282d0   0x00000010   Data   RO         3907    .constdata          nrf_sdh.o
    0x000282e0   0x000282e0   0x00000010   Data   RO         3908    .constdata          nrf_sdh.o
    0x000282f0   0x000282f0   0x00000020   Data   RO         4015    .constdata          nrf_sdh_ble.o
    0x00028310   0x00028310   0x00000010   Data   RO         4016    .constdata          nrf_sdh_ble.o
    0x00028320   0x00028320   0x00000010   Data   RO         4067    .constdata          nrf_sdh_soc.o
    0x00028330   0x00028330   0x0000000c   Data   RO         4068    .constdata          nrf_sdh_soc.o
    0x0002833c   0x0002833c   0x00000081   Data   RO         4179    .constdata          mc_w.l(ctype_o.o)
    0x000283bd   0x000283bd   0x00000003   PAD
    0x000283c0   0x000283c0   0x00000004   Data   RO         4180    .constdata          mc_w.l(ctype_o.o)
    0x000283c4   0x000283c4   0x0000012d   Data   RO         1085    .conststring        nrf_ble_gatt.o
    0x000284f1   0x000284f1   0x00000003   PAD
    0x000284f4   0x000284f4   0x00000307   Data   RO         3191    .conststring        nrf_strerror.o
    0x000287fb   0x000287fb   0x00000001   PAD
    0x000287fc   0x000287fc   0x00000066   Data   RO         3593    .conststring        nrf_log_str_formatter.o
    0x00028862   0x00028862   0x00000002   PAD
    0x00028864   0x00028864   0x000001cf   Data   RO         4017    .conststring        nrf_sdh_ble.o
    0x00028a33   0x00028a33   0x00000001   PAD
    0x00028a34   0x00028a34   0x0000000c   Data   RO          875    .conststrlit        ble_db_discovery.o
    0x00028a40   0x00028a40   0x00000009   Data   RO         1086    .conststrlit        nrf_ble_gatt.o
    0x00028a49   0x00028a49   0x00000003   PAD
    0x00028a4c   0x00028a4c   0x00000008   Data   RO         1197    .conststrlit        ble_nus_c.o
    0x00028a54   0x00028a54   0x00000006   Data   RO         1310    .conststrlit        nrf_drv_clock.o
    0x00028a5a   0x00028a5a   0x00000002   PAD
    0x00028a5c   0x00028a5c   0x00000007   Data   RO         1546    .conststrlit        nrf_drv_gpiote.o
    0x00028a63   0x00028a63   0x00000001   PAD
    0x00028a64   0x00028a64   0x00000005   Data   RO         1808    .conststrlit        nrf_drv_uart.o
    0x00028a69   0x00028a69   0x00000003   PAD
    0x00028a6c   0x00028a6c   0x00000005   Data   RO         2028    .conststrlit        nrf_drv_spis.o
    0x00028a71   0x00028a71   0x00000003   PAD
    0x00028a74   0x00028a74   0x00000007   Data   RO         2851    .conststrlit        nrf_balloc.o
    0x00028a7b   0x00028a7b   0x00000001   PAD
    0x00028a7c   0x00028a7c   0x00000009   Data   RO         3082    .conststrlit        nrf_pwr_mgmt.o
    0x00028a85   0x00028a85   0x00000003   PAD
    0x00028a88   0x00028a88   0x00000004   Data   RO         3422    .conststrlit        nrf_log_frontend.o
    0x00028a8c   0x00028a8c   0x00000008   Data   RO         3909    .conststrlit        nrf_sdh.o
    0x00028a94   0x00028a94   0x0000000c   Data   RO         4018    .conststrlit        nrf_sdh_ble.o
    0x00028aa0   0x00028aa0   0x0000000c   Data   RO         4069    .conststrlit        nrf_sdh_soc.o
    0x00028aac   0x00028aac   0x00000020   Data   RO         4268    Region$$Table       anon$$obj.o
    0x00028acc   0x00028acc   0x00000008   Data   RO          877    log_const_data      ble_db_discovery.o
    0x00028ad4   0x00028ad4   0x00000008   Data   RO         1087    log_const_data      nrf_ble_gatt.o
    0x00028adc   0x00028adc   0x00000008   Data   RO         1198    log_const_data      ble_nus_c.o
    0x00028ae4   0x00028ae4   0x00000008   Data   RO         1311    log_const_data      nrf_drv_clock.o
    0x00028aec   0x00028aec   0x00000008   Data   RO         1547    log_const_data      nrf_drv_gpiote.o
    0x00028af4   0x00028af4   0x00000008   Data   RO         1809    log_const_data      nrf_drv_uart.o
    0x00028afc   0x00028afc   0x00000008   Data   RO         2029    log_const_data      nrf_drv_spis.o
    0x00028b04   0x00028b04   0x00000008   Data   RO         2852    log_const_data      nrf_balloc.o
    0x00028b0c   0x00028b0c   0x00000008   Data   RO         3084    log_const_data      nrf_pwr_mgmt.o
    0x00028b14   0x00028b14   0x00000008   Data   RO         3426    log_const_data      nrf_log_frontend.o
    0x00028b1c   0x00028b1c   0x00000008   Data   RO         3911    log_const_data      nrf_sdh.o
    0x00028b24   0x00028b24   0x00000008   Data   RO         4019    log_const_data      nrf_sdh_ble.o
    0x00028b2c   0x00028b2c   0x00000008   Data   RO         4070    log_const_data      nrf_sdh_soc.o
    0x00028b34   0x00028b34   0x00000004   Data   RO           32    pwr_mgmt_data1      main.o
    0x00028b38   0x00028b38   0x00000010   Data   RO           33    sdh_ble_observers1  main.o
    0x00028b48   0x00028b48   0x00000008   Data   RO          648    sdh_ble_observers1  bsp_btn_ble.o
    0x00028b50   0x00028b50   0x00000008   Data   RO           34    sdh_ble_observers2  main.o
    0x00028b58   0x00028b58   0x00000008   Data   RO           35    sdh_ble_observers3  main.o
    0x00028b60   0x00028b60   0x00000008   Data   RO         1313    sdh_soc_observers0  nrf_drv_clock.o
    0x00028b68   0x00028b68   0x00000008   Data   RO         4021    sdh_stack_observers0  nrf_sdh_ble.o
    0x00028b70   0x00028b70   0x00000008   Data   RO         4072    sdh_stack_observers0  nrf_sdh_soc.o
    0x00028b78   0x00028b78   0x00000008   Data   RO         1314    sdh_state_observers0  nrf_drv_clock.o


    Execution Region RW_IRAM1 (Exec base: 0x20002978, Load base: 0x00028b80, Size: 0x00005408, Max: 0x0003d688, ABSOLUTE, COMPRESSED[0x0000004c])

    Exec Addr    Load Addr    Size         Type   Attr      Idx    E Section Name        Object

    0x20002978   COMPRESSED   0x00000300   Data   RW           30    .data               main.o
    0x20002c78   COMPRESSED   0x00000010   Data   RW          544    .data               bsp.o
    0x20002c88   COMPRESSED   0x00000008   Data   RW          647    .data               bsp_btn_ble.o
    0x20002c90   COMPRESSED   0x00000010   Data   RW          876    .data               ble_db_discovery.o
    0x20002ca0   COMPRESSED   0x00000014   Data   RW         2119    .data               app_button.o
    0x20002cb4   COMPRESSED   0x00000014   Data   RW         2417    .data               app_timer.o
    0x20002cc8   COMPRESSED   0x00000010   Data   RW         2599    .data               app_uart_fifo.o
    0x20002cd8   COMPRESSED   0x00000008   Data   RW         3083    .data               nrf_pwr_mgmt.o
    0x20002ce0   COMPRESSED   0x0000000c   Data   RW         3358    .data               nrf_log_default_backends.o
    0x20002cec   COMPRESSED   0x00000008   Data   RW         3424    .data               nrf_log_frontend.o
    0x20002cf4   COMPRESSED   0x00000008   Data   RW         3425    .data               nrf_log_frontend.o
    0x20002cfc   COMPRESSED   0x00000038   Data   RW         3594    .data               nrf_log_str_formatter.o
    0x20002d34   COMPRESSED   0x00000003   Data   RW         3910    .data               nrf_sdh.o
    0x20002d37   COMPRESSED   0x00000001   PAD
    0x20002d38   COMPRESSED   0x00000004   Data   RW         4114    .data               system_nrf52840.o
    0x20002d3c   COMPRESSED   0x00000004   Data   RW         4264    .data               mc_w.l(mvars.o)
    0x20002d40   COMPRESSED   0x00000004   Data   RW         4265    .data               mc_w.l(mvars.o)
    0x20002d44   COMPRESSED   0x0000000c   Data   RW          878    log_dynamic_data    ble_db_discovery.o
    0x20002d50   COMPRESSED   0x0000000c   Data   RW         1088    log_dynamic_data    nrf_ble_gatt.o
    0x20002d5c   COMPRESSED   0x0000000c   Data   RW         1199    log_dynamic_data    ble_nus_c.o
    0x20002d68   COMPRESSED   0x0000000c   Data   RW         1312    log_dynamic_data    nrf_drv_clock.o
    0x20002d74   COMPRESSED   0x0000000c   Data   RW         1548    log_dynamic_data    nrf_drv_gpiote.o
    0x20002d80   COMPRESSED   0x0000000c   Data   RW         1810    log_dynamic_data    nrf_drv_uart.o
    0x20002d8c   COMPRESSED   0x0000000c   Data   RW         2030    log_dynamic_data    nrf_drv_spis.o
    0x20002d98   COMPRESSED   0x0000000c   Data   RW         2853    log_dynamic_data    nrf_balloc.o
    0x20002da4   COMPRESSED   0x0000000c   Data   RW         3085    log_dynamic_data    nrf_pwr_mgmt.o
    0x20002db0   COMPRESSED   0x0000000c   Data   RW         3427    log_dynamic_data    nrf_log_frontend.o
    0x20002dbc   COMPRESSED   0x0000000c   Data   RW         3912    log_dynamic_data    nrf_sdh.o
    0x20002dc8   COMPRESSED   0x0000000c   Data   RW         4020    log_dynamic_data    nrf_sdh_ble.o
    0x20002dd4   COMPRESSED   0x0000000c   Data   RW         4071    log_dynamic_data    nrf_sdh_soc.o
    0x20002de0        -       0x00000258   Zero   RW           28    .bss                main.o
    0x20003038        -       0x00000020   Zero   RW          539    .bss                bsp.o
    0x20003058        -       0x00000020   Zero   RW          540    .bss                bsp.o
    0x20003078        -       0x0000000c   Zero   RW          541    .bss                bsp.o
    0x20003084        -       0x00000020   Zero   RW          542    .bss                bsp.o
    0x200030a4        -       0x00000318   Zero   RW          873    .bss                ble_db_discovery.o
    0x200033bc        -       0x00000014   Zero   RW         1305    .bss                nrf_drv_clock.o
    0x200033d0        -       0x00000068   Zero   RW         1541    .bss                nrf_drv_gpiote.o
    0x20003438        -       0x00000020   Zero   RW         1807    .bss                nrf_drv_uart.o
    0x20003458        -       0x00000018   Zero   RW         2025    .bss                nrf_drv_spis.o
    0x20003470        -       0x00000020   Zero   RW         2117    .bss                app_button.o
    0x20003490        -       0x0000010c   Zero   RW         2416    .bss                app_timer.o
    0x2000359c        -       0x00000020   Zero   RW         2597    .bss                app_uart_fifo.o
    0x200035bc        -       0x0000000c   Zero   RW         2663    .bss                app_util_platform.o
    0x200035c8        -       0x0000000c   Zero   RW         3079    .bss                nrf_pwr_mgmt.o
    0x200035d4        -       0x00000040   Zero   RW         3264    .bss                nrf_log_backend_rtt.o
    0x20003614        -       0x000000c0   Zero   RW         3418    .bss                nrf_log_frontend.o
    0x200036d4        -       0x00000420   Zero   RW         3419    .bss                nrf_log_frontend.o
    0x20003af4        -       0x00000288   Zero   RW         3665    .bss                segger_rtt.o
    0x20003d7c   COMPRESSED   0x00000004   PAD
    0x20003d80        -       0x00002000   Zero   RW         4096    HEAP                arm_startup_nrf52840.o
    0x20005d80        -       0x00002000   Zero   RW         4095    STACK               arm_startup_nrf52840.o


==============================================================================

Image component sizes


      Code (inc. data)   RO Data    RW Data    ZI Data      Debug   Object Name

       348         34          8         20         32      10270   app_button.o
        22          0          0          0          0       2145   app_error.o
       120         40          0          0          0      30445   app_error_weak.o
       122          0          0          0          0       4998   app_fifo.o
      1732        152          0         20        268      52931   app_timer.o
       416         34         32         16         32      10275   app_uart_fifo.o
       116         20          0          0         12       9562   app_util_platform.o
        36          8        512          0      16384        936   arm_startup_nrf52840.o
         0          0          0          0          0        392   ble_advdata.o
      1824         94        144         28        792      28563   ble_db_discovery.o
       604         66         56         12          0      20166   ble_nus_c.o
       406         48          8          0          0      14036   boards.o
      1210         96         44         16        108      15771   bsp.o
       288         12          8          8          0       6068   bsp_btn_ble.o
      3308        754        112        768        600     169356   main.o
       188          0         15         12          0       5085   nrf_balloc.o
       788         60        340         12          0      35823   nrf_ble_gatt.o
       434         50         30         12         20      41815   nrf_drv_clock.o
        56          0          0          0          0      27635   nrf_drv_common.o
      1354         94         23         12        104      32258   nrf_drv_gpiote.o
       822         18         13         12         24      23208   nrf_drv_spis.o
      2330         76         13         12         32      45759   nrf_drv_uart.o
        50          0          0          0          0       3565   nrf_fprintf.o
       886          6         16          0          0       6422   nrf_fprintf_format.o
        78          8         12          0         64       5585   nrf_log_backend_rtt.o
       214          0          0          0          0      10495   nrf_log_backend_serial.o
        28          6          0         12          0       3202   nrf_log_default_backends.o
      1644         98         32         28       1248      35554   nrf_log_frontend.o
       510         66        102         56          0       5464   nrf_log_str_formatter.o
       510          0          0          0          0      13355   nrf_memobj.o
       458         44         53         20         12      51635   nrf_pwr_mgmt.o
       396         54        104         15          0      45321   nrf_sdh.o
       644        166        539         12          0       6651   nrf_sdh_ble.o
        64          6         56         12          0       2796   nrf_sdh_soc.o
        84          0          0          0          0       2804   nrf_section_iter.o
        76         10       1035          0          0       2759   nrf_strerror.o
       400         34          0          0        648       8689   segger_rtt.o
       726         68          0          4          0       6407   system_nrf52840.o

    ----------------------------------------------------------------------
     23356       2222       3364       1120      20384     798201   Object Totals
         0          0         32          0          0          0   (incl. Generated)
        64          0         25          1          4          0   (incl. Padding)

    ----------------------------------------------------------------------

      Code (inc. data)   RO Data    RW Data    ZI Data      Debug   Library Member Name

        86          0          0          0          0          0   __dczerorl2.o
         8          4        133          0          0         68   ctype_o.o
         0          0          0          0          0          0   entry.o
         0          0          0          0          0          0   entry10a.o
         0          0          0          0          0          0   entry11a.o
         8          4          0          0          0          0   entry2.o
         4          0          0          0          0          0   entry5.o
         0          0          0          0          0          0   entry7b.o
         0          0          0          0          0          0   entry8b.o
         8          4          0          0          0          0   entry9a.o
        30          0          0          0          0          0   handlers.o
        36          8          0          0          0         68   init.o
        30          0          0          0          0         68   llshl.o
        32          0          0          0          0         68   llushr.o
       188         20          0          0          0        160   malloc.o
        26          0          0          0          0         80   memcmp.o
        36          0          0          0          0         68   memcpya.o
        36          0          0          0          0        108   memseta.o
         0          0          0          8          0          0   mvars.o
        18          0          0          0          0         68   strcpy.o
        14          0          0          0          0         68   strlen.o
        98          0          0          0          0         92   uldiv.o

    ----------------------------------------------------------------------
       664         40        136          8          0        916   Library Totals
         6          0          3          0          0          0   (incl. Padding)

    ----------------------------------------------------------------------

      Code (inc. data)   RO Data    RW Data    ZI Data      Debug   Library Name

       658         40        133          8          0        916   mc_w.l

    ----------------------------------------------------------------------
       664         40        136          8          0        916   Library Totals

    ----------------------------------------------------------------------

==============================================================================


      Code (inc. data)   RO Data    RW Data    ZI Data      Debug   

     24020       2262       3500       1128      20384     769537   Grand Totals
     24020       2262       3500         76      20384     769537   ELF Image Totals (compressed)
     24020       2262       3500         76          0          0   ROM Totals

==============================================================================

    Total RO  Size (Code + RO Data)                27520 (  26.88kB)
    Total RW  Size (RW Data + ZI Data)             21512 (  21.01kB)
    Total ROM Size (Code + RO Data + RW Data)      27596 (  26.95kB)

==============================================================================

