<html>
<body>
<pre>
<h1>µVision Build Log</h1>
<h2>Tool Versions:</h2>
IDE-Version: µVision V5.27.1.0
Copyright (C) 2019 ARM Ltd and ARM Germany GmbH. All rights reserved.
License Information: Keven Parent, Student, LIC=----
 
Tool Versions:
Toolchain:       MDK-Lite  Version: 5.27.1.0
Toolchain Path:  C:\Keil_v5\ARM\ARMCC\Bin
C Compiler:      Armcc.exe V5.06 update 6 (build 750)
Assembler:       Armasm.exe V5.06 update 6 (build 750)
Linker/Locator:  ArmLink.exe V5.06 update 6 (build 750)
Library Manager: ArmAr.exe V5.06 update 6 (build 750)
Hex Converter:   FromElf.exe V5.06 update 6 (build 750)
CPU DLL:         
Dialog DLL:      
Target DLL:      Segger\JL2CM3.dll V2.99.35.0
Dialog DLL:      TCM.DLL V1.36.1.0
 
<h2>Project:</h2>
C:\Users\Utilisateur\Desktop\nRF5_SDK_14.2.0_17b948a\examples\ble_central\ble_app_uart_c\pca10056\s140\arm5_no_packs\ble_app_uart_c_pca10056_s140.uvprojx
Project File Date:  06/17/2019

<h2>Output:</h2>
*** Using Compiler 'V5.06 update 6 (build 750)', folder: 'C:\Keil_v5\ARM\ARMCC\Bin'
Build target 'nrf52840_xxaa'
compiling main.c...
..\..\..\main.c(77): warning:  #550-D: variable "m_tx_buf_debug"  was set but never used
  static uint8_t       	m_tx_buf_debug[] = TEST_STRING;           							/**< TX buffer for debug. */
..\..\..\main.c(78): warning:  #550-D: variable "m_rx_buf_debug"  was set but never used
  static uint8_t       	m_rx_buf_debug[8];    												/**< RX buffer for debug. */
..\..\..\main.c(79): warning:  #177-D: variable "m_length_tx_debug"  was declared but never referenced
  static const uint8_t 	m_length_tx_debug = sizeof(m_tx_buf_debug);        					/**< Transfer length for debug. */
..\..\..\main.c(80): warning:  #177-D: variable "m_length_rx_debug"  was declared but never referenced
  static const uint8_t 	m_length_rx_debug = sizeof(m_rx_buf_debug) - 1;        				/**< Receive length for debug. */
..\..\..\main.c(95): warning:  #177-D: variable "adv_data"  was declared but never referenced
  static uint8_array_t adv_data;
..\..\..\main.c(98): warning:  #177-D: variable "sampling_frequency"  was declared but never referenced
  static uint8_t sampling_frequency[6]; 							/**< Frequence d'echantillonnage qui sera envoye par BLE au peripherique qui echantillonne */
..\..\..\main.c(567): warning:  #177-D: function "adv_report_parse"  was declared but never referenced
  static uint32_t adv_report_parse(uint8_t type, uint8_array_t * p_advdata, uint8_array_t * p_typedata)
..\..\..\main.c: 7 warnings, 0 errors
linking...
Program Size: Code=24020 RO-data=3500 RW-data=1128 ZI-data=20384  
FromELF: creating hex file...
".\_build\nrf52840_xxaa.axf" - 0 Error(s), 7 Warning(s).

<h2>Software Packages used:</h2>

Package Vendor: ARM
                http://www.keil.com/pack/ARM.CMSIS.4.5.0.pack
                ARM.CMSIS.4.5.0
                CMSIS (Cortex Microcontroller Software Interface Standard)
   * Component: CORE Version: 4.3.0

Package Vendor: NordicSemiconductor
                http://developer.nordicsemi.com/nRF5_SDK/pieces/nRF_DeviceFamilyPack/NordicSemiconductor.nRF_DeviceFamilyPack.8.15.0.pack
                NordicSemiconductor.nRF_DeviceFamilyPack.8.15.0
                Nordic Semiconductor nRF ARM devices Device Family Pack.
   * Component: Startup Version: 8.15.0

<h2>Collection of Component include folders:</h2>
  .\RTE\_nrf52840_xxaa
  C:\Users\Utilisateur\AppData\Local\Arm\Packs\ARM\CMSIS\4.5.0\CMSIS\Include
  C:\Users\Utilisateur\AppData\Local\Arm\Packs\NordicSemiconductor\nRF_DeviceFamilyPack\8.15.0\Device\Include

<h2>Collection of Component Files used:</h2>

   * Component: ARM::CMSIS:CORE:4.3.0

   * Component: NordicSemiconductor::Device:Startup:8.15.0
      Source file:   Device\Source\arm\arm_startup_nrf52840.s
      Source file:   Device\Source\system_nrf52840.c
      Include file:  Device\Include\system_nrf52840.h
Build Time Elapsed:  00:00:02
</pre>
</body>
</html>
